Archive member included to satisfy reference by file (symbol)

D:/STMicroelectronics-installations/STM32CubeIDE_1.16.1/STM32CubeIDE/plugins/com.st.stm32cube.ide.mcu.externaltools.gnu-tools-for-stm32.12.3.rel1.win32_1.1.0.202410251130/tools/bin/../lib/gcc/arm-none-eabi/12.3.1/../../../../arm-none-eabi/lib/thumb/v7e-m+fp/hard\libc_nano.a(libc_a-exit.o)
                              D:/STMicroelectronics-installations/STM32CubeIDE_1.16.1/STM32CubeIDE/plugins/com.st.stm32cube.ide.mcu.externaltools.gnu-tools-for-stm32.12.3.rel1.win32_1.1.0.202410251130/tools/bin/../lib/gcc/arm-none-eabi/12.3.1/../../../../arm-none-eabi/lib/thumb/v7e-m+fp/hard/crt0.o (exit)
D:/STMicroelectronics-installations/STM32CubeIDE_1.16.1/STM32CubeIDE/plugins/com.st.stm32cube.ide.mcu.externaltools.gnu-tools-for-stm32.12.3.rel1.win32_1.1.0.202410251130/tools/bin/../lib/gcc/arm-none-eabi/12.3.1/../../../../arm-none-eabi/lib/thumb/v7e-m+fp/hard\libc_nano.a(libc_a-findfp.o)
                              D:/STMicroelectronics-installations/STM32CubeIDE_1.16.1/STM32CubeIDE/plugins/com.st.stm32cube.ide.mcu.externaltools.gnu-tools-for-stm32.12.3.rel1.win32_1.1.0.202410251130/tools/bin/../lib/gcc/arm-none-eabi/12.3.1/../../../../arm-none-eabi/lib/thumb/v7e-m+fp/hard\libc_nano.a(libc_a-exit.o) (__stdio_exit_handler)
D:/STMicroelectronics-installations/STM32CubeIDE_1.16.1/STM32CubeIDE/plugins/com.st.stm32cube.ide.mcu.externaltools.gnu-tools-for-stm32.12.3.rel1.win32_1.1.0.202410251130/tools/bin/../lib/gcc/arm-none-eabi/12.3.1/../../../../arm-none-eabi/lib/thumb/v7e-m+fp/hard\libc_nano.a(libc_a-fwalk.o)
                              D:/STMicroelectronics-installations/STM32CubeIDE_1.16.1/STM32CubeIDE/plugins/com.st.stm32cube.ide.mcu.externaltools.gnu-tools-for-stm32.12.3.rel1.win32_1.1.0.202410251130/tools/bin/../lib/gcc/arm-none-eabi/12.3.1/../../../../arm-none-eabi/lib/thumb/v7e-m+fp/hard\libc_nano.a(libc_a-findfp.o) (_fwalk_sglue)
D:/STMicroelectronics-installations/STM32CubeIDE_1.16.1/STM32CubeIDE/plugins/com.st.stm32cube.ide.mcu.externaltools.gnu-tools-for-stm32.12.3.rel1.win32_1.1.0.202410251130/tools/bin/../lib/gcc/arm-none-eabi/12.3.1/../../../../arm-none-eabi/lib/thumb/v7e-m+fp/hard\libc_nano.a(libc_a-stdio.o)
                              D:/STMicroelectronics-installations/STM32CubeIDE_1.16.1/STM32CubeIDE/plugins/com.st.stm32cube.ide.mcu.externaltools.gnu-tools-for-stm32.12.3.rel1.win32_1.1.0.202410251130/tools/bin/../lib/gcc/arm-none-eabi/12.3.1/../../../../arm-none-eabi/lib/thumb/v7e-m+fp/hard\libc_nano.a(libc_a-findfp.o) (__sread)
D:/STMicroelectronics-installations/STM32CubeIDE_1.16.1/STM32CubeIDE/plugins/com.st.stm32cube.ide.mcu.externaltools.gnu-tools-for-stm32.12.3.rel1.win32_1.1.0.202410251130/tools/bin/../lib/gcc/arm-none-eabi/12.3.1/../../../../arm-none-eabi/lib/thumb/v7e-m+fp/hard\libc_nano.a(libc_a-memset.o)
                              D:/STMicroelectronics-installations/STM32CubeIDE_1.16.1/STM32CubeIDE/plugins/com.st.stm32cube.ide.mcu.externaltools.gnu-tools-for-stm32.12.3.rel1.win32_1.1.0.202410251130/tools/bin/../lib/gcc/arm-none-eabi/12.3.1/../../../../arm-none-eabi/lib/thumb/v7e-m+fp/hard/crt0.o (memset)
D:/STMicroelectronics-installations/STM32CubeIDE_1.16.1/STM32CubeIDE/plugins/com.st.stm32cube.ide.mcu.externaltools.gnu-tools-for-stm32.12.3.rel1.win32_1.1.0.202410251130/tools/bin/../lib/gcc/arm-none-eabi/12.3.1/../../../../arm-none-eabi/lib/thumb/v7e-m+fp/hard\libc_nano.a(libc_a-closer.o)
                              D:/STMicroelectronics-installations/STM32CubeIDE_1.16.1/STM32CubeIDE/plugins/com.st.stm32cube.ide.mcu.externaltools.gnu-tools-for-stm32.12.3.rel1.win32_1.1.0.202410251130/tools/bin/../lib/gcc/arm-none-eabi/12.3.1/../../../../arm-none-eabi/lib/thumb/v7e-m+fp/hard\libc_nano.a(libc_a-stdio.o) (_close_r)
D:/STMicroelectronics-installations/STM32CubeIDE_1.16.1/STM32CubeIDE/plugins/com.st.stm32cube.ide.mcu.externaltools.gnu-tools-for-stm32.12.3.rel1.win32_1.1.0.202410251130/tools/bin/../lib/gcc/arm-none-eabi/12.3.1/../../../../arm-none-eabi/lib/thumb/v7e-m+fp/hard\libc_nano.a(libc_a-reent.o)
                              D:/STMicroelectronics-installations/STM32CubeIDE_1.16.1/STM32CubeIDE/plugins/com.st.stm32cube.ide.mcu.externaltools.gnu-tools-for-stm32.12.3.rel1.win32_1.1.0.202410251130/tools/bin/../lib/gcc/arm-none-eabi/12.3.1/../../../../arm-none-eabi/lib/thumb/v7e-m+fp/hard\libc_nano.a(libc_a-closer.o) (errno)
D:/STMicroelectronics-installations/STM32CubeIDE_1.16.1/STM32CubeIDE/plugins/com.st.stm32cube.ide.mcu.externaltools.gnu-tools-for-stm32.12.3.rel1.win32_1.1.0.202410251130/tools/bin/../lib/gcc/arm-none-eabi/12.3.1/../../../../arm-none-eabi/lib/thumb/v7e-m+fp/hard\libc_nano.a(libc_a-impure.o)
[...]
Memory Configuration

Name             Origin             Length             Attributes
RAM              0x20000000         0x000a0000         xrw
RAM2             0x10000000         0x00010000         xrw
RAM3             0x20040000         0x00060000         xrw
FLASH            0x08000000         0x00200000         xr
*default*        0x00000000         0xffffffff

Linker script and memory map

LOAD D:/STMicroelectronics-installations/STM32CubeIDE_1.16.1/STM32CubeIDE/plugins/com.st.stm32cube.ide.mcu.externaltools.gnu-tools-for-stm32.12.3.rel1.win32_1.1.0.202410251130/tools/bin/../lib/gcc/arm-none-eabi/12.3.1/thumb/v7e-m+fp/hard/crti.o
LOAD D:/STMicroelectronics-installations/STM32CubeIDE_1.16.1/STM32CubeIDE/plugins/com.st.stm32cube.ide.mcu.externaltools.gnu-tools-for-stm32.12.3.rel1.win32_1.1.0.202410251130/tools/bin/../lib/gcc/arm-none-eabi/12.3.1/thumb/v7e-m+fp/hard/crtbegin.o
LOAD D:/STMicroelectronics-installations/STM32CubeIDE_1.16.1/STM32CubeIDE/plugins/com.st.stm32cube.ide.mcu.externaltools.gnu-tools-for-stm32.12.3.rel1.win32_1.1.0.202410251130/tools/bin/../lib/gcc/arm-none-eabi/12.3.1/../../../../arm-none-eabi/lib/thumb/v7e-m+fp/hard/crt0.o
LOAD ./Core/Src/main.o
LOAD ./Core/Src/stm32l4xx_hal_msp.o
LOAD ./Core/Src/stm32l4xx_it.o
LOAD ./Core/Src/syscalls.o
LOAD ./Core/Src/sysmem.o
LOAD ./Core/Src/system_stm32l4xx.o
LOAD ./Core/Startup/startup_stm32l4s5vitx.o
LOAD ./Drivers/STM32L4xx_HAL_Driver/Src/stm32l4xx_hal.o
LOAD ./Drivers/STM32L4xx_HAL_Driver/Src/stm32l4xx_hal_adc.o
LOAD ./Drivers/STM32L4xx_HAL_Driver/Src/stm32l4xx_hal_adc_ex.o
LOAD ./Drivers/STM32L4xx_HAL_Driver/Src/stm32l4xx_hal_cortex.o
LOAD ./Drivers/STM32L4xx_HAL_Driver/Src/stm32l4xx_hal_dfsdm.o
LOAD ./Drivers/STM32L4xx_HAL_Driver/Src/stm32l4xx_hal_dfsdm_ex.o
LOAD ./Drivers/STM32L4xx_HAL_Driver/Src/stm32l4xx_hal_dma.o
LOAD ./Drivers/STM32L4xx_HAL_Driver/Src/stm32l4xx_hal_dma_ex.o
LOAD ./Drivers/STM32L4xx_HAL_Driver/Src/stm32l4xx_hal_exti.o
LOAD ./Drivers/STM32L4xx_HAL_Driver/Src/stm32l4xx_hal_flash.o
LOAD ./Drivers/STM32L4xx_HAL_Driver/Src/stm32l4xx_hal_flash_ex.o
LOAD ./Drivers/STM32L4xx_HAL_Driver/Src/stm32l4xx_hal_flash_ramfunc.o
LOAD ./Drivers/STM32L4xx_HAL_Driver/Src/stm32l4xx_hal_gpio.o
LOAD ./Drivers/STM32L4xx_HAL_Driver/Src/stm32l4xx_hal_i2c.o
LOAD ./Drivers/STM32L4xx_HAL_Driver/Src/stm32l4xx_hal_i2c_ex.o
LOAD ./Drivers/STM32L4xx_HAL_Driver/Src/stm32l4xx_hal_ospi.o
LOAD ./Drivers/STM32L4xx_HAL_Driver/Src/stm32l4xx_hal_pwr.o
LOAD ./Drivers/STM32L4xx_HAL_Driver/Src/stm32l4xx_hal_pwr_ex.o
LOAD ./Drivers/STM32L4xx_HAL_Driver/Src/stm32l4xx_hal_rcc.o
LOAD ./Drivers/STM32L4xx_HAL_Driver/Src/stm32l4xx_hal_rcc_ex.o
LOAD ./Drivers/STM32L4xx_HAL_Driver/Src/stm32l4xx_hal_spi.o
LOAD ./Drivers/STM32L4xx_HAL_Driver/Src/stm32l4xx_hal_spi_ex.o
LOAD ./Drivers/STM32L4xx_HAL_Driver/Src/stm32l4xx_hal_uart.o
LOAD ./Drivers/STM32L4xx_HAL_Driver/Src/stm32l4xx_hal_uart_ex.o
START GROUP
LOAD D:/STMicroelectronics-installations/STM32CubeIDE_1.16.1/STM32CubeIDE/plugins/com.st.stm32cube.ide.mcu.externaltools.gnu-tools-for-stm32.12.3.rel1.win32_1.1.0.202410251130/tools/bin/../lib/gcc/arm-none-eabi/12.3.1/../../../../arm-none-eabi/lib/thumb/v7e-m+fp/hard\libc_nano.a
LOAD D:/STMicroelectronics-installations/STM32CubeIDE_1.16.1/STM32CubeIDE/plugins/com.st.stm32cube.ide.mcu.externaltools.gnu-tools-for-stm32.12.3.rel1.win32_1.1.0.202410251130/tools/bin/../lib/gcc/arm-none-eabi/12.3.1/../../../../arm-none-eabi/lib/thumb/v7e-m+fp/hard\libm.a
END GROUP
START GROUP
LOAD D:/STMicroelectronics-installations/STM32CubeIDE_1.16.1/STM32CubeIDE/plugins/com.st.stm32cube.ide.mcu.externaltools.gnu-tools-for-stm32.12.3.rel1.win32_1.1.0.202410251130/tools/bin/../lib/gcc/arm-none-eabi/12.3.1/thumb/v7e-m+fp/hard\libgcc.a
LOAD D:/STMicroelectronics-installations/STM32CubeIDE_1.16.1/STM32CubeIDE/plugins/com.st.stm32cube.ide.mcu.externaltools.gnu-tools-for-stm32.12.3.rel1.win32_1.1.0.202410251130/tools/bin/../lib/gcc/arm-none-eabi/12.3.1/../../../../arm-none-eabi/lib/thumb/v7e-m+fp/hard\libc_nano.a
END GROUP
START GROUP
LOAD D:/STMicroelectronics-installations/STM32CubeIDE_1.16.1/STM32CubeIDE/plugins/com.st.stm32cube.ide.mcu.externaltools.gnu-tools-for-stm32.12.3.rel1.win32_1.1.0.202410251130/tools/bin/../lib/gcc/arm-none-eabi/12.3.1/thumb/v7e-m+fp/hard\libgcc.a
LOAD D:/STMicroelectronics-installations/STM32CubeIDE_1.16.1/STM32CubeIDE/plugins/com.st.stm32cube.ide.mcu.externaltools.gnu-tools-for-stm32.12.3.rel1.win32_1.1.0.202410251130/tools/bin/../lib/gcc/arm-none-eabi/12.3.1/../../../../arm-none-eabi/lib/thumb/v7e-m+fp/hard\libc_nano.a
LOAD D:/STMicroelectronics-installations/STM32CubeIDE_1.16.1/STM32CubeIDE/plugins/com.st.stm32cube.ide.mcu.externaltools.gnu-tools-for-stm32.12.3.rel1.win32_1.1.0.202410251130/tools/bin/../lib/gcc/arm-none-eabi/12.3.1/../../../../arm-none-eabi/lib/thumb/v7e-m+fp/hard\libnosys.a
END GROUP
START GROUP
LOAD D:/STMicroelectronics-installations/STM32CubeIDE_1.16.1/STM32CubeIDE/plugins/com.st.stm32cube.ide.mcu.externaltools.gnu-tools-for-stm32.12.3.rel1.win32_1.1.0.202410251130/tools/bin/../lib/gcc/arm-none-eabi/12.3.1/thumb/v7e-m+fp/hard\libgcc.a
LOAD D:/STMicroelectronics-installations/STM32CubeIDE_1.16.1/STM32CubeIDE/plugins/com.st.stm32cube.ide.mcu.externaltools.gnu-tools-for-stm32.12.3.rel1.win32_1.1.0.202410251130/tools/bin/../lib/gcc/arm-none-eabi/12.3.1/../../../../arm-none-eabi/lib/thumb/v7e-m+fp/hard\libc_nano.a
LOAD D:/STMicroelectronics-installations/STM32CubeIDE_1.16.1/STM32CubeIDE/plugins/com.st.stm32cube.ide.mcu.externaltools.gnu-tools-for-stm32.12.3.rel1.win32_1.1.0.202410251130/tools/bin/../lib/gcc/arm-none-eabi/12.3.1/../../../../arm-none-eabi/lib/thumb/v7e-m+fp/hard\libnosys.a
END GROUP
LOAD D:/STMicroelectronics-installations/STM32CubeIDE_1.16.1/STM32CubeIDE/plugins/com.st.stm32cube.ide.mcu.externaltools.gnu-tools-for-stm32.12.3.rel1.win32_1.1.0.202410251130/tools/bin/../lib/gcc/arm-none-eabi/12.3.1/thumb/v7e-m+fp/hard/crtend.o
LOAD D:/STMicroelectronics-installations/STM32CubeIDE_1.16.1/STM32CubeIDE/plugins/com.st.stm32cube.ide.mcu.externaltools.gnu-tools-for-stm32.12.3.rel1.win32_1.1.0.202410251130/tools/bin/../lib/gcc/arm-none-eabi/12.3.1/thumb/v7e-m+fp/hard/crtn.o
                0x200a0000                        _estack = (ORIGIN (RAM) + LENGTH (RAM))
                0x00000200                        _Min_Heap_Size = 0x200
                0x00000400                        _Min_Stack_Size = 0x400

.isr_vector     0x08000000      0x1bc
                0x08000000                        . = ALIGN (0x4)
 *(.isr_vector)
 .isr_vector    0x08000000      0x1bc ./Core/Startup/startup_stm32l4s5vitx.o
                0x08000000                g_pfnVectors
                0x080001bc                        . = ALIGN (0x4)

.text           0x080001bc     0x6084
                0x080001bc                        . = ALIGN (0x4)
 *(.text)
 .text          0x080001bc       0x40 D:/STMicroelectronics-installations/STM32CubeIDE_1.16.1/STM32CubeIDE/plugins/com.st.stm32cube.ide.mcu.externaltools.gnu-tools-for-stm32.12.3.rel1.win32_1.1.0.202410251130/tools/bin/../lib/gcc/arm-none-eabi/12.3.1/thumb/v7e-m+fp/hard/crtbegin.o
 .text          0x080001fc       0x30 D:/STMicroelectronics-installations/STM32CubeIDE_1.16.1/STM32CubeIDE/plugins/com.st.stm32cube.ide.mcu.externaltools.gnu-tools-for-stm32.12.3.rel1.win32_1.1.0.202410251130/tools/bin/../lib/gcc/arm-none-eabi/12.3.1/thumb/v7e-m+fp/hard\libgcc.a(_aeabi_uldivmod.o)
                0x080001fc                __aeabi_uldivmod
 .text          0x0800022c      0x2bc D:/STMicroelectronics-installations/STM32CubeIDE_1.16.1/STM32CubeIDE/plugins/com.st.stm32cube.ide.mcu.externaltools.gnu-tools-for-stm32.12.3.rel1.win32_1.1.0.202410251130/tools/bin/../lib/gcc/arm-none-eabi/12.3.1/thumb/v7e-m+fp/hard\libgcc.a(_udivmoddi4.o)
                0x0800022c                __udivmoddi4
 .text          0x080004e8        0x4 D:/STMicroelectronics-installations/STM32CubeIDE_1.16.1/STM32CubeIDE/plugins/com.st.stm32cube.ide.mcu.externaltools.gnu-tools-for-stm32.12.3.rel1.win32_1.1.0.202410251130/tools/bin/../lib/gcc/arm-none-eabi/12.3.1/thumb/v7e-m+fp/hard\libgcc.a(_dvmd_tls.o)
                0x080004e8                __aeabi_idiv0
                0x080004e8                __aeabi_ldiv0
 *(.text*)
 .text.main     0x080004ec       0x48 ./Core/Src/main.o
                0x080004ec                main
 .text.SystemClock_Config
                0x08000534       0xc4 ./Core/Src/main.o
                0x08000534                SystemClock_Config
 .text.PeriphCommonClock_Config
                0x080005f8       0x5e ./Core/Src/main.o
                0x080005f8                PeriphCommonClock_Config
 *fill*         0x08000656        0x2 
 .text.MX_ADC1_Init
                0x08000658       0xc8 ./Core/Src/main.o
 .text.MX_DFSDM1_Init
                0x08000720       0x70 ./Core/Src/main.o
 .text.MX_I2C1_Init
                0x08000790       0x80 ./Core/Src/main.o
 .text.MX_I2C2_Init
                0x08000810       0x80 ./Core/Src/main.o
 .text.MX_OCTOSPI1_Init
                0x08000890       0xac ./Core/Src/main.o
 .text.MX_SPI1_Init
                0x0800093c       0x7c ./Core/Src/main.o
 .text.MX_SPI3_Init
                0x080009b8       0x7c ./Core/Src/main.o
 .text.MX_UART4_Init
                0x08000a34       0x98 ./Core/Src/main.o
 .text.MX_USART1_UART_Init
                0x08000acc       0x98 ./Core/Src/main.o
 .text.MX_USART2_UART_Init
                0x08000b64       0x9c ./Core/Src/main.o
 .text.MX_USART3_UART_Init
                0x08000c00       0x98 ./Core/Src/main.o
 .text.MX_USB_OTG_FS_USB_Init
                0x08000c98        0xe ./Core/Src/main.o
 *fill*         0x08000ca6        0x2 
 .text.MX_GPIO_Init
                0x08000ca8      0x2a0 ./Core/Src/main.o
 .text.Error_Handler
                0x08000f48        0xc ./Core/Src/main.o
                0x08000f48                Error_Handler
 .text.HAL_MspInit
                0x08000f54       0x48 ./Core/Src/stm32l4xx_hal_msp.o
                0x08000f54                HAL_MspInit
 .text.HAL_ADC_MspInit
                0x08000f9c       0x80 ./Core/Src/stm32l4xx_hal_msp.o
                0x08000f9c                HAL_ADC_MspInit
 .text.HAL_DFSDM_ChannelMspInit
                0x0800101c       0xc8 ./Core/Src/stm32l4xx_hal_msp.o
                0x0800101c                HAL_DFSDM_ChannelMspInit
 .text.HAL_I2C_MspInit
                0x080010e4      0x144 ./Core/Src/stm32l4xx_hal_msp.o
                0x080010e4                HAL_I2C_MspInit
 .text.HAL_OSPI_MspInit
                0x08001228       0xd8 ./Core/Src/stm32l4xx_hal_msp.o
                0x08001228                HAL_OSPI_MspInit
 .text.HAL_SPI_MspInit
                0x08001300       0xec ./Core/Src/stm32l4xx_hal_msp.o
                0x08001300                HAL_SPI_MspInit
 .text.HAL_UART_MspInit
                0x080013ec      0x254 ./Core/Src/stm32l4xx_hal_msp.o
                0x080013ec                HAL_UART_MspInit
 .text.NMI_Handler
                0x08001640        0x8 ./Core/Src/stm32l4xx_it.o
                0x08001640                NMI_Handler
 .text.HardFault_Handler
                0x08001648        0x8 ./Core/Src/stm32l4xx_it.o
                0x08001648                HardFault_Handler
 .text.MemManage_Handler
                0x08001650        0x8 ./Core/Src/stm32l4xx_it.o
                0x08001650                MemManage_Handler
 .text.BusFault_Handler
                0x08001658        0x8 ./Core/Src/stm32l4xx_it.o
                0x08001658                BusFault_Handler
 .text.UsageFault_Handler
                0x08001660        0x8 ./Core/Src/stm32l4xx_it.o
                0x08001660                UsageFault_Handler
 .text.SVC_Handler
                0x08001668        0xe ./Core/Src/stm32l4xx_it.o
                0x08001668                SVC_Handler
 .text.DebugMon_Handler
                0x08001676        0xe ./Core/Src/stm32l4xx_it.o
                0x08001676                DebugMon_Handler
 .text.PendSV_Handler
                0x08001684        0xe ./Core/Src/stm32l4xx_it.o
                0x08001684                PendSV_Handler
 .text.SysTick_Handler
                0x08001692        0xc ./Core/Src/stm32l4xx_it.o
                0x08001692                SysTick_Handler
 .text.EXTI9_5_IRQHandler
                0x0800169e       0x22 ./Core/Src/stm32l4xx_it.o
                0x0800169e                EXTI9_5_IRQHandler
 .text.EXTI15_10_IRQHandler
                0x080016c0       0x30 ./Core/Src/stm32l4xx_it.o
                0x080016c0                EXTI15_10_IRQHandler
 .text.SystemInit
                0x080016f0       0x24 ./Core/Src/system_stm32l4xx.o
                0x080016f0                SystemInit
 .text.Reset_Handler
                0x08001714       0x50 ./Core/Startup/startup_stm32l4s5vitx.o
                0x08001714                Reset_Handler
 .text.Default_Handler
                0x08001764        0x2 ./Core/Startup/startup_stm32l4s5vitx.o
                0x08001764                RTC_Alarm_IRQHandler
                0x08001764                EXTI2_IRQHandler
                0x08001764                TIM8_TRG_COM_IRQHandler
                0x08001764                TIM8_CC_IRQHandler
                0x08001764                TIM1_CC_IRQHandler
                0x08001764                TSC_IRQHandler
                0x08001764                TAMP_STAMP_IRQHandler
                0x08001764                EXTI3_IRQHandler
                0x08001764                LPTIM2_IRQHandler
                0x08001764                DFSDM1_FLT1_IRQHandler
                0x08001764                GFXMMU_IRQHandler
                0x08001764                I2C3_ER_IRQHandler
                0x08001764                DFSDM1_FLT2_IRQHandler
                0x08001764                EXTI0_IRQHandler
                0x08001764                I2C2_EV_IRQHandler
                0x08001764                CAN1_RX0_IRQHandler
                0x08001764                FPU_IRQHandler
                0x08001764                TIM1_UP_TIM16_IRQHandler
                0x08001764                LTDC_ER_IRQHandler
                0x08001764                SPI1_IRQHandler
                0x08001764                OCTOSPI1_IRQHandler
                0x08001764                TIM6_DAC_IRQHandler
                0x08001764                DCMI_IRQHandler
                0x08001764                TIM8_UP_IRQHandler
                0x08001764                OCTOSPI2_IRQHandler
                0x08001764                DMA2_Channel2_IRQHandler
                0x08001764                DMA1_Channel4_IRQHandler
                0x08001764                SAI2_IRQHandler
                0x08001764                ADC1_IRQHandler
                0x08001764                DFSDM1_FLT3_IRQHandler
                0x08001764                USART3_IRQHandler
                0x08001764                DMA1_Channel7_IRQHandler
                0x08001764                CAN1_RX1_IRQHandler
                0x08001764                UART5_IRQHandler
                0x08001764                TIM4_IRQHandler
                0x08001764                DMA2_Channel1_IRQHandler
                0x08001764                I2C1_EV_IRQHandler
                0x08001764                DMAMUX1_OVR_IRQHandler
                0x08001764                DMA1_Channel6_IRQHandler
                0x08001764                UART4_IRQHandler
                0x08001764                DMA2_Channel4_IRQHandler
                0x08001764                TIM3_IRQHandler
                0x08001764                RCC_IRQHandler
                0x08001764                DMA1_Channel1_IRQHandler
                0x08001764                Default_Handler
                0x08001764                DMA2_Channel7_IRQHandler
                0x08001764                TIM7_IRQHandler
                0x08001764                SDMMC1_IRQHandler
                0x08001764                TIM5_IRQHandler
                0x08001764                I2C3_EV_IRQHandler
                0x08001764                RTC_WKUP_IRQHandler
                0x08001764                LTDC_IRQHandler
                0x08001764                PVD_PVM_IRQHandler
                0x08001764                SPI2_IRQHandler
                0x08001764                CAN1_TX_IRQHandler
                0x08001764                DMA2_Channel5_IRQHandler
                0x08001764                DMA1_Channel5_IRQHandler
                0x08001764                EXTI4_IRQHandler
                0x08001764                RNG_IRQHandler
                0x08001764                TIM1_TRG_COM_TIM17_IRQHandler
                0x08001764                DMA1_Channel3_IRQHandler
                0x08001764                COMP_IRQHandler
                0x08001764                HASH_CRS_IRQHandler
                0x08001764                WWDG_IRQHandler
                0x08001764                I2C4_EV_IRQHandler
                0x08001764                LPUART1_IRQHandler
                0x08001764                DMA2_Channel6_IRQHandler
                0x08001764                TIM2_IRQHandler
                0x08001764                DMA2D_IRQHandler
                0x08001764                EXTI1_IRQHandler
                0x08001764                AES_IRQHandler
                0x08001764                USART2_IRQHandler
                0x08001764                DFSDM1_FLT0_IRQHandler
                0x08001764                I2C2_ER_IRQHandler
                0x08001764                DMA1_Channel2_IRQHandler
                0x08001764                TIM8_BRK_IRQHandler
                0x08001764                CAN1_SCE_IRQHandler
                0x08001764                FLASH_IRQHandler
                0x08001764                USART1_IRQHandler
                0x08001764                OTG_FS_IRQHandler
                0x08001764                SPI3_IRQHandler
                0x08001764                I2C1_ER_IRQHandler
                0x08001764                FMC_IRQHandler
                0x08001764                LPTIM1_IRQHandler
                0x08001764                I2C4_ER_IRQHandler
                0x08001764                SAI1_IRQHandler
                0x08001764                DMA2_Channel3_IRQHandler
                0x08001764                TIM1_BRK_TIM15_IRQHandler
 .text.HAL_Init
                0x08001766       0x30 ./Drivers/STM32L4xx_HAL_Driver/Src/stm32l4xx_hal.o
                0x08001766                HAL_Init
 *fill*         0x08001796        0x2 
 .text.HAL_InitTick
                0x08001798       0x78 ./Drivers/STM32L4xx_HAL_Driver/Src/stm32l4xx_hal.o
                0x08001798                HAL_InitTick
 .text.HAL_IncTick
                0x08001810       0x28 ./Drivers/STM32L4xx_HAL_Driver/Src/stm32l4xx_hal.o
                0x08001810                HAL_IncTick
 .text.HAL_GetTick
                0x08001838       0x18 ./Drivers/STM32L4xx_HAL_Driver/Src/stm32l4xx_hal.o
                0x08001838                HAL_GetTick
 .text.LL_ADC_SetCommonClock
                0x08001850       0x26 ./Drivers/STM32L4xx_HAL_Driver/Src/stm32l4xx_hal_adc.o
 .text.LL_ADC_SetCommonPathInternalCh
                0x08001876       0x26 ./Drivers/STM32L4xx_HAL_Driver/Src/stm32l4xx_hal_adc.o
 .text.LL_ADC_GetCommonPathInternalCh
                0x0800189c       0x1c ./Drivers/STM32L4xx_HAL_Driver/Src/stm32l4xx_hal_adc.o
 .text.LL_ADC_SetOffset
                0x080018b8       0x48 ./Drivers/STM32L4xx_HAL_Driver/Src/stm32l4xx_hal_adc.o
 .text.LL_ADC_GetOffsetChannel
                0x08001900       0x2c ./Drivers/STM32L4xx_HAL_Driver/Src/stm32l4xx_hal_adc.o
 .text.LL_ADC_SetOffsetState
                0x0800192c       0x36 ./Drivers/STM32L4xx_HAL_Driver/Src/stm32l4xx_hal_adc.o
 .text.LL_ADC_SetSamplingTimeCommonConfig
                0x08001962       0x26 ./Drivers/STM32L4xx_HAL_Driver/Src/stm32l4xx_hal_adc.o
 .text.LL_ADC_REG_SetSequencerRanks
                0x08001988       0x58 ./Drivers/STM32L4xx_HAL_Driver/Src/stm32l4xx_hal_adc.o
 .text.LL_ADC_SetChannelSamplingTime
                0x080019e0       0x56 ./Drivers/STM32L4xx_HAL_Driver/Src/stm32l4xx_hal_adc.o
 *fill*         0x08001a36        0x2 
 .text.LL_ADC_SetChannelSingleDiff
                0x08001a38       0x48 ./Drivers/STM32L4xx_HAL_Driver/Src/stm32l4xx_hal_adc.o
 .text.LL_ADC_DisableDeepPowerDown
                0x08001a80       0x24 ./Drivers/STM32L4xx_HAL_Driver/Src/stm32l4xx_hal_adc.o
 .text.LL_ADC_IsDeepPowerDownEnabled
                0x08001aa4       0x28 ./Drivers/STM32L4xx_HAL_Driver/Src/stm32l4xx_hal_adc.o
 .text.LL_ADC_EnableInternalRegulator
                0x08001acc       0x28 ./Drivers/STM32L4xx_HAL_Driver/Src/stm32l4xx_hal_adc.o
 .text.LL_ADC_IsInternalRegulatorEnabled
                0x08001af4       0x28 ./Drivers/STM32L4xx_HAL_Driver/Src/stm32l4xx_hal_adc.o
 .text.LL_ADC_IsEnabled
                0x08001b1c       0x26 ./Drivers/STM32L4xx_HAL_Driver/Src/stm32l4xx_hal_adc.o
 .text.LL_ADC_REG_IsConversionOngoing
                0x08001b42       0x26 ./Drivers/STM32L4xx_HAL_Driver/Src/stm32l4xx_hal_adc.o
 .text.LL_ADC_INJ_IsConversionOngoing
                0x08001b68       0x26 ./Drivers/STM32L4xx_HAL_Driver/Src/stm32l4xx_hal_adc.o
 *fill*         0x08001b8e        0x2 
 .text.HAL_ADC_Init
                0x08001b90      0x28c ./Drivers/STM32L4xx_HAL_Driver/Src/stm32l4xx_hal_adc.o
                0x08001b90                HAL_ADC_Init
 .text.HAL_ADC_ConfigChannel
                0x08001e1c      0x7f8 ./Drivers/STM32L4xx_HAL_Driver/Src/stm32l4xx_hal_adc.o
                0x08001e1c                HAL_ADC_ConfigChannel
 .text.__NVIC_SetPriorityGrouping
                0x08002614       0x48 ./Drivers/STM32L4xx_HAL_Driver/Src/stm32l4xx_hal_cortex.o
 .text.__NVIC_GetPriorityGrouping
                0x0800265c       0x1c ./Drivers/STM32L4xx_HAL_Driver/Src/stm32l4xx_hal_cortex.o
 .text.__NVIC_EnableIRQ
                0x08002678       0x3c ./Drivers/STM32L4xx_HAL_Driver/Src/stm32l4xx_hal_cortex.o
 .text.__NVIC_SetPriority
                0x080026b4       0x54 ./Drivers/STM32L4xx_HAL_Driver/Src/stm32l4xx_hal_cortex.o
 .text.NVIC_EncodePriority
                0x08002708       0x66 ./Drivers/STM32L4xx_HAL_Driver/Src/stm32l4xx_hal_cortex.o
 *fill*         0x0800276e        0x2 
 .text.SysTick_Config
                0x08002770       0x44 ./Drivers/STM32L4xx_HAL_Driver/Src/stm32l4xx_hal_cortex.o
 .text.HAL_NVIC_SetPriorityGrouping
                0x080027b4       0x16 ./Drivers/STM32L4xx_HAL_Driver/Src/stm32l4xx_hal_cortex.o
                0x080027b4                HAL_NVIC_SetPriorityGrouping
 .text.HAL_NVIC_SetPriority
                0x080027ca       0x38 ./Drivers/STM32L4xx_HAL_Driver/Src/stm32l4xx_hal_cortex.o
                0x080027ca                HAL_NVIC_SetPriority
 .text.HAL_NVIC_EnableIRQ
                0x08002802       0x1c ./Drivers/STM32L4xx_HAL_Driver/Src/stm32l4xx_hal_cortex.o
                0x08002802                HAL_NVIC_EnableIRQ
 .text.HAL_SYSTICK_Config
                0x0800281e       0x18 ./Drivers/STM32L4xx_HAL_Driver/Src/stm32l4xx_hal_cortex.o
                0x0800281e                HAL_SYSTICK_Config
 *fill*         0x08002836        0x2 
 .text.HAL_DFSDM_ChannelInit
                0x08002838      0x180 ./Drivers/STM32L4xx_HAL_Driver/Src/stm32l4xx_hal_dfsdm.o
                0x08002838                HAL_DFSDM_ChannelInit
 .text.DFSDM_GetChannelFromInstance
                0x080029b8       0x98 ./Drivers/STM32L4xx_HAL_Driver/Src/stm32l4xx_hal_dfsdm.o
 .text.HAL_GPIO_Init
                0x08002a50      0x324 ./Drivers/STM32L4xx_HAL_Driver/Src/stm32l4xx_hal_gpio.o
                0x08002a50                HAL_GPIO_Init
 .text.HAL_GPIO_WritePin
                0x08002d74       0x30 ./Drivers/STM32L4xx_HAL_Driver/Src/stm32l4xx_hal_gpio.o
                0x08002d74                HAL_GPIO_WritePin
 .text.HAL_GPIO_EXTI_IRQHandler
                0x08002da4       0x30 ./Drivers/STM32L4xx_HAL_Driver/Src/stm32l4xx_hal_gpio.o
                0x08002da4                HAL_GPIO_EXTI_IRQHandler
 .text.HAL_GPIO_EXTI_Callback
                0x08002dd4       0x16 ./Drivers/STM32L4xx_HAL_Driver/Src/stm32l4xx_hal_gpio.o
                0x08002dd4                HAL_GPIO_EXTI_Callback
 .text.HAL_I2C_Init
                0x08002dea      0x136 ./Drivers/STM32L4xx_HAL_Driver/Src/stm32l4xx_hal_i2c.o
                0x08002dea                HAL_I2C_Init
 .text.HAL_I2CEx_ConfigAnalogFilter
                0x08002f20       0x96 ./Drivers/STM32L4xx_HAL_Driver/Src/stm32l4xx_hal_i2c_ex.o
                0x08002f20                HAL_I2CEx_ConfigAnalogFilter
 .text.HAL_I2CEx_ConfigDigitalFilter
                0x08002fb6       0x98 ./Drivers/STM32L4xx_HAL_Driver/Src/stm32l4xx_hal_i2c_ex.o
                0x08002fb6                HAL_I2CEx_ConfigDigitalFilter
 *fill*         0x0800304e        0x2 
 .text.HAL_OSPI_Init
                0x08003050      0x154 ./Drivers/STM32L4xx_HAL_Driver/Src/stm32l4xx_hal_ospi.o
                0x08003050                HAL_OSPI_Init
 .text.HAL_OSPI_SetTimeout
                0x080031a4       0x1e ./Drivers/STM32L4xx_HAL_Driver/Src/stm32l4xx_hal_ospi.o
                0x080031a4                HAL_OSPI_SetTimeout
 *fill*         0x080031c2        0x2 
 .text.HAL_OSPIM_Config
                0x080031c4      0x670 ./Drivers/STM32L4xx_HAL_Driver/Src/stm32l4xx_hal_ospi.o
                0x080031c4                HAL_OSPIM_Config
 .text.OSPI_WaitFlagStateUntilTimeout
                0x08003834       0x6e ./Drivers/STM32L4xx_HAL_Driver/Src/stm32l4xx_hal_ospi.o
 *fill*         0x080038a2        0x2 
 .text.OSPIM_GetConfig
                0x080038a4      0x160 ./Drivers/STM32L4xx_HAL_Driver/Src/stm32l4xx_hal_ospi.o
 .text.HAL_PWR_EnableBkUpAccess
                0x08003a04       0x20 ./Drivers/STM32L4xx_HAL_Driver/Src/stm32l4xx_hal_pwr.o
                0x08003a04                HAL_PWR_EnableBkUpAccess
 .text.HAL_PWREx_GetVoltageRange
                0x08003a24       0x40 ./Drivers/STM32L4xx_HAL_Driver/Src/stm32l4xx_hal_pwr_ex.o
                0x08003a24                HAL_PWREx_GetVoltageRange
 .text.HAL_PWREx_ControlVoltageScaling
                0x08003a64      0x148 ./Drivers/STM32L4xx_HAL_Driver/Src/stm32l4xx_hal_pwr_ex.o
                0x08003a64                HAL_PWREx_ControlVoltageScaling
 .text.HAL_RCC_OscConfig
                0x08003bac      0x834 ./Drivers/STM32L4xx_HAL_Driver/Src/stm32l4xx_hal_rcc.o
                0x08003bac                HAL_RCC_OscConfig
 .text.HAL_RCC_ClockConfig
                0x080043e0      0x274 ./Drivers/STM32L4xx_HAL_Driver/Src/stm32l4xx_hal_rcc.o
                0x080043e0                HAL_RCC_ClockConfig
 .text.HAL_RCC_GetSysClockFreq
                0x08004654      0x118 ./Drivers/STM32L4xx_HAL_Driver/Src/stm32l4xx_hal_rcc.o
                0x08004654                HAL_RCC_GetSysClockFreq
 .text.HAL_RCC_GetHCLKFreq
                0x0800476c       0x18 ./Drivers/STM32L4xx_HAL_Driver/Src/stm32l4xx_hal_rcc.o
                0x0800476c                HAL_RCC_GetHCLKFreq
 .text.HAL_RCC_GetPCLK1Freq
                0x08004784       0x2c ./Drivers/STM32L4xx_HAL_Driver/Src/stm32l4xx_hal_rcc.o
                0x08004784                HAL_RCC_GetPCLK1Freq
 .text.HAL_RCC_GetPCLK2Freq
                0x080047b0       0x2c ./Drivers/STM32L4xx_HAL_Driver/Src/stm32l4xx_hal_rcc.o
                0x080047b0                HAL_RCC_GetPCLK2Freq
 .text.RCC_SetFlashLatencyFromMSIRange
                0x080047dc       0xb4 ./Drivers/STM32L4xx_HAL_Driver/Src/stm32l4xx_hal_rcc.o
 .text.RCC_GetSysClockFreqFromPLLSource
                0x08004890       0xcc ./Drivers/STM32L4xx_HAL_Driver/Src/stm32l4xx_hal_rcc.o
 .text.HAL_RCCEx_PeriphCLKConfig
                0x0800495c      0x660 ./Drivers/STM32L4xx_HAL_Driver/Src/stm32l4xx_hal_rcc_ex.o
                0x0800495c                HAL_RCCEx_PeriphCLKConfig
 .text.HAL_RCCEx_EnableMSIPLLMode
                0x08004fbc       0x20 ./Drivers/STM32L4xx_HAL_Driver/Src/stm32l4xx_hal_rcc_ex.o
                0x08004fbc                HAL_RCCEx_EnableMSIPLLMode
 .text.RCCEx_PLLSAI1_Config
                0x08004fdc      0x1e8 ./Drivers/STM32L4xx_HAL_Driver/Src/stm32l4xx_hal_rcc_ex.o
 .text.RCCEx_PLLSAI2_Config
                0x080051c4      0x1e8 ./Drivers/STM32L4xx_HAL_Driver/Src/stm32l4xx_hal_rcc_ex.o
 .text.HAL_SPI_Init
                0x080053ac      0x146 ./Drivers/STM32L4xx_HAL_Driver/Src/stm32l4xx_hal_spi.o
                0x080053ac                HAL_SPI_Init
 .text.HAL_UART_Init
                0x080054f2       0xa0 ./Drivers/STM32L4xx_HAL_Driver/Src/stm32l4xx_hal_uart.o
                0x080054f2                HAL_UART_Init
 *fill*         0x08005592        0x2 
 .text.UART_SetConfig
                0x08005594      0x5f8 ./Drivers/STM32L4xx_HAL_Driver/Src/stm32l4xx_hal_uart.o
                0x08005594                UART_SetConfig
 .text.UART_AdvFeatureConfig
                0x08005b8c      0x144 ./Drivers/STM32L4xx_HAL_Driver/Src/stm32l4xx_hal_uart.o
                0x08005b8c                UART_AdvFeatureConfig
 .text.UART_CheckIdleState
                0x08005cd0      0x154 ./Drivers/STM32L4xx_HAL_Driver/Src/stm32l4xx_hal_uart.o
                0x08005cd0                UART_CheckIdleState
 .text.UART_WaitOnFlagUntilTimeout
                0x08005e24       0xda ./Drivers/STM32L4xx_HAL_Driver/Src/stm32l4xx_hal_uart.o
                0x08005e24                UART_WaitOnFlagUntilTimeout
 .text.UART_EndRxTransfer
                0x08005efe       0xcc ./Drivers/STM32L4xx_HAL_Driver/Src/stm32l4xx_hal_uart.o
 .text.HAL_UARTEx_DisableFifoMode
                0x08005fca       0x72 ./Drivers/STM32L4xx_HAL_Driver/Src/stm32l4xx_hal_uart_ex.o
                0x08005fca                HAL_UARTEx_DisableFifoMode
 .text.HAL_UARTEx_SetTxFifoThreshold
                0x0800603c       0x7c ./Drivers/STM32L4xx_HAL_Driver/Src/stm32l4xx_hal_uart_ex.o
                0x0800603c                HAL_UARTEx_SetTxFifoThreshold
 .text.HAL_UARTEx_SetRxFifoThreshold
                0x080060b8       0x7c ./Drivers/STM32L4xx_HAL_Driver/Src/stm32l4xx_hal_uart_ex.o
                0x080060b8                HAL_UARTEx_SetRxFifoThreshold
 .text.UARTEx_SetNbDataToProcess
                0x08006134       0x9c ./Drivers/STM32L4xx_HAL_Driver/Src/stm32l4xx_hal_uart_ex.o
 .text.memset   0x080061d0       0x10 D:/STMicroelectronics-installations/STM32CubeIDE_1.16.1/STM32CubeIDE/plugins/com.st.stm32cube.ide.mcu.externaltools.gnu-tools-for-stm32.12.3.rel1.win32_1.1.0.202410251130/tools/bin/../lib/gcc/arm-none-eabi/12.3.1/../../../../arm-none-eabi/lib/thumb/v7e-m+fp/hard\libc_nano.a(libc_a-memset.o)
                0x080061d0                memset
 .text.__libc_init_array
                0x080061e0       0x48 D:/STMicroelectronics-installations/STM32CubeIDE_1.16.1/STM32CubeIDE/plugins/com.st.stm32cube.ide.mcu.externaltools.gnu-tools-for-stm32.12.3.rel1.win32_1.1.0.202410251130/tools/bin/../lib/gcc/arm-none-eabi/12.3.1/../../../../arm-none-eabi/lib/thumb/v7e-m+fp/hard\libc_nano.a(libc_a-init.o)
                0x080061e0                __libc_init_array
 *(.glue_7)
 .glue_7        0x08006228        0x0 linker stubs
 *(.glue_7t)
 .glue_7t       0x08006228        0x0 linker stubs
 *(.eh_frame)
 .eh_frame      0x08006228        0x0 D:/STMicroelectronics-installations/STM32CubeIDE_1.16.1/STM32CubeIDE/plugins/com.st.stm32cube.ide.mcu.externaltools.gnu-tools-for-stm32.12.3.rel1.win32_1.1.0.202410251130/tools/bin/../lib/gcc/arm-none-eabi/12.3.1/thumb/v7e-m+fp/hard/crtbegin.o
 *(.init)
 .init          0x08006228        0x4 D:/STMicroelectronics-installations/STM32CubeIDE_1.16.1/STM32CubeIDE/plugins/com.st.stm32cube.ide.mcu.externaltools.gnu-tools-for-stm32.12.3.rel1.win32_1.1.0.202410251130/tools/bin/../lib/gcc/arm-none-eabi/12.3.1/thumb/v7e-m+fp/hard/crti.o
                0x08006228                _init
 .init          0x0800622c        0x8 D:/STMicroelectronics-installations/STM32CubeIDE_1.16.1/STM32CubeIDE/plugins/com.st.stm32cube.ide.mcu.externaltools.gnu-tools-for-stm32.12.3.rel1.win32_1.1.0.202410251130/tools/bin/../lib/gcc/arm-none-eabi/12.3.1/thumb/v7e-m+fp/hard/crtn.o
 *(.fini)
 .fini          0x08006234        0x4 D:/STMicroelectronics-installations/STM32CubeIDE_1.16.1/STM32CubeIDE/plugins/com.st.stm32cube.ide.mcu.externaltools.gnu-tools-for-stm32.12.3.rel1.win32_1.1.0.202410251130/tools/bin/../lib/gcc/arm-none-eabi/12.3.1/thumb/v7e-m+fp/hard/crti.o
                0x08006234                _fini
 .fini          0x08006238        0x8 D:/STMicroelectronics-installations/STM32CubeIDE_1.16.1/STM32CubeIDE/plugins/com.st.stm32cube.ide.mcu.externaltools.gnu-tools-for-stm32.12.3.rel1.win32_1.1.0.202410251130/tools/bin/../lib/gcc/arm-none-eabi/12.3.1/thumb/v7e-m+fp/hard/crtn.o
                0x08006240                        . = ALIGN (0x4)
                0x08006240                        _etext = .

.vfp11_veneer   0x08006240        0x0
 .vfp11_veneer  0x08006240        0x0 linker stubs

.v4_bx          0x08006240        0x0
 .v4_bx         0x08006240        0x0 linker stubs

.iplt           0x08006240        0x0
 .iplt          0x08006240        0x0 D:/STMicroelectronics-installations/STM32CubeIDE_1.16.1/STM32CubeIDE/plugins/com.st.stm32cube.ide.mcu.externaltools.gnu-tools-for-stm32.12.3.rel1.win32_1.1.0.202410251130/tools/bin/../lib/gcc/arm-none-eabi/12.3.1/thumb/v7e-m+fp/hard/crtbegin.o

.rodata         0x08006240       0x70
                0x08006240                        . = ALIGN (0x4)
 *(.rodata)
 *(.rodata*)
 .rodata.AHBPrescTable
                0x08006240       0x10 ./Core/Src/system_stm32l4xx.o
                0x08006240                AHBPrescTable
 .rodata.APBPrescTable
                0x08006250        0x8 ./Core/Src/system_stm32l4xx.o
                0x08006250                APBPrescTable
 .rodata.MSIRangeTable
                0x08006258       0x30 ./Core/Src/system_stm32l4xx.o
                0x08006258                MSIRangeTable
 .rodata.UARTPrescTable
                0x08006288       0x18 ./Drivers/STM32L4xx_HAL_Driver/Src/stm32l4xx_hal_uart.o
                0x08006288                UARTPrescTable
 .rodata.numerator.1
                0x080062a0        0x8 ./Drivers/STM32L4xx_HAL_Driver/Src/stm32l4xx_hal_uart_ex.o
 .rodata.denominator.0
                0x080062a8        0x8 ./Drivers/STM32L4xx_HAL_Driver/Src/stm32l4xx_hal_uart_ex.o
                0x080062b0                        . = ALIGN (0x4)

.ARM.extab      0x080062b0        0x0
                0x080062b0                        . = ALIGN (0x4)
 *(.ARM.extab* .gnu.linkonce.armextab.*)
                0x080062b0                        . = ALIGN (0x4)

.ARM            0x080062b0        0x8
                0x080062b0                        . = ALIGN (0x4)
                0x080062b0                        __exidx_start = .
 *(.ARM.exidx*)
 .ARM.exidx     0x080062b0        0x8 D:/STMicroelectronics-installations/STM32CubeIDE_1.16.1/STM32CubeIDE/plugins/com.st.stm32cube.ide.mcu.externaltools.gnu-tools-for-stm32.12.3.rel1.win32_1.1.0.202410251130/tools/bin/../lib/gcc/arm-none-eabi/12.3.1/thumb/v7e-m+fp/hard\libgcc.a(_udivmoddi4.o)
                0x080062b8                        __exidx_end = .
                0x080062b8                        . = ALIGN (0x4)

.preinit_array  0x080062b8        0x0
                0x080062b8                        . = ALIGN (0x4)
                0x080062b8                        PROVIDE (__preinit_array_start = .)
 *(.preinit_array*)
                0x080062b8                        PROVIDE (__preinit_array_end = .)
                0x080062b8                        . = ALIGN (0x4)

.init_array     0x080062b8        0x4
                0x080062b8                        . = ALIGN (0x4)
                0x080062b8                        PROVIDE (__init_array_start = .)
 *(SORT_BY_NAME(.init_array.*))
 *(.init_array*)
 .init_array    0x080062b8        0x4 D:/STMicroelectronics-installations/STM32CubeIDE_1.16.1/STM32CubeIDE/plugins/com.st.stm32cube.ide.mcu.externaltools.gnu-tools-for-stm32.12.3.rel1.win32_1.1.0.202410251130/tools/bin/../lib/gcc/arm-none-eabi/12.3.1/thumb/v7e-m+fp/hard/crtbegin.o
                0x080062bc                        PROVIDE (__init_array_end = .)
                0x080062bc                        . = ALIGN (0x4)

.fini_array     0x080062bc        0x4
                0x080062bc                        . = ALIGN (0x4)
                [!provide]                        PROVIDE (__fini_array_start = .)
 *(SORT_BY_NAME(.fini_array.*))
 *(.fini_array*)
 .fini_array    0x080062bc        0x4 D:/STMicroelectronics-installations/STM32CubeIDE_1.16.1/STM32CubeIDE/plugins/com.st.stm32cube.ide.mcu.externaltools.gnu-tools-for-stm32.12.3.rel1.win32_1.1.0.202410251130/tools/bin/../lib/gcc/arm-none-eabi/12.3.1/thumb/v7e-m+fp/hard/crtbegin.o
                [!provide]                        PROVIDE (__fini_array_end = .)
                0x080062c0                        . = ALIGN (0x4)
                0x080062c0                        _sidata = LOADADDR (.data)

.rel.dyn        0x080062c0        0x0
 .rel.iplt      0x080062c0        0x0 D:/STMicroelectronics-installations/STM32CubeIDE_1.16.1/STM32CubeIDE/plugins/com.st.stm32cube.ide.mcu.externaltools.gnu-tools-for-stm32.12.3.rel1.win32_1.1.0.202410251130/tools/bin/../lib/gcc/arm-none-eabi/12.3.1/thumb/v7e-m+fp/hard/crtbegin.o

.data           0x20000000        0xc load address 0x080062c0
                0x20000000                        . = ALIGN (0x4)
                0x20000000                        _sdata = .
 *(.data)
 *(.data*)
 .data.SystemCoreClock
                0x20000000        0x4 ./Core/Src/system_stm32l4xx.o
                0x20000000                SystemCoreClock
 .data.uwTickPrio
                0x20000004        0x4 ./Drivers/STM32L4xx_HAL_Driver/Src/stm32l4xx_hal.o
                0x20000004                uwTickPrio
 .data.uwTickFreq
                0x20000008        0x1 ./Drivers/STM32L4xx_HAL_Driver/Src/stm32l4xx_hal.o
                0x20000008                uwTickFreq
 *(.RamFunc)
 *(.RamFunc*)
                0x2000000c                        . = ALIGN (0x4)
 *fill*         0x20000009        0x3 
                0x2000000c                        _edata = .

.igot.plt       0x2000000c        0x0 load address 0x080062cc
 .igot.plt      0x2000000c        0x0 D:/STMicroelectronics-installations/STM32CubeIDE_1.16.1/STM32CubeIDE/plugins/com.st.stm32cube.ide.mcu.externaltools.gnu-tools-for-stm32.12.3.rel1.win32_1.1.0.202410251130/tools/bin/../lib/gcc/arm-none-eabi/12.3.1/thumb/v7e-m+fp/hard/crtbegin.o
                0x2000000c                        . = ALIGN (0x4)

.bss            0x2000000c      0x4f8 load address 0x080062cc
                0x2000000c                        _sbss = .
                0x2000000c                        __bss_start__ = _sbss
 *(.bss)
 .bss           0x2000000c       0x1c D:/STMicroelectronics-installations/STM32CubeIDE_1.16.1/STM32CubeIDE/plugins/com.st.stm32cube.ide.mcu.externaltools.gnu-tools-for-stm32.12.3.rel1.win32_1.1.0.202410251130/tools/bin/../lib/gcc/arm-none-eabi/12.3.1/thumb/v7e-m+fp/hard/crtbegin.o
 *(.bss*)
 .bss.hadc1     0x20000028       0x68 ./Core/Src/main.o
                0x20000028                hadc1
 .bss.hdfsdm1_channel2
                0x20000090       0x38 ./Core/Src/main.o
                0x20000090                hdfsdm1_channel2
 .bss.hi2c1     0x200000c8       0x54 ./Core/Src/main.o
                0x200000c8                hi2c1
 .bss.hi2c2     0x2000011c       0x54 ./Core/Src/main.o
                0x2000011c                hi2c2
 .bss.hospi1    0x20000170       0x50 ./Core/Src/main.o
                0x20000170                hospi1
 .bss.hspi1     0x200001c0       0x64 ./Core/Src/main.o
                0x200001c0                hspi1
 .bss.hspi3     0x20000224       0x64 ./Core/Src/main.o
                0x20000224                hspi3
 .bss.huart4    0x20000288       0x94 ./Core/Src/main.o
                0x20000288                huart4
 .bss.huart1    0x2000031c       0x94 ./Core/Src/main.o
                0x2000031c                huart1
 .bss.huart2    0x200003b0       0x94 ./Core/Src/main.o
                0x200003b0                huart2
 .bss.huart3    0x20000444       0x94 ./Core/Src/main.o
                0x20000444                huart3
 .bss.DFSDM1_Init
                0x200004d8        0x4 ./Core/Src/stm32l4xx_hal_msp.o
 .bss.uwTick    0x200004dc        0x4 ./Drivers/STM32L4xx_HAL_Driver/Src/stm32l4xx_hal.o
                0x200004dc                uwTick
 .bss.v_dfsdm1ChannelCounter
                0x200004e0        0x4 ./Drivers/STM32L4xx_HAL_Driver/Src/stm32l4xx_hal_dfsdm.o
 .bss.a_dfsdm1ChannelHandle
                0x200004e4       0x20 ./Drivers/STM32L4xx_HAL_Driver/Src/stm32l4xx_hal_dfsdm.o
 *(COMMON)
                0x20000504                        . = ALIGN (0x4)
                0x20000504                        _ebss = .
                0x20000504                        __bss_end__ = _ebss

._user_heap_stack
                0x20000504      0x604 load address 0x080062cc
                0x20000508                        . = ALIGN (0x8)
 *fill*         0x20000504        0x4 
                [!provide]                        PROVIDE (end = .)
                0x20000508                        PROVIDE (_end = .)
                0x20000708                        . = (. + _Min_Heap_Size)
 *fill*         0x20000508      0x200 
                0x20000b08                        . = (. + _Min_Stack_Size)
 *fill*         0x20000708      0x400 
                0x20000b08                        . = ALIGN (0x8)

/DISCARD/
 libc.a(*)
 libm.a(*)
 libgcc.a(*)

.ARM.attributes
                0x00000000       0x30
 *(.ARM.attributes)
 .ARM.attributes
                0x00000000       0x22 D:/STMicroelectronics-installations/STM32CubeIDE_1.16.1/STM32CubeIDE/plugins/com.st.stm32cube.ide.mcu.externaltools.gnu-tools-for-stm32.12.3.rel1.win32_1.1.0.202410251130/tools/bin/../lib/gcc/arm-none-eabi/12.3.1/thumb/v7e-m+fp/hard/crti.o
 .ARM.attributes
                0x00000022       0x34 D:/STMicroelectronics-installations/STM32CubeIDE_1.16.1/STM32CubeIDE/plugins/com.st.stm32cube.ide.mcu.externaltools.gnu-tools-for-stm32.12.3.rel1.win32_1.1.0.202410251130/tools/bin/../lib/gcc/arm-none-eabi/12.3.1/thumb/v7e-m+fp/hard/crtbegin.o
 .ARM.attributes
                0x00000056       0x34 ./Core/Src/main.o
 .ARM.attributes
                0x0000008a       0x34 ./Core/Src/stm32l4xx_hal_msp.o
 .ARM.attributes
                0x000000be       0x34 ./Core/Src/stm32l4xx_it.o
 .ARM.attributes
                0x000000f2       0x34 ./Core/Src/system_stm32l4xx.o
 .ARM.attributes
                0x00000126       0x21 ./Core/Startup/startup_stm32l4s5vitx.o
 .ARM.attributes
                0x00000147       0x34 ./Drivers/STM32L4xx_HAL_Driver/Src/stm32l4xx_hal.o
 .ARM.attributes
                0x0000017b       0x34 ./Drivers/STM32L4xx_HAL_Driver/Src/stm32l4xx_hal_adc.o
 .ARM.attributes
                0x000001af       0x34 ./Drivers/STM32L4xx_HAL_Driver/Src/stm32l4xx_hal_cortex.o
 .ARM.attributes
                0x000001e3       0x34 ./Drivers/STM32L4xx_HAL_Driver/Src/stm32l4xx_hal_dfsdm.o
 .ARM.attributes
                0x00000217       0x34 ./Drivers/STM32L4xx_HAL_Driver/Src/stm32l4xx_hal_gpio.o
 .ARM.attributes
                0x0000024b       0x34 ./Drivers/STM32L4xx_HAL_Driver/Src/stm32l4xx_hal_i2c.o
 .ARM.attributes
                0x0000027f       0x34 ./Drivers/STM32L4xx_HAL_Driver/Src/stm32l4xx_hal_i2c_ex.o
 .ARM.attributes
                0x000002b3       0x34 ./Drivers/STM32L4xx_HAL_Driver/Src/stm32l4xx_hal_ospi.o
 .ARM.attributes
                0x000002e7       0x34 ./Drivers/STM32L4xx_HAL_Driver/Src/stm32l4xx_hal_pwr.o
 .ARM.attributes
                0x0000031b       0x34 ./Drivers/STM32L4xx_HAL_Driver/Src/stm32l4xx_hal_pwr_ex.o
 .ARM.attributes
                0x0000034f       0x34 ./Drivers/STM32L4xx_HAL_Driver/Src/stm32l4xx_hal_rcc.o
 .ARM.attributes
                0x00000383       0x34 ./Drivers/STM32L4xx_HAL_Driver/Src/stm32l4xx_hal_rcc_ex.o
 .ARM.attributes
                0x000003b7       0x34 ./Drivers/STM32L4xx_HAL_Driver/Src/stm32l4xx_hal_spi.o
 .ARM.attributes
                0x000003eb       0x34 ./Drivers/STM32L4xx_HAL_Driver/Src/stm32l4xx_hal_uart.o
 .ARM.attributes
                0x0000041f       0x34 ./Drivers/STM32L4xx_HAL_Driver/Src/stm32l4xx_hal_uart_ex.o
 .ARM.attributes
                0x00000453       0x34 D:/STMicroelectronics-installations/STM32CubeIDE_1.16.1/STM32CubeIDE/plugins/com.st.stm32cube.ide.mcu.externaltools.gnu-tools-for-stm32.12.3.rel1.win32_1.1.0.202410251130/tools/bin/../lib/gcc/arm-none-eabi/12.3.1/../../../../arm-none-eabi/lib/thumb/v7e-m+fp/hard\libc_nano.a(libc_a-memset.o)
 .ARM.attributes
                0x00000487       0x34 D:/STMicroelectronics-installations/STM32CubeIDE_1.16.1/STM32CubeIDE/plugins/com.st.stm32cube.ide.mcu.externaltools.gnu-tools-for-stm32.12.3.rel1.win32_1.1.0.202410251130/tools/bin/../lib/gcc/arm-none-eabi/12.3.1/../../../../arm-none-eabi/lib/thumb/v7e-m+fp/hard\libc_nano.a(libc_a-init.o)
 .ARM.attributes
                0x000004bb       0x22 D:/STMicroelectronics-installations/STM32CubeIDE_1.16.1/STM32CubeIDE/plugins/com.st.stm32cube.ide.mcu.externaltools.gnu-tools-for-stm32.12.3.rel1.win32_1.1.0.202410251130/tools/bin/../lib/gcc/arm-none-eabi/12.3.1/thumb/v7e-m+fp/hard\libgcc.a(_aeabi_uldivmod.o)
 .ARM.attributes
                0x000004dd       0x34 D:/STMicroelectronics-installations/STM32CubeIDE_1.16.1/STM32CubeIDE/plugins/com.st.stm32cube.ide.mcu.externaltools.gnu-tools-for-stm32.12.3.rel1.win32_1.1.0.202410251130/tools/bin/../lib/gcc/arm-none-eabi/12.3.1/thumb/v7e-m+fp/hard\libgcc.a(_udivmoddi4.o)
 .ARM.attributes
                0x00000511       0x22 D:/STMicroelectronics-installations/STM32CubeIDE_1.16.1/STM32CubeIDE/plugins/com.st.stm32cube.ide.mcu.externaltools.gnu-tools-for-stm32.12.3.rel1.win32_1.1.0.202410251130/tools/bin/../lib/gcc/arm-none-eabi/12.3.1/thumb/v7e-m+fp/hard\libgcc.a(_dvmd_tls.o)
 .ARM.attributes
                0x00000533       0x22 D:/STMicroelectronics-installations/STM32CubeIDE_1.16.1/STM32CubeIDE/plugins/com.st.stm32cube.ide.mcu.externaltools.gnu-tools-for-stm32.12.3.rel1.win32_1.1.0.202410251130/tools/bin/../lib/gcc/arm-none-eabi/12.3.1/thumb/v7e-m+fp/hard/crtn.o
OUTPUT(class3_testingBoard.elf elf32-littlearm)
LOAD linker stubs
LOAD D:/STMicroelectronics-installations/STM32CubeIDE_1.16.1/STM32CubeIDE/plugins/com.st.stm32cube.ide.mcu.externaltools.gnu-tools-for-stm32.12.3.rel1.win32_1.1.0.202410251130/tools/bin/../lib/gcc/arm-none-eabi/12.3.1/../../../../arm-none-eabi/lib/thumb/v7e-m+fp/hard\libc.a
LOAD D:/STMicroelectronics-installations/STM32CubeIDE_1.16.1/STM32CubeIDE/plugins/com.st.stm32cube.ide.mcu.externaltools.gnu-tools-for-stm32.12.3.rel1.win32_1.1.0.202410251130/tools/bin/../lib/gcc/arm-none-eabi/12.3.1/../../../../arm-none-eabi/lib/thumb/v7e-m+fp/hard\libm.a
LOAD D:/STMicroelectronics-installations/STM32CubeIDE_1.16.1/STM32CubeIDE/plugins/com.st.stm32cube.ide.mcu.externaltools.gnu-tools-for-stm32.12.3.rel1.win32_1.1.0.202410251130/tools/bin/../lib/gcc/arm-none-eabi/12.3.1/thumb/v7e-m+fp/hard\libgcc.a

.debug_info     0x00000000    0x1919d
 .debug_info    0x00000000     0x2753 ./Core/Src/main.o
 .debug_info    0x00002753     0x22a9 ./Core/Src/stm32l4xx_hal_msp.o
 .debug_info    0x000049fc      0x15c ./Core/Src/stm32l4xx_it.o
 .debug_info    0x00004b58      0x5e9 ./Core/Src/system_stm32l4xx.o
 .debug_info    0x00005141       0x30 ./Core/Startup/startup_stm32l4s5vitx.o
 .debug_info    0x00005171      0xb4f ./Drivers/STM32L4xx_HAL_Driver/Src/stm32l4xx_hal.o
 .debug_info    0x00005cc0     0x1e20 ./Drivers/STM32L4xx_HAL_Driver/Src/stm32l4xx_hal_adc.o
 .debug_info    0x00007ae0      0xd9f ./Drivers/STM32L4xx_HAL_Driver/Src/stm32l4xx_hal_cortex.o
 .debug_info    0x0000887f     0x1b78 ./Drivers/STM32L4xx_HAL_Driver/Src/stm32l4xx_hal_dfsdm.o
 .debug_info    0x0000a3f7      0x787 ./Drivers/STM32L4xx_HAL_Driver/Src/stm32l4xx_hal_gpio.o
 .debug_info    0x0000ab7e     0x21ea ./Drivers/STM32L4xx_HAL_Driver/Src/stm32l4xx_hal_i2c.o
 .debug_info    0x0000cd68      0xafd ./Drivers/STM32L4xx_HAL_Driver/Src/stm32l4xx_hal_i2c_ex.o
 .debug_info    0x0000d865     0x180d ./Drivers/STM32L4xx_HAL_Driver/Src/stm32l4xx_hal_ospi.o
 .debug_info    0x0000f072      0x99e ./Drivers/STM32L4xx_HAL_Driver/Src/stm32l4xx_hal_pwr.o
 .debug_info    0x0000fa10      0xa0a ./Drivers/STM32L4xx_HAL_Driver/Src/stm32l4xx_hal_pwr_ex.o
 .debug_info    0x0001041a      0xd32 ./Drivers/STM32L4xx_HAL_Driver/Src/stm32l4xx_hal_rcc.o
 .debug_info    0x0001114c     0x1167 ./Drivers/STM32L4xx_HAL_Driver/Src/stm32l4xx_hal_rcc_ex.o
 .debug_info    0x000122b3     0x165d ./Drivers/STM32L4xx_HAL_Driver/Src/stm32l4xx_hal_spi.o
 .debug_info    0x00013910     0x4875 ./Drivers/STM32L4xx_HAL_Driver/Src/stm32l4xx_hal_uart.o
 .debug_info    0x00018185     0x1018 ./Drivers/STM32L4xx_HAL_Driver/Src/stm32l4xx_hal_uart_ex.o

.debug_abbrev   0x00000000     0x2c37
 .debug_abbrev  0x00000000      0x30c ./Core/Src/main.o
 .debug_abbrev  0x0000030c      0x250 ./Core/Src/stm32l4xx_hal_msp.o
 .debug_abbrev  0x0000055c       0xa0 ./Core/Src/stm32l4xx_it.o
 .debug_abbrev  0x000005fc      0x11a ./Core/Src/system_stm32l4xx.o
 .debug_abbrev  0x00000716       0x24 ./Core/Startup/startup_stm32l4s5vitx.o
 .debug_abbrev  0x0000073a      0x242 ./Drivers/STM32L4xx_HAL_Driver/Src/stm32l4xx_hal.o
 .debug_abbrev  0x0000097c      0x2d4 ./Drivers/STM32L4xx_HAL_Driver/Src/stm32l4xx_hal_adc.o
 .debug_abbrev  0x00000c50      0x31c ./Drivers/STM32L4xx_HAL_Driver/Src/stm32l4xx_hal_cortex.o
 .debug_abbrev  0x00000f6c      0x27b ./Drivers/STM32L4xx_HAL_Driver/Src/stm32l4xx_hal_dfsdm.o
 .debug_abbrev  0x000011e7      0x1cb ./Drivers/STM32L4xx_HAL_Driver/Src/stm32l4xx_hal_gpio.o
 .debug_abbrev  0x000013b2      0x25e ./Drivers/STM32L4xx_HAL_Driver/Src/stm32l4xx_hal_i2c.o
 .debug_abbrev  0x00001610      0x1c0 ./Drivers/STM32L4xx_HAL_Driver/Src/stm32l4xx_hal_i2c_ex.o
 .debug_abbrev  0x000017d0      0x2be ./Drivers/STM32L4xx_HAL_Driver/Src/stm32l4xx_hal_ospi.o
 .debug_abbrev  0x00001a8e      0x1d4 ./Drivers/STM32L4xx_HAL_Driver/Src/stm32l4xx_hal_pwr.o
 .debug_abbrev  0x00001c62      0x1f9 ./Drivers/STM32L4xx_HAL_Driver/Src/stm32l4xx_hal_pwr_ex.o
 .debug_abbrev  0x00001e5b      0x306 ./Drivers/STM32L4xx_HAL_Driver/Src/stm32l4xx_hal_rcc.o
 .debug_abbrev  0x00002161      0x2a3 ./Drivers/STM32L4xx_HAL_Driver/Src/stm32l4xx_hal_rcc_ex.o
 .debug_abbrev  0x00002404      0x25d ./Drivers/STM32L4xx_HAL_Driver/Src/stm32l4xx_hal_spi.o
 .debug_abbrev  0x00002661      0x304 ./Drivers/STM32L4xx_HAL_Driver/Src/stm32l4xx_hal_uart.o
 .debug_abbrev  0x00002965      0x2d2 ./Drivers/STM32L4xx_HAL_Driver/Src/stm32l4xx_hal_uart_ex.o

.debug_aranges  0x00000000     0x15c0
 .debug_aranges
                0x00000000       0xa0 ./Core/Src/main.o
 .debug_aranges
                0x000000a0       0x80 ./Core/Src/stm32l4xx_hal_msp.o
 .debug_aranges
                0x00000120       0x70 ./Core/Src/stm32l4xx_it.o
 .debug_aranges
                0x00000190       0x28 ./Core/Src/system_stm32l4xx.o
 .debug_aranges
                0x000001b8       0x28 ./Core/Startup/startup_stm32l4s5vitx.o
 .debug_aranges
                0x000001e0      0x130 ./Drivers/STM32L4xx_HAL_Driver/Src/stm32l4xx_hal.o
 .debug_aranges
                0x00000310      0x218 ./Drivers/STM32L4xx_HAL_Driver/Src/stm32l4xx_hal_adc.o
 .debug_aranges
                0x00000528      0x128 ./Drivers/STM32L4xx_HAL_Driver/Src/stm32l4xx_hal_cortex.o
 .debug_aranges
                0x00000650      0x248 ./Drivers/STM32L4xx_HAL_Driver/Src/stm32l4xx_hal_dfsdm.o
 .debug_aranges
                0x00000898       0x58 ./Drivers/STM32L4xx_HAL_Driver/Src/stm32l4xx_hal_gpio.o
 .debug_aranges
                0x000008f0      0x2a0 ./Drivers/STM32L4xx_HAL_Driver/Src/stm32l4xx_hal_i2c.o
 .debug_aranges
                0x00000b90       0x48 ./Drivers/STM32L4xx_HAL_Driver/Src/stm32l4xx_hal_i2c_ex.o
 .debug_aranges
                0x00000bd8      0x170 ./Drivers/STM32L4xx_HAL_Driver/Src/stm32l4xx_hal_ospi.o
 .debug_aranges
                0x00000d48       0x98 ./Drivers/STM32L4xx_HAL_Driver/Src/stm32l4xx_hal_pwr.o
 .debug_aranges
                0x00000de0      0x170 ./Drivers/STM32L4xx_HAL_Driver/Src/stm32l4xx_hal_pwr_ex.o
 .debug_aranges
                0x00000f50       0x98 ./Drivers/STM32L4xx_HAL_Driver/Src/stm32l4xx_hal_rcc.o
 .debug_aranges
                0x00000fe8      0x110 ./Drivers/STM32L4xx_HAL_Driver/Src/stm32l4xx_hal_rcc_ex.o
 .debug_aranges
                0x000010f8      0x1d8 ./Drivers/STM32L4xx_HAL_Driver/Src/stm32l4xx_hal_spi.o
 .debug_aranges
                0x000012d0      0x248 ./Drivers/STM32L4xx_HAL_Driver/Src/stm32l4xx_hal_uart.o
 .debug_aranges
                0x00001518       0xa8 ./Drivers/STM32L4xx_HAL_Driver/Src/stm32l4xx_hal_uart_ex.o

.debug_rnglists
                0x00000000     0x10f7
 .debug_rnglists
                0x00000000       0x7d ./Core/Src/main.o
 .debug_rnglists
                0x0000007d       0x62 ./Core/Src/stm32l4xx_hal_msp.o
 .debug_rnglists
                0x000000df       0x4f ./Core/Src/stm32l4xx_it.o
 .debug_rnglists
                0x0000012e       0x1a ./Core/Src/system_stm32l4xx.o
 .debug_rnglists
                0x00000148       0x19 ./Core/Startup/startup_stm32l4s5vitx.o
 .debug_rnglists
                0x00000161       0xdf ./Drivers/STM32L4xx_HAL_Driver/Src/stm32l4xx_hal.o
 .debug_rnglists
                0x00000240      0x19c ./Drivers/STM32L4xx_HAL_Driver/Src/stm32l4xx_hal_adc.o
 .debug_rnglists
                0x000003dc       0xda ./Drivers/STM32L4xx_HAL_Driver/Src/stm32l4xx_hal_cortex.o
 .debug_rnglists
                0x000004b6      0x1c7 ./Drivers/STM32L4xx_HAL_Driver/Src/stm32l4xx_hal_dfsdm.o
 .debug_rnglists
                0x0000067d       0x3f ./Drivers/STM32L4xx_HAL_Driver/Src/stm32l4xx_hal_gpio.o
 .debug_rnglists
                0x000006bc      0x228 ./Drivers/STM32L4xx_HAL_Driver/Src/stm32l4xx_hal_i2c.o
 .debug_rnglists
                0x000008e4       0x35 ./Drivers/STM32L4xx_HAL_Driver/Src/stm32l4xx_hal_i2c_ex.o
 .debug_rnglists
                0x00000919      0x122 ./Drivers/STM32L4xx_HAL_Driver/Src/stm32l4xx_hal_ospi.o
 .debug_rnglists
                0x00000a3b       0x6e ./Drivers/STM32L4xx_HAL_Driver/Src/stm32l4xx_hal_pwr.o
 .debug_rnglists
                0x00000aa9      0x115 ./Drivers/STM32L4xx_HAL_Driver/Src/stm32l4xx_hal_pwr_ex.o
 .debug_rnglists
                0x00000bbe       0x74 ./Drivers/STM32L4xx_HAL_Driver/Src/stm32l4xx_hal_rcc.o
 .debug_rnglists
                0x00000c32       0xd4 ./Drivers/STM32L4xx_HAL_Driver/Src/stm32l4xx_hal_rcc_ex.o
 .debug_rnglists
                0x00000d06      0x178 ./Drivers/STM32L4xx_HAL_Driver/Src/stm32l4xx_hal_spi.o
 .debug_rnglists
                0x00000e7e      0x1fa ./Drivers/STM32L4xx_HAL_Driver/Src/stm32l4xx_hal_uart.o
 .debug_rnglists
                0x00001078       0x7f ./Drivers/STM32L4xx_HAL_Driver/Src/stm32l4xx_hal_uart_ex.o

.debug_macro    0x00000000    0x2d57c
 .debug_macro   0x00000000      0x31f ./Core/Src/main.o
 .debug_macro   0x0000031f      0xab4 ./Core/Src/main.o
 .debug_macro   0x00000dd3      0x1bf ./Core/Src/main.o
 .debug_macro   0x00000f92       0x2e ./Core/Src/main.o
 .debug_macro   0x00000fc0       0x28 ./Core/Src/main.o
 .debug_macro   0x00000fe8       0x22 ./Core/Src/main.o
 .debug_macro   0x0000100a       0x8e ./Core/Src/main.o
 .debug_macro   0x00001098       0x51 ./Core/Src/main.o
 .debug_macro   0x000010e9      0x103 ./Core/Src/main.o
 .debug_macro   0x000011ec       0x6a ./Core/Src/main.o
 .debug_macro   0x00001256      0x1df ./Core/Src/main.o
 .debug_macro   0x00001435       0x1c ./Core/Src/main.o
 .debug_macro   0x00001451       0x22 ./Core/Src/main.o
 .debug_macro   0x00001473       0xfb ./Core/Src/main.o
 .debug_macro   0x0000156e     0x1011 ./Core/Src/main.o
 .debug_macro   0x0000257f      0x11f ./Core/Src/main.o
 .debug_macro   0x0000269e    0x1d292 ./Core/Src/main.o
 .debug_macro   0x0001f930       0x6d ./Core/Src/main.o
 .debug_macro   0x0001f99d     0x3902 ./Core/Src/main.o
 .debug_macro   0x0002329f      0x189 ./Core/Src/main.o
 .debug_macro   0x00023428       0x5c ./Core/Src/main.o
 .debug_macro   0x00023484     0x1910 ./Core/Src/main.o
 .debug_macro   0x00024d94      0x7dc ./Core/Src/main.o
 .debug_macro   0x00025570      0x1b9 ./Core/Src/main.o
 .debug_macro   0x00025729      0x225 ./Core/Src/main.o
 .debug_macro   0x0002594e      0x486 ./Core/Src/main.o
 .debug_macro   0x00025dd4      0x1ce ./Core/Src/main.o
 .debug_macro   0x00025fa2       0x43 ./Core/Src/main.o
 .debug_macro   0x00025fe5      0x1fb ./Core/Src/main.o
 .debug_macro   0x000261e0       0x10 ./Core/Src/main.o
 .debug_macro   0x000261f0       0xb3 ./Core/Src/main.o
 .debug_macro   0x000262a3      0x23d ./Core/Src/main.o
 .debug_macro   0x000264e0      0xe02 ./Core/Src/main.o
 .debug_macro   0x000272e2      0x624 ./Core/Src/main.o
 .debug_macro   0x00027906      0x24f ./Core/Src/main.o
 .debug_macro   0x00027b55      0x241 ./Core/Src/main.o
 .debug_macro   0x00027d96      0x416 ./Core/Src/main.o
 .debug_macro   0x000281ac       0x1c ./Core/Src/main.o
 .debug_macro   0x000281c8       0xf2 ./Core/Src/main.o
 .debug_macro   0x000282ba      0x22c ./Core/Src/main.o
 .debug_macro   0x000284e6       0x61 ./Core/Src/main.o
 .debug_macro   0x00028547       0xa5 ./Core/Src/main.o
 .debug_macro   0x000285ec      0x486 ./Core/Src/main.o
 .debug_macro   0x00028a72      0x122 ./Core/Src/main.o
 .debug_macro   0x00028b94      0x3f6 ./Core/Src/main.o
 .debug_macro   0x00028f8a      0x2fe ./Core/Src/main.o
 .debug_macro   0x00029288      0x693 ./Core/Src/main.o
 .debug_macro   0x0002991b       0xa6 ./Core/Src/main.o
 .debug_macro   0x000299c1      0x432 ./Core/Src/main.o
 .debug_macro   0x00029df3      0x435 ./Core/Src/main.o
 .debug_macro   0x0002a228       0x61 ./Core/Src/main.o
 .debug_macro   0x0002a289       0x2a ./Core/Src/main.o
 .debug_macro   0x0002a2b3       0x43 ./Core/Src/main.o
 .debug_macro   0x0002a2f6       0x34 ./Core/Src/main.o
 .debug_macro   0x0002a32a       0x16 ./Core/Src/main.o
 .debug_macro   0x0002a340       0x35 ./Core/Src/main.o
 .debug_macro   0x0002a375      0x369 ./Core/Src/main.o
 .debug_macro   0x0002a6de       0x10 ./Core/Src/main.o
 .debug_macro   0x0002a6ee       0x16 ./Core/Src/main.o
 .debug_macro   0x0002a704       0x43 ./Core/Src/main.o
 .debug_macro   0x0002a747       0x34 ./Core/Src/main.o
 .debug_macro   0x0002a77b       0x10 ./Core/Src/main.o
 .debug_macro   0x0002a78b       0x58 ./Core/Src/main.o
 .debug_macro   0x0002a7e3       0x8e ./Core/Src/main.o
 .debug_macro   0x0002a871       0x1c ./Core/Src/main.o
 .debug_macro   0x0002a88d      0x177 ./Core/Src/main.o
 .debug_macro   0x0002aa04       0x16 ./Core/Src/main.o
 .debug_macro   0x0002aa1a       0x16 ./Core/Src/main.o
 .debug_macro   0x0002aa30      0x146 ./Core/Src/main.o
 .debug_macro   0x0002ab76      0x23d ./Core/Src/stm32l4xx_hal_msp.o
 .debug_macro   0x0002adb3      0x247 ./Core/Src/stm32l4xx_it.o
 .debug_macro   0x0002affa      0x22e ./Core/Src/system_stm32l4xx.o
 .debug_macro   0x0002b228      0x27c ./Drivers/STM32L4xx_HAL_Driver/Src/stm32l4xx_hal.o
 .debug_macro   0x0002b4a4      0x24b ./Drivers/STM32L4xx_HAL_Driver/Src/stm32l4xx_hal_adc.o
 .debug_macro   0x0002b6ef      0x22e ./Drivers/STM32L4xx_HAL_Driver/Src/stm32l4xx_hal_cortex.o
 .debug_macro   0x0002b91d      0x252 ./Drivers/STM32L4xx_HAL_Driver/Src/stm32l4xx_hal_dfsdm.o
 .debug_macro   0x0002bb6f      0x235 ./Drivers/STM32L4xx_HAL_Driver/Src/stm32l4xx_hal_gpio.o
 .debug_macro   0x0002bda4      0x2fa ./Drivers/STM32L4xx_HAL_Driver/Src/stm32l4xx_hal_i2c.o
 .debug_macro   0x0002c09e      0x22e ./Drivers/STM32L4xx_HAL_Driver/Src/stm32l4xx_hal_i2c_ex.o
 .debug_macro   0x0002c2cc      0x275 ./Drivers/STM32L4xx_HAL_Driver/Src/stm32l4xx_hal_ospi.o
 .debug_macro   0x0002c541      0x246 ./Drivers/STM32L4xx_HAL_Driver/Src/stm32l4xx_hal_pwr.o
 .debug_macro   0x0002c787      0x258 ./Drivers/STM32L4xx_HAL_Driver/Src/stm32l4xx_hal_pwr_ex.o
 .debug_macro   0x0002c9df      0x270 ./Drivers/STM32L4xx_HAL_Driver/Src/stm32l4xx_hal_rcc.o
 .debug_macro   0x0002cc4f      0x264 ./Drivers/STM32L4xx_HAL_Driver/Src/stm32l4xx_hal_rcc_ex.o
 .debug_macro   0x0002ceb3      0x236 ./Drivers/STM32L4xx_HAL_Driver/Src/stm32l4xx_hal_spi.o
 .debug_macro   0x0002d0e9      0x259 ./Drivers/STM32L4xx_HAL_Driver/Src/stm32l4xx_hal_uart.o
 .debug_macro   0x0002d342      0x23a ./Drivers/STM32L4xx_HAL_Driver/Src/stm32l4xx_hal_uart_ex.o

.debug_line     0x00000000    0x19ded
 .debug_line    0x00000000      0xed4 ./Core/Src/main.o
 .debug_line    0x00000ed4      0xb6a ./Core/Src/stm32l4xx_hal_msp.o
 .debug_line    0x00001a3e      0x908 ./Core/Src/stm32l4xx_it.o
 .debug_line    0x00002346      0x8a9 ./Core/Src/system_stm32l4xx.o
 .debug_line    0x00002bef       0x7a ./Core/Startup/startup_stm32l4s5vitx.o
 .debug_line    0x00002c69      0xc04 ./Drivers/STM32L4xx_HAL_Driver/Src/stm32l4xx_hal.o
 .debug_line    0x0000386d     0x1de1 ./Drivers/STM32L4xx_HAL_Driver/Src/stm32l4xx_hal_adc.o
 .debug_line    0x0000564e      0xdcd ./Drivers/STM32L4xx_HAL_Driver/Src/stm32l4xx_hal_cortex.o
 .debug_line    0x0000641b     0x1f99 ./Drivers/STM32L4xx_HAL_Driver/Src/stm32l4xx_hal_dfsdm.o
 .debug_line    0x000083b4      0xc78 ./Drivers/STM32L4xx_HAL_Driver/Src/stm32l4xx_hal_gpio.o
 .debug_line    0x0000902c     0x3b37 ./Drivers/STM32L4xx_HAL_Driver/Src/stm32l4xx_hal_i2c.o
 .debug_line    0x0000cb63      0xa2c ./Drivers/STM32L4xx_HAL_Driver/Src/stm32l4xx_hal_i2c_ex.o
 .debug_line    0x0000d58f     0x1852 ./Drivers/STM32L4xx_HAL_Driver/Src/stm32l4xx_hal_ospi.o
 .debug_line    0x0000ede1      0x9db ./Drivers/STM32L4xx_HAL_Driver/Src/stm32l4xx_hal_pwr.o
 .debug_line    0x0000f7bc      0xe6b ./Drivers/STM32L4xx_HAL_Driver/Src/stm32l4xx_hal_pwr_ex.o
 .debug_line    0x00010627     0x1155 ./Drivers/STM32L4xx_HAL_Driver/Src/stm32l4xx_hal_rcc.o
 .debug_line    0x0001177c     0x1a66 ./Drivers/STM32L4xx_HAL_Driver/Src/stm32l4xx_hal_rcc_ex.o
 .debug_line    0x000131e2     0x20da ./Drivers/STM32L4xx_HAL_Driver/Src/stm32l4xx_hal_spi.o
 .debug_line    0x000152bc     0x3cd4 ./Drivers/STM32L4xx_HAL_Driver/Src/stm32l4xx_hal_uart.o
 .debug_line    0x00018f90      0xe5d ./Drivers/STM32L4xx_HAL_Driver/Src/stm32l4xx_hal_uart_ex.o

.debug_str      0x00000000   0x11c66f
 .debug_str     0x00000000   0x1168d5 ./Core/Src/main.o
                             0x1170ee (size before relaxing)
 .debug_str     0x001168d5      0x148 ./Core/Src/stm32l4xx_hal_msp.o
                             0x1130b3 (size before relaxing)
 .debug_str     0x00116a1d      0x10a ./Core/Src/stm32l4xx_it.o
                             0x111c11 (size before relaxing)
 .debug_str     0x00116b27       0xf2 ./Core/Src/system_stm32l4xx.o
                             0x110a22 (size before relaxing)
 .debug_str     0x00116c19       0x44 ./Core/Startup/startup_stm32l4s5vitx.o
                                 0x8b (size before relaxing)
 .debug_str     0x00116c5d      0x63a ./Drivers/STM32L4xx_HAL_Driver/Src/stm32l4xx_hal.o
                             0x111600 (size before relaxing)
 .debug_str     0x00117297      0xa5b ./Drivers/STM32L4xx_HAL_Driver/Src/stm32l4xx_hal_adc.o
                             0x11192c (size before relaxing)
 .debug_str     0x00117cf2      0x35f ./Drivers/STM32L4xx_HAL_Driver/Src/stm32l4xx_hal_cortex.o
                             0x1112c1 (size before relaxing)
 .debug_str     0x00118051      0xbed ./Drivers/STM32L4xx_HAL_Driver/Src/stm32l4xx_hal_dfsdm.o
                             0x111a11 (size before relaxing)
 .debug_str     0x00118c3e      0x10a ./Drivers/STM32L4xx_HAL_Driver/Src/stm32l4xx_hal_gpio.o
                             0x110b9c (size before relaxing)
 .debug_str     0x00118d48      0xde9 ./Drivers/STM32L4xx_HAL_Driver/Src/stm32l4xx_hal_i2c.o
                             0x111cff (size before relaxing)
 .debug_str     0x00119b31       0xb8 ./Drivers/STM32L4xx_HAL_Driver/Src/stm32l4xx_hal_i2c_ex.o
                             0x111030 (size before relaxing)
 .debug_str     0x00119be9      0x865 ./Drivers/STM32L4xx_HAL_Driver/Src/stm32l4xx_hal_ospi.o
                             0x11167b (size before relaxing)
 .debug_str     0x0011a44e      0x34d ./Drivers/STM32L4xx_HAL_Driver/Src/stm32l4xx_hal_pwr.o
                             0x110d99 (size before relaxing)
 .debug_str     0x0011a79b      0x461 ./Drivers/STM32L4xx_HAL_Driver/Src/stm32l4xx_hal_pwr_ex.o
                             0x110ff5 (size before relaxing)
 .debug_str     0x0011abfc      0x3c7 ./Drivers/STM32L4xx_HAL_Driver/Src/stm32l4xx_hal_rcc.o
                             0x111095 (size before relaxing)
 .debug_str     0x0011afc3      0x565 ./Drivers/STM32L4xx_HAL_Driver/Src/stm32l4xx_hal_rcc_ex.o
                             0x111456 (size before relaxing)
 .debug_str     0x0011b528      0x529 ./Drivers/STM32L4xx_HAL_Driver/Src/stm32l4xx_hal_spi.o
                             0x111319 (size before relaxing)
 .debug_str     0x0011ba51      0x9b3 ./Drivers/STM32L4xx_HAL_Driver/Src/stm32l4xx_hal_uart.o
                             0x1119c6 (size before relaxing)
 .debug_str     0x0011c404      0x26b ./Drivers/STM32L4xx_HAL_Driver/Src/stm32l4xx_hal_uart_ex.o
                             0x1111d6 (size before relaxing)

.comment        0x00000000       0x43
 .comment       0x00000000       0x43 ./Core/Src/main.o
                                 0x44 (size before relaxing)
 .comment       0x00000043       0x44 ./Core/Src/stm32l4xx_hal_msp.o
 .comment       0x00000043       0x44 ./Core/Src/stm32l4xx_it.o
 .comment       0x00000043       0x44 ./Core/Src/system_stm32l4xx.o
 .comment       0x00000043       0x44 ./Drivers/STM32L4xx_HAL_Driver/Src/stm32l4xx_hal.o
 .comment       0x00000043       0x44 ./Drivers/STM32L4xx_HAL_Driver/Src/stm32l4xx_hal_adc.o
 .comment       0x00000043       0x44 ./Drivers/STM32L4xx_HAL_Driver/Src/stm32l4xx_hal_cortex.o
 .comment       0x00000043       0x44 ./Drivers/STM32L4xx_HAL_Driver/Src/stm32l4xx_hal_dfsdm.o
 .comment       0x00000043       0x44 ./Drivers/STM32L4xx_HAL_Driver/Src/stm32l4xx_hal_gpio.o
 .comment       0x00000043       0x44 ./Drivers/STM32L4xx_HAL_Driver/Src/stm32l4xx_hal_i2c.o
 .comment       0x00000043       0x44 ./Drivers/STM32L4xx_HAL_Driver/Src/stm32l4xx_hal_i2c_ex.o
 .comment       0x00000043       0x44 ./Drivers/STM32L4xx_HAL_Driver/Src/stm32l4xx_hal_ospi.o
 .comment       0x00000043       0x44 ./Drivers/STM32L4xx_HAL_Driver/Src/stm32l4xx_hal_pwr.o
 .comment       0x00000043       0x44 ./Drivers/STM32L4xx_HAL_Driver/Src/stm32l4xx_hal_pwr_ex.o
 .comment       0x00000043       0x44 ./Drivers/STM32L4xx_HAL_Driver/Src/stm32l4xx_hal_rcc.o
 .comment       0x00000043       0x44 ./Drivers/STM32L4xx_HAL_Driver/Src/stm32l4xx_hal_rcc_ex.o
 .comment       0x00000043       0x44 ./Drivers/STM32L4xx_HAL_Driver/Src/stm32l4xx_hal_spi.o
 .comment       0x00000043       0x44 ./Drivers/STM32L4xx_HAL_Driver/Src/stm32l4xx_hal_uart.o
 .comment       0x00000043       0x44 ./Drivers/STM32L4xx_HAL_Driver/Src/stm32l4xx_hal_uart_ex.o

.debug_frame    0x00000000     0x5d9c
 .debug_frame   0x00000000      0x218 ./Core/Src/main.o
 .debug_frame   0x00000218      0x1f8 ./Core/Src/stm32l4xx_hal_msp.o
 .debug_frame   0x00000410      0x13c ./Core/Src/stm32l4xx_it.o
 .debug_frame   0x0000054c       0x58 ./Core/Src/system_stm32l4xx.o
 .debug_frame   0x000005a4      0x498 ./Drivers/STM32L4xx_HAL_Driver/Src/stm32l4xx_hal.o
 .debug_frame   0x00000a3c      0x9d8 ./Drivers/STM32L4xx_HAL_Driver/Src/stm32l4xx_hal_adc.o
 .debug_frame   0x00001414      0x4e8 ./Drivers/STM32L4xx_HAL_Driver/Src/stm32l4xx_hal_cortex.o
 .debug_frame   0x000018fc      0xa78 ./Drivers/STM32L4xx_HAL_Driver/Src/stm32l4xx_hal_dfsdm.o
 .debug_frame   0x00002374      0x14c ./Drivers/STM32L4xx_HAL_Driver/Src/stm32l4xx_hal_gpio.o
 .debug_frame   0x000024c0      0xc38 ./Drivers/STM32L4xx_HAL_Driver/Src/stm32l4xx_hal_i2c.o
 .debug_frame   0x000030f8      0x100 ./Drivers/STM32L4xx_HAL_Driver/Src/stm32l4xx_hal_i2c_ex.o
 .debug_frame   0x000031f8      0x6a4 ./Drivers/STM32L4xx_HAL_Driver/Src/stm32l4xx_hal_ospi.o
 .debug_frame   0x0000389c      0x230 ./Drivers/STM32L4xx_HAL_Driver/Src/stm32l4xx_hal_pwr.o
 .debug_frame   0x00003acc      0x5c4 ./Drivers/STM32L4xx_HAL_Driver/Src/stm32l4xx_hal_pwr_ex.o
 .debug_frame   0x00004090      0x248 ./Drivers/STM32L4xx_HAL_Driver/Src/stm32l4xx_hal_rcc.o
 .debug_frame   0x000042d8      0x464 ./Drivers/STM32L4xx_HAL_Driver/Src/stm32l4xx_hal_rcc_ex.o
 .debug_frame   0x0000473c      0x860 ./Drivers/STM32L4xx_HAL_Driver/Src/stm32l4xx_hal_spi.o
 .debug_frame   0x00004f9c      0xa94 ./Drivers/STM32L4xx_HAL_Driver/Src/stm32l4xx_hal_uart.o
 .debug_frame   0x00005a30      0x2c0 ./Drivers/STM32L4xx_HAL_Driver/Src/stm32l4xx_hal_uart_ex.o
 .debug_frame   0x00005cf0       0x20 D:/STMicroelectronics-installations/STM32CubeIDE_1.16.1/STM32CubeIDE/plugins/com.st.stm32cube.ide.mcu.externaltools.gnu-tools-for-stm32.12.3.rel1.win32_1.1.0.202410251130/tools/bin/../lib/gcc/arm-none-eabi/12.3.1/../../../../arm-none-eabi/lib/thumb/v7e-m+fp/hard\libc_nano.a(libc_a-memset.o)
 .debug_frame   0x00005d10       0x2c D:/STMicroelectronics-installations/STM32CubeIDE_1.16.1/STM32CubeIDE/plugins/com.st.stm32cube.ide.mcu.externaltools.gnu-tools-for-stm32.12.3.rel1.win32_1.1.0.202410251130/tools/bin/../lib/gcc/arm-none-eabi/12.3.1/../../../../arm-none-eabi/lib/thumb/v7e-m+fp/hard\libc_nano.a(libc_a-init.o)
 .debug_frame   0x00005d3c       0x2c D:/STMicroelectronics-installations/STM32CubeIDE_1.16.1/STM32CubeIDE/plugins/com.st.stm32cube.ide.mcu.externaltools.gnu-tools-for-stm32.12.3.rel1.win32_1.1.0.202410251130/tools/bin/../lib/gcc/arm-none-eabi/12.3.1/thumb/v7e-m+fp/hard\libgcc.a(_aeabi_uldivmod.o)
 .debug_frame   0x00005d68       0x34 D:/STMicroelectronics-installations/STM32CubeIDE_1.16.1/STM32CubeIDE/plugins/com.st.stm32cube.ide.mcu.externaltools.gnu-tools-for-stm32.12.3.rel1.win32_1.1.0.202410251130/tools/bin/../lib/gcc/arm-none-eabi/12.3.1/thumb/v7e-m+fp/hard\libgcc.a(_udivmoddi4.o)

.debug_line_str
                0x00000000       0x6f
 .debug_line_str
                0x00000000       0x6f ./Core/Startup/startup_stm32l4s5vitx.o
