../Core/Src/main.c:95:5:main	8	static
../Core/Src/main.c:154:6:SystemClock_Config	96	static
../Core/Src/main.c:214:6:PeriphCommonClock_Config	160	static
../Core/Src/main.c:241:13:MX_ADC1_Init	32	static
../Core/Src/main.c:299:13:MX_DFSDM1_Init	8	static
../Core/Src/main.c:337:13:MX_I2C1_Init	8	static
../Core/Src/main.c:385:13:MX_I2C2_Init	8	static
../Core/Src/main.c:433:13:MX_OCTOSPI1_Init	32	static
../Core/Src/main.c:481:13:MX_SPI1_Init	8	static
../Core/Src/main.c:521:13:MX_SPI3_Init	8	static
../Core/Src/main.c:561:13:MX_UART4_Init	8	static
../Core/Src/main.c:609:13:MX_USART1_UART_Init	8	static
../Core/Src/main.c:657:13:MX_USART2_UART_Init	8	static
../Core/Src/main.c:706:13:MX_USART3_UART_Init	8	static
../Core/Src/main.c:754:13:MX_USB_OTG_FS_USB_Init	4	static
../Core/Src/main.c:775:13:MX_GPIO_Init	56	static
../Core/Src/main.c:920:6:Error_Handler	4	static,ignoring_inline_asm
