Archive member included to satisfy reference by file (symbol)

D:/STMicroelectronics-installations/STM32CubeIDE_1.16.1/STM32CubeIDE/plugins/com.st.stm32cube.ide.mcu.externaltools.gnu-tools-for-stm32.12.3.rel1.win32_1.1.0.202410251130/tools/bin/../lib/gcc/arm-none-eabi/12.3.1/../../../../arm-none-eabi/lib/thumb/v7e-m+fp/hard\libc_nano.a(libc_a-exit.o)
                              D:/STMicroelectronics-installations/STM32CubeIDE_1.16.1/STM32CubeIDE/plugins/com.st.stm32cube.ide.mcu.externaltools.gnu-tools-for-stm32.12.3.rel1.win32_1.1.0.202410251130/tools/bin/../lib/gcc/arm-none-eabi/12.3.1/../../../../arm-none-eabi/lib/thumb/v7e-m+fp/hard/crt0.o (exit)
D:/STMicroelectronics-installations/STM32CubeIDE_1.16.1/STM32CubeIDE/plugins/com.st.stm32cube.ide.mcu.externaltools.gnu-tools-for-stm32.12.3.rel1.win32_1.1.0.202410251130/tools/bin/../lib/gcc/arm-none-eabi/12.3.1/../../../../arm-none-eabi/lib/thumb/v7e-m+fp/hard\libc_nano.a(libc_a-findfp.o)
                              D:/STMicroelectronics-installations/STM32CubeIDE_1.16.1/STM32CubeIDE/plugins/com.st.stm32cube.ide.mcu.externaltools.gnu-tools-for-stm32.12.3.rel1.win32_1.1.0.202410251130/tools/bin/../lib/gcc/arm-none-eabi/12.3.1/../../../../arm-none-eabi/lib/thumb/v7e-m+fp/hard\libc_nano.a(libc_a-exit.o) (__stdio_exit_handler)
D:/STMicroelectronics-installations/STM32CubeIDE_1.16.1/STM32CubeIDE/plugins/com.st.stm32cube.ide.mcu.externaltools.gnu-tools-for-stm32.12.3.rel1.win32_1.1.0.202410251130/tools/bin/../lib/gcc/arm-none-eabi/12.3.1/../../../../arm-none-eabi/lib/thumb/v7e-m+fp/hard\libc_nano.a(libc_a-fwalk.o)
                              D:/STMicroelectronics-installations/STM32CubeIDE_1.16.1/STM32CubeIDE/plugins/com.st.stm32cube.ide.mcu.externaltools.gnu-tools-for-stm32.12.3.rel1.win32_1.1.0.202410251130/tools/bin/../lib/gcc/arm-none-eabi/12.3.1/../../../../arm-none-eabi/lib/thumb/v7e-m+fp/hard\libc_nano.a(libc_a-findfp.o) (_fwalk_sglue)
D:/STMicroelectronics-installations/STM32CubeIDE_1.16.1/STM32CubeIDE/plugins/com.st.stm32cube.ide.mcu.externaltools.gnu-tools-for-stm32.12.3.rel1.win32_1.1.0.202410251130/tools/bin/../lib/gcc/arm-none-eabi/12.3.1/../../../../arm-none-eabi/lib/thumb/v7e-m+fp/hard\libc_nano.a(libc_a-snprintf.o)
                              ./Core/Src/main.o (snprintf)
D:/STMicroelectronics-installations/STM32CubeIDE_1.16.1/STM32CubeIDE/plugins/com.st.stm32cube.ide.mcu.externaltools.gnu-tools-for-stm32.12.3.rel1.win32_1.1.0.202410251130/tools/bin/../lib/gcc/arm-none-eabi/12.3.1/../../../../arm-none-eabi/lib/thumb/v7e-m+fp/hard\libc_nano.a(libc_a-stdio.o)
                              D:/STMicroelectronics-installations/STM32CubeIDE_1.16.1/STM32CubeIDE/plugins/com.st.stm32cube.ide.mcu.externaltools.gnu-tools-for-stm32.12.3.rel1.win32_1.1.0.202410251130/tools/bin/../lib/gcc/arm-none-eabi/12.3.1/../../../../arm-none-eabi/lib/thumb/v7e-m+fp/hard\libc_nano.a(libc_a-findfp.o) (__sread)
D:/STMicroelectronics-installations/STM32CubeIDE_1.16.1/STM32CubeIDE/plugins/com.st.stm32cube.ide.mcu.externaltools.gnu-tools-for-stm32.12.3.rel1.win32_1.1.0.202410251130/tools/bin/../lib/gcc/arm-none-eabi/12.3.1/../../../../arm-none-eabi/lib/thumb/v7e-m+fp/hard\libc_nano.a(libc_a-memset.o)
                              D:/STMicroelectronics-installations/STM32CubeIDE_1.16.1/STM32CubeIDE/plugins/com.st.stm32cube.ide.mcu.externaltools.gnu-tools-for-stm32.12.3.rel1.win32_1.1.0.202410251130/tools/bin/../lib/gcc/arm-none-eabi/12.3.1/../../../../arm-none-eabi/lib/thumb/v7e-m+fp/hard/crt0.o (memset)
D:/STMicroelectronics-installations/STM32CubeIDE_1.16.1/STM32CubeIDE/plugins/com.st.stm32cube.ide.mcu.externaltools.gnu-tools-for-stm32.12.3.rel1.win32_1.1.0.202410251130/tools/bin/../lib/gcc/arm-none-eabi/12.3.1/../../../../arm-none-eabi/lib/thumb/v7e-m+fp/hard\libc_nano.a(libc_a-closer.o)
                              D:/STMicroelectronics-installations/STM32CubeIDE_1.16.1/STM32CubeIDE/plugins/com.st.stm32cube.ide.mcu.externaltools.gnu-tools-for-stm32.12.3.rel1.win32_1.1.0.202410251130/tools/bin/../lib/gcc/arm-none-eabi/12.3.1/../../../../arm-none-eabi/lib/thumb/v7e-m+fp/hard\libc_nano.a(libc_a-stdio.o) (_close_r)
D:/STMicroelectronics-installations/STM32CubeIDE_1.16.1/STM32CubeIDE/plugins/com.st.stm32cube.ide.mcu.externaltools.gnu-tools-for-stm32.12.3.rel1.win32_1.1.0.202410251130/tools/bin/../lib/gcc/arm-none-eabi/12.3.1/../../../../arm-none-eabi/lib/thumb/v7e-m+fp/hard\libc_nano.a(libc_a-reent.o)
                              D:/STMicroelectronics-installations/STM32CubeIDE_1.16.1/STM32CubeIDE/plugins/com.st.stm32cube.ide.mcu.externaltools.gnu-tools-for-stm32.12.3.rel1.win32_1.1.0.202410251130/tools/bin/../lib/gcc/arm-none-eabi/12.3.1/../../../../arm-none-eabi/lib/thumb/v7e-m+fp/hard\libc_nano.a(libc_a-closer.o) (errno)
[...]
Memory Configuration

Name             Origin             Length             Attributes
RAM              0x20000000         0x000a0000         xrw
RAM2             0x10000000         0x00010000         xrw
RAM3             0x20040000         0x00060000         xrw
FLASH            0x08000000         0x00200000         xr
*default*        0x00000000         0xffffffff

Linker script and memory map

LOAD D:/STMicroelectronics-installations/STM32CubeIDE_1.16.1/STM32CubeIDE/plugins/com.st.stm32cube.ide.mcu.externaltools.gnu-tools-for-stm32.12.3.rel1.win32_1.1.0.202410251130/tools/bin/../lib/gcc/arm-none-eabi/12.3.1/thumb/v7e-m+fp/hard/crti.o
LOAD D:/STMicroelectronics-installations/STM32CubeIDE_1.16.1/STM32CubeIDE/plugins/com.st.stm32cube.ide.mcu.externaltools.gnu-tools-for-stm32.12.3.rel1.win32_1.1.0.202410251130/tools/bin/../lib/gcc/arm-none-eabi/12.3.1/thumb/v7e-m+fp/hard/crtbegin.o
LOAD D:/STMicroelectronics-installations/STM32CubeIDE_1.16.1/STM32CubeIDE/plugins/com.st.stm32cube.ide.mcu.externaltools.gnu-tools-for-stm32.12.3.rel1.win32_1.1.0.202410251130/tools/bin/../lib/gcc/arm-none-eabi/12.3.1/../../../../arm-none-eabi/lib/thumb/v7e-m+fp/hard/crt0.o
LOAD ./Core/Src/main.o
LOAD ./Core/Src/stm32l4xx_hal_msp.o
LOAD ./Core/Src/stm32l4xx_it.o
LOAD ./Core/Src/syscalls.o
LOAD ./Core/Src/sysmem.o
LOAD ./Core/Src/system_stm32l4xx.o
LOAD ./Core/Startup/startup_stm32l4s5vitx.o
LOAD ./Drivers/BSP/B-L4S5I-IOT01/stm32l4s5i_iot01.o
LOAD ./Drivers/BSP/B-L4S5I-IOT01/stm32l4s5i_iot01_accelero.o
LOAD ./Drivers/BSP/B-L4S5I-IOT01/stm32l4s5i_iot01_gyro.o
LOAD ./Drivers/BSP/B-L4S5I-IOT01/stm32l4s5i_iot01_hsensor.o
LOAD ./Drivers/BSP/B-L4S5I-IOT01/stm32l4s5i_iot01_magneto.o
LOAD ./Drivers/BSP/B-L4S5I-IOT01/stm32l4s5i_iot01_psensor.o
LOAD ./Drivers/BSP/B-L4S5I-IOT01/stm32l4s5i_iot01_qspi.o
LOAD ./Drivers/BSP/B-L4S5I-IOT01/stm32l4s5i_iot01_tsensor.o
LOAD ./Drivers/BSP/Components/cs42l51/cs42l51.o
LOAD ./Drivers/BSP/Components/cs43l22/cs43l22.o
LOAD ./Drivers/BSP/Components/cy8c4014lqi/cy8c4014lqi.o
LOAD ./Drivers/BSP/Components/ft3x67/ft3x67.o
LOAD ./Drivers/BSP/Components/ft5336/ft5336.o
LOAD ./Drivers/BSP/Components/ft6x06/ft6x06.o
LOAD ./Drivers/BSP/Components/hts221/hts221.o
LOAD ./Drivers/BSP/Components/hx8347g/hx8347g.o
LOAD ./Drivers/BSP/Components/hx8347i/hx8347i.o
LOAD ./Drivers/BSP/Components/l3gd20/l3gd20.o
LOAD ./Drivers/BSP/Components/lis3mdl/lis3mdl.o
LOAD ./Drivers/BSP/Components/lps22hb/lps22hb.o
LOAD ./Drivers/BSP/Components/ls016b8uy/ls016b8uy.o
LOAD ./Drivers/BSP/Components/lsm303c/lsm303c.o
LOAD ./Drivers/BSP/Components/lsm303dlhc/lsm303dlhc.o
LOAD ./Drivers/BSP/Components/lsm6dsl/lsm6dsl.o
LOAD ./Drivers/BSP/Components/m24sr/m24sr.o
LOAD ./Drivers/BSP/Components/mfxstm32l152/mfxstm32l152.o
LOAD ./Drivers/BSP/Components/ov9655/ov9655.o
LOAD ./Drivers/BSP/Components/st25dv/st25dv.o
LOAD ./Drivers/BSP/Components/st25dv/st25dv_reg.o
LOAD ./Drivers/BSP/Components/st7735/st7735.o
LOAD ./Drivers/BSP/Components/st7789h2/st7789h2.o
LOAD ./Drivers/BSP/Components/stmpe1600/stmpe1600.o
LOAD ./Drivers/BSP/Components/stmpe811/stmpe811.o
LOAD ./Drivers/BSP/Components/wm8994/wm8994.o
LOAD ./Drivers/STM32L4xx_HAL_Driver/Src/stm32l4xx_hal.o
LOAD ./Drivers/STM32L4xx_HAL_Driver/Src/stm32l4xx_hal_adc.o
LOAD ./Drivers/STM32L4xx_HAL_Driver/Src/stm32l4xx_hal_adc_ex.o
LOAD ./Drivers/STM32L4xx_HAL_Driver/Src/stm32l4xx_hal_cortex.o
LOAD ./Drivers/STM32L4xx_HAL_Driver/Src/stm32l4xx_hal_dfsdm.o
LOAD ./Drivers/STM32L4xx_HAL_Driver/Src/stm32l4xx_hal_dfsdm_ex.o
LOAD ./Drivers/STM32L4xx_HAL_Driver/Src/stm32l4xx_hal_dma.o
LOAD ./Drivers/STM32L4xx_HAL_Driver/Src/stm32l4xx_hal_dma_ex.o
LOAD ./Drivers/STM32L4xx_HAL_Driver/Src/stm32l4xx_hal_exti.o
LOAD ./Drivers/STM32L4xx_HAL_Driver/Src/stm32l4xx_hal_flash.o
LOAD ./Drivers/STM32L4xx_HAL_Driver/Src/stm32l4xx_hal_flash_ex.o
LOAD ./Drivers/STM32L4xx_HAL_Driver/Src/stm32l4xx_hal_flash_ramfunc.o
LOAD ./Drivers/STM32L4xx_HAL_Driver/Src/stm32l4xx_hal_gpio.o
LOAD ./Drivers/STM32L4xx_HAL_Driver/Src/stm32l4xx_hal_i2c.o
LOAD ./Drivers/STM32L4xx_HAL_Driver/Src/stm32l4xx_hal_i2c_ex.o
LOAD ./Drivers/STM32L4xx_HAL_Driver/Src/stm32l4xx_hal_ospi.o
LOAD ./Drivers/STM32L4xx_HAL_Driver/Src/stm32l4xx_hal_pwr.o
LOAD ./Drivers/STM32L4xx_HAL_Driver/Src/stm32l4xx_hal_pwr_ex.o
LOAD ./Drivers/STM32L4xx_HAL_Driver/Src/stm32l4xx_hal_rcc.o
LOAD ./Drivers/STM32L4xx_HAL_Driver/Src/stm32l4xx_hal_rcc_ex.o
LOAD ./Drivers/STM32L4xx_HAL_Driver/Src/stm32l4xx_hal_spi.o
LOAD ./Drivers/STM32L4xx_HAL_Driver/Src/stm32l4xx_hal_spi_ex.o
LOAD ./Drivers/STM32L4xx_HAL_Driver/Src/stm32l4xx_hal_uart.o
LOAD ./Drivers/STM32L4xx_HAL_Driver/Src/stm32l4xx_hal_uart_ex.o
START GROUP
LOAD D:/STMicroelectronics-installations/STM32CubeIDE_1.16.1/STM32CubeIDE/plugins/com.st.stm32cube.ide.mcu.externaltools.gnu-tools-for-stm32.12.3.rel1.win32_1.1.0.202410251130/tools/bin/../lib/gcc/arm-none-eabi/12.3.1/../../../../arm-none-eabi/lib/thumb/v7e-m+fp/hard\libc_nano.a
LOAD D:/STMicroelectronics-installations/STM32CubeIDE_1.16.1/STM32CubeIDE/plugins/com.st.stm32cube.ide.mcu.externaltools.gnu-tools-for-stm32.12.3.rel1.win32_1.1.0.202410251130/tools/bin/../lib/gcc/arm-none-eabi/12.3.1/../../../../arm-none-eabi/lib/thumb/v7e-m+fp/hard\libm.a
END GROUP
START GROUP
LOAD D:/STMicroelectronics-installations/STM32CubeIDE_1.16.1/STM32CubeIDE/plugins/com.st.stm32cube.ide.mcu.externaltools.gnu-tools-for-stm32.12.3.rel1.win32_1.1.0.202410251130/tools/bin/../lib/gcc/arm-none-eabi/12.3.1/thumb/v7e-m+fp/hard\libgcc.a
LOAD D:/STMicroelectronics-installations/STM32CubeIDE_1.16.1/STM32CubeIDE/plugins/com.st.stm32cube.ide.mcu.externaltools.gnu-tools-for-stm32.12.3.rel1.win32_1.1.0.202410251130/tools/bin/../lib/gcc/arm-none-eabi/12.3.1/../../../../arm-none-eabi/lib/thumb/v7e-m+fp/hard\libc_nano.a
END GROUP
START GROUP
LOAD D:/STMicroelectronics-installations/STM32CubeIDE_1.16.1/STM32CubeIDE/plugins/com.st.stm32cube.ide.mcu.externaltools.gnu-tools-for-stm32.12.3.rel1.win32_1.1.0.202410251130/tools/bin/../lib/gcc/arm-none-eabi/12.3.1/thumb/v7e-m+fp/hard\libgcc.a
LOAD D:/STMicroelectronics-installations/STM32CubeIDE_1.16.1/STM32CubeIDE/plugins/com.st.stm32cube.ide.mcu.externaltools.gnu-tools-for-stm32.12.3.rel1.win32_1.1.0.202410251130/tools/bin/../lib/gcc/arm-none-eabi/12.3.1/../../../../arm-none-eabi/lib/thumb/v7e-m+fp/hard\libc_nano.a
LOAD D:/STMicroelectronics-installations/STM32CubeIDE_1.16.1/STM32CubeIDE/plugins/com.st.stm32cube.ide.mcu.externaltools.gnu-tools-for-stm32.12.3.rel1.win32_1.1.0.202410251130/tools/bin/../lib/gcc/arm-none-eabi/12.3.1/../../../../arm-none-eabi/lib/thumb/v7e-m+fp/hard\libnosys.a
END GROUP
START GROUP
LOAD D:/STMicroelectronics-installations/STM32CubeIDE_1.16.1/STM32CubeIDE/plugins/com.st.stm32cube.ide.mcu.externaltools.gnu-tools-for-stm32.12.3.rel1.win32_1.1.0.202410251130/tools/bin/../lib/gcc/arm-none-eabi/12.3.1/thumb/v7e-m+fp/hard\libgcc.a
LOAD D:/STMicroelectronics-installations/STM32CubeIDE_1.16.1/STM32CubeIDE/plugins/com.st.stm32cube.ide.mcu.externaltools.gnu-tools-for-stm32.12.3.rel1.win32_1.1.0.202410251130/tools/bin/../lib/gcc/arm-none-eabi/12.3.1/../../../../arm-none-eabi/lib/thumb/v7e-m+fp/hard\libc_nano.a
LOAD D:/STMicroelectronics-installations/STM32CubeIDE_1.16.1/STM32CubeIDE/plugins/com.st.stm32cube.ide.mcu.externaltools.gnu-tools-for-stm32.12.3.rel1.win32_1.1.0.202410251130/tools/bin/../lib/gcc/arm-none-eabi/12.3.1/../../../../arm-none-eabi/lib/thumb/v7e-m+fp/hard\libnosys.a
END GROUP
LOAD D:/STMicroelectronics-installations/STM32CubeIDE_1.16.1/STM32CubeIDE/plugins/com.st.stm32cube.ide.mcu.externaltools.gnu-tools-for-stm32.12.3.rel1.win32_1.1.0.202410251130/tools/bin/../lib/gcc/arm-none-eabi/12.3.1/thumb/v7e-m+fp/hard/crtend.o
LOAD D:/STMicroelectronics-installations/STM32CubeIDE_1.16.1/STM32CubeIDE/plugins/com.st.stm32cube.ide.mcu.externaltools.gnu-tools-for-stm32.12.3.rel1.win32_1.1.0.202410251130/tools/bin/../lib/gcc/arm-none-eabi/12.3.1/thumb/v7e-m+fp/hard/crtn.o
                0x200a0000                        _estack = (ORIGIN (RAM) + LENGTH (RAM))
                0x00000200                        _Min_Heap_Size = 0x200
                0x00000400                        _Min_Stack_Size = 0x400

.isr_vector     0x08000000      0x1bc
                0x08000000                        . = ALIGN (0x4)
 *(.isr_vector)
 .isr_vector    0x08000000      0x1bc ./Core/Startup/startup_stm32l4s5vitx.o
                0x08000000                g_pfnVectors
                0x080001bc                        . = ALIGN (0x4)

.text           0x080001c0     0x8490
                0x080001c0                        . = ALIGN (0x4)
 *(.text)
 .text          0x080001c0       0x40 D:/STMicroelectronics-installations/STM32CubeIDE_1.16.1/STM32CubeIDE/plugins/com.st.stm32cube.ide.mcu.externaltools.gnu-tools-for-stm32.12.3.rel1.win32_1.1.0.202410251130/tools/bin/../lib/gcc/arm-none-eabi/12.3.1/thumb/v7e-m+fp/hard/crtbegin.o
 .text          0x08000200       0xa0 D:/STMicroelectronics-installations/STM32CubeIDE_1.16.1/STM32CubeIDE/plugins/com.st.stm32cube.ide.mcu.externaltools.gnu-tools-for-stm32.12.3.rel1.win32_1.1.0.202410251130/tools/bin/../lib/gcc/arm-none-eabi/12.3.1/../../../../arm-none-eabi/lib/thumb/v7e-m+fp/hard\libc_nano.a(libc_a-memchr.o)
                0x08000200                memchr
 .text          0x080002a0      0x378 D:/STMicroelectronics-installations/STM32CubeIDE_1.16.1/STM32CubeIDE/plugins/com.st.stm32cube.ide.mcu.externaltools.gnu-tools-for-stm32.12.3.rel1.win32_1.1.0.202410251130/tools/bin/../lib/gcc/arm-none-eabi/12.3.1/thumb/v7e-m+fp/hard\libgcc.a(_arm_addsubdf3.o)
                0x080002a0                __aeabi_drsub
                0x080002a8                __aeabi_dsub
                0x080002a8                __subdf3
                0x080002ac                __aeabi_dadd
                0x080002ac                __adddf3
                0x08000524                __floatunsidf
                0x08000524                __aeabi_ui2d
                0x08000544                __floatsidf
                0x08000544                __aeabi_i2d
                0x08000568                __aeabi_f2d
                0x08000568                __extendsfdf2
                0x080005ac                __floatundidf
                0x080005ac                __aeabi_ul2d
                0x080005bc                __floatdidf
                0x080005bc                __aeabi_l2d
 .text          0x08000618       0x50 D:/STMicroelectronics-installations/STM32CubeIDE_1.16.1/STM32CubeIDE/plugins/com.st.stm32cube.ide.mcu.externaltools.gnu-tools-for-stm32.12.3.rel1.win32_1.1.0.202410251130/tools/bin/../lib/gcc/arm-none-eabi/12.3.1/thumb/v7e-m+fp/hard\libgcc.a(_arm_fixdfsi.o)
                0x08000618                __aeabi_d2iz
                0x08000618                __fixdfsi
 .text          0x08000668       0x30 D:/STMicroelectronics-installations/STM32CubeIDE_1.16.1/STM32CubeIDE/plugins/com.st.stm32cube.ide.mcu.externaltools.gnu-tools-for-stm32.12.3.rel1.win32_1.1.0.202410251130/tools/bin/../lib/gcc/arm-none-eabi/12.3.1/thumb/v7e-m+fp/hard\libgcc.a(_aeabi_uldivmod.o)
                0x08000668                __aeabi_uldivmod
 .text          0x08000698      0x2bc D:/STMicroelectronics-installations/STM32CubeIDE_1.16.1/STM32CubeIDE/plugins/com.st.stm32cube.ide.mcu.externaltools.gnu-tools-for-stm32.12.3.rel1.win32_1.1.0.202410251130/tools/bin/../lib/gcc/arm-none-eabi/12.3.1/thumb/v7e-m+fp/hard\libgcc.a(_udivmoddi4.o)
                0x08000698                __udivmoddi4
 .text          0x08000954        0x4 D:/STMicroelectronics-installations/STM32CubeIDE_1.16.1/STM32CubeIDE/plugins/com.st.stm32cube.ide.mcu.externaltools.gnu-tools-for-stm32.12.3.rel1.win32_1.1.0.202410251130/tools/bin/../lib/gcc/arm-none-eabi/12.3.1/thumb/v7e-m+fp/hard\libgcc.a(_dvmd_tls.o)
                0x08000954                __aeabi_idiv0
                0x08000954                __aeabi_ldiv0
 *(.text*)
 .text.main     0x08000958      0x19c ./Core/Src/main.o
                0x08000958                main
 .text.SystemClock_Config
                0x08000af4       0xc4 ./Core/Src/main.o
                0x08000af4                SystemClock_Config
 .text.PeriphCommonClock_Config
                0x08000bb8       0x5e ./Core/Src/main.o
                0x08000bb8                PeriphCommonClock_Config
 *fill*         0x08000c16        0x2 
 .text.MX_ADC1_Init
                0x08000c18       0xc8 ./Core/Src/main.o
 .text.MX_DFSDM1_Init
                0x08000ce0       0x70 ./Core/Src/main.o
 .text.MX_I2C1_Init
                0x08000d50       0x80 ./Core/Src/main.o
 .text.MX_I2C2_Init
                0x08000dd0       0x80 ./Core/Src/main.o
 .text.MX_OCTOSPI1_Init
                0x08000e50       0xac ./Core/Src/main.o
 .text.MX_SPI1_Init
                0x08000efc       0x7c ./Core/Src/main.o
 .text.MX_SPI3_Init
                0x08000f78       0x7c ./Core/Src/main.o
 .text.MX_UART4_Init
                0x08000ff4       0x98 ./Core/Src/main.o
 .text.MX_USART1_UART_Init
                0x0800108c       0x98 ./Core/Src/main.o
 .text.MX_USART2_UART_Init
                0x08001124       0x9c ./Core/Src/main.o
 .text.MX_USART3_UART_Init
                0x080011c0       0x98 ./Core/Src/main.o
 .text.MX_USB_OTG_FS_USB_Init
                0x08001258        0xe ./Core/Src/main.o
 *fill*         0x08001266        0x2 
 .text.MX_GPIO_Init
                0x08001268      0x284 ./Core/Src/main.o
 .text.Error_Handler
                0x080014ec        0xc ./Core/Src/main.o
                0x080014ec                Error_Handler
 .text.HAL_MspInit
                0x080014f8       0x48 ./Core/Src/stm32l4xx_hal_msp.o
                0x080014f8                HAL_MspInit
 .text.HAL_ADC_MspInit
                0x08001540       0x80 ./Core/Src/stm32l4xx_hal_msp.o
                0x08001540                HAL_ADC_MspInit
 .text.HAL_DFSDM_ChannelMspInit
                0x080015c0       0xc8 ./Core/Src/stm32l4xx_hal_msp.o
                0x080015c0                HAL_DFSDM_ChannelMspInit
 .text.HAL_I2C_MspInit
                0x08001688      0x144 ./Core/Src/stm32l4xx_hal_msp.o
                0x08001688                HAL_I2C_MspInit
 .text.HAL_I2C_MspDeInit
                0x080017cc       0x78 ./Core/Src/stm32l4xx_hal_msp.o
                0x080017cc                HAL_I2C_MspDeInit
 .text.HAL_OSPI_MspInit
                0x08001844       0xd8 ./Core/Src/stm32l4xx_hal_msp.o
                0x08001844                HAL_OSPI_MspInit
 .text.HAL_SPI_MspInit
                0x0800191c       0xec ./Core/Src/stm32l4xx_hal_msp.o
                0x0800191c                HAL_SPI_MspInit
 .text.HAL_UART_MspInit
                0x08001a08      0x254 ./Core/Src/stm32l4xx_hal_msp.o
                0x08001a08                HAL_UART_MspInit
 .text.NMI_Handler
                0x08001c5c        0x8 ./Core/Src/stm32l4xx_it.o
                0x08001c5c                NMI_Handler
 .text.HardFault_Handler
                0x08001c64        0x8 ./Core/Src/stm32l4xx_it.o
                0x08001c64                HardFault_Handler
 .text.MemManage_Handler
                0x08001c6c        0x8 ./Core/Src/stm32l4xx_it.o
                0x08001c6c                MemManage_Handler
 .text.BusFault_Handler
                0x08001c74        0x8 ./Core/Src/stm32l4xx_it.o
                0x08001c74                BusFault_Handler
 .text.UsageFault_Handler
                0x08001c7c        0x8 ./Core/Src/stm32l4xx_it.o
                0x08001c7c                UsageFault_Handler
 .text.SVC_Handler
                0x08001c84        0xe ./Core/Src/stm32l4xx_it.o
                0x08001c84                SVC_Handler
 .text.DebugMon_Handler
                0x08001c92        0xe ./Core/Src/stm32l4xx_it.o
                0x08001c92                DebugMon_Handler
 .text.PendSV_Handler
                0x08001ca0        0xe ./Core/Src/stm32l4xx_it.o
                0x08001ca0                PendSV_Handler
 .text.SysTick_Handler
                0x08001cae        0xc ./Core/Src/stm32l4xx_it.o
                0x08001cae                SysTick_Handler
 .text.EXTI9_5_IRQHandler
                0x08001cba       0x22 ./Core/Src/stm32l4xx_it.o
                0x08001cba                EXTI9_5_IRQHandler
 .text.EXTI15_10_IRQHandler
                0x08001cdc       0x38 ./Core/Src/stm32l4xx_it.o
                0x08001cdc                EXTI15_10_IRQHandler
 .text._sbrk    0x08001d14       0x6c ./Core/Src/sysmem.o
                0x08001d14                _sbrk
 .text.SystemInit
                0x08001d80       0x24 ./Core/Src/system_stm32l4xx.o
                0x08001d80                SystemInit
 .text.Reset_Handler
                0x08001da4       0x50 ./Core/Startup/startup_stm32l4s5vitx.o
                0x08001da4                Reset_Handler
 .text.Default_Handler
                0x08001df4        0x2 ./Core/Startup/startup_stm32l4s5vitx.o
                0x08001df4                RTC_Alarm_IRQHandler
                0x08001df4                EXTI2_IRQHandler
                0x08001df4                TIM8_TRG_COM_IRQHandler
                0x08001df4                TIM8_CC_IRQHandler
                0x08001df4                TIM1_CC_IRQHandler
                0x08001df4                TSC_IRQHandler
                0x08001df4                TAMP_STAMP_IRQHandler
                0x08001df4                EXTI3_IRQHandler
                0x08001df4                LPTIM2_IRQHandler
                0x08001df4                DFSDM1_FLT1_IRQHandler
                0x08001df4                GFXMMU_IRQHandler
                0x08001df4                I2C3_ER_IRQHandler
                0x08001df4                DFSDM1_FLT2_IRQHandler
                0x08001df4                EXTI0_IRQHandler
                0x08001df4                I2C2_EV_IRQHandler
                0x08001df4                CAN1_RX0_IRQHandler
                0x08001df4                FPU_IRQHandler
                0x08001df4                TIM1_UP_TIM16_IRQHandler
                0x08001df4                LTDC_ER_IRQHandler
                0x08001df4                SPI1_IRQHandler
                0x08001df4                OCTOSPI1_IRQHandler
                0x08001df4                TIM6_DAC_IRQHandler
                0x08001df4                DCMI_IRQHandler
                0x08001df4                TIM8_UP_IRQHandler
                0x08001df4                OCTOSPI2_IRQHandler
                0x08001df4                DMA2_Channel2_IRQHandler
                0x08001df4                DMA1_Channel4_IRQHandler
                0x08001df4                SAI2_IRQHandler
                0x08001df4                ADC1_IRQHandler
                0x08001df4                DFSDM1_FLT3_IRQHandler
                0x08001df4                USART3_IRQHandler
                0x08001df4                DMA1_Channel7_IRQHandler
                0x08001df4                CAN1_RX1_IRQHandler
                0x08001df4                UART5_IRQHandler
                0x08001df4                TIM4_IRQHandler
                0x08001df4                DMA2_Channel1_IRQHandler
                0x08001df4                I2C1_EV_IRQHandler
                0x08001df4                DMAMUX1_OVR_IRQHandler
                0x08001df4                DMA1_Channel6_IRQHandler
                0x08001df4                UART4_IRQHandler
                0x08001df4                DMA2_Channel4_IRQHandler
                0x08001df4                TIM3_IRQHandler
                0x08001df4                RCC_IRQHandler
                0x08001df4                DMA1_Channel1_IRQHandler
                0x08001df4                Default_Handler
                0x08001df4                DMA2_Channel7_IRQHandler
                0x08001df4                TIM7_IRQHandler
                0x08001df4                SDMMC1_IRQHandler
                0x08001df4                TIM5_IRQHandler
                0x08001df4                I2C3_EV_IRQHandler
                0x08001df4                RTC_WKUP_IRQHandler
                0x08001df4                LTDC_IRQHandler
                0x08001df4                PVD_PVM_IRQHandler
                0x08001df4                SPI2_IRQHandler
                0x08001df4                CAN1_TX_IRQHandler
                0x08001df4                DMA2_Channel5_IRQHandler
                0x08001df4                DMA1_Channel5_IRQHandler
                0x08001df4                EXTI4_IRQHandler
                0x08001df4                RNG_IRQHandler
                0x08001df4                TIM1_TRG_COM_TIM17_IRQHandler
                0x08001df4                DMA1_Channel3_IRQHandler
                0x08001df4                COMP_IRQHandler
                0x08001df4                HASH_CRS_IRQHandler
                0x08001df4                WWDG_IRQHandler
                0x08001df4                I2C4_EV_IRQHandler
                0x08001df4                LPUART1_IRQHandler
                0x08001df4                DMA2_Channel6_IRQHandler
                0x08001df4                TIM2_IRQHandler
                0x08001df4                DMA2D_IRQHandler
                0x08001df4                EXTI1_IRQHandler
                0x08001df4                AES_IRQHandler
                0x08001df4                USART2_IRQHandler
                0x08001df4                DFSDM1_FLT0_IRQHandler
                0x08001df4                I2C2_ER_IRQHandler
                0x08001df4                DMA1_Channel2_IRQHandler
                0x08001df4                TIM8_BRK_IRQHandler
                0x08001df4                CAN1_SCE_IRQHandler
                0x08001df4                FLASH_IRQHandler
                0x08001df4                USART1_IRQHandler
                0x08001df4                OTG_FS_IRQHandler
                0x08001df4                SPI3_IRQHandler
                0x08001df4                I2C1_ER_IRQHandler
                0x08001df4                FMC_IRQHandler
                0x08001df4                LPTIM1_IRQHandler
                0x08001df4                I2C4_ER_IRQHandler
                0x08001df4                SAI1_IRQHandler
                0x08001df4                DMA2_Channel3_IRQHandler
                0x08001df4                TIM1_BRK_TIM15_IRQHandler
 *fill*         0x08001df6        0x2 
 .text.I2Cx_MspInit
                0x08001df8       0xb0 ./Drivers/BSP/B-L4S5I-IOT01/stm32l4s5i_iot01.o
 .text.I2Cx_Init
                0x08001ea8       0x5c ./Drivers/BSP/B-L4S5I-IOT01/stm32l4s5i_iot01.o
 .text.I2Cx_ReadMultiple
                0x08001f04       0x5a ./Drivers/BSP/B-L4S5I-IOT01/stm32l4s5i_iot01.o
 .text.I2Cx_WriteMultiple
                0x08001f5e       0x5a ./Drivers/BSP/B-L4S5I-IOT01/stm32l4s5i_iot01.o
 .text.I2Cx_Error
                0x08001fb8       0x20 ./Drivers/BSP/B-L4S5I-IOT01/stm32l4s5i_iot01.o
 .text.SENSOR_IO_Init
                0x08001fd8       0x14 ./Drivers/BSP/B-L4S5I-IOT01/stm32l4s5i_iot01.o
                0x08001fd8                SENSOR_IO_Init
 .text.SENSOR_IO_Write
                0x08001fec       0x34 ./Drivers/BSP/B-L4S5I-IOT01/stm32l4s5i_iot01.o
                0x08001fec                SENSOR_IO_Write
 .text.SENSOR_IO_Read
                0x08002020       0x3c ./Drivers/BSP/B-L4S5I-IOT01/stm32l4s5i_iot01.o
                0x08002020                SENSOR_IO_Read
 .text.SENSOR_IO_ReadMultiple
                0x0800205c       0x3c ./Drivers/BSP/B-L4S5I-IOT01/stm32l4s5i_iot01.o
                0x0800205c                SENSOR_IO_ReadMultiple
 .text.BSP_HSENSOR_Init
                0x08002098       0x40 ./Drivers/BSP/B-L4S5I-IOT01/stm32l4s5i_iot01_hsensor.o
                0x08002098                BSP_HSENSOR_Init
 .text.BSP_HSENSOR_ReadHumidity
                0x080020d8       0x1c ./Drivers/BSP/B-L4S5I-IOT01/stm32l4s5i_iot01_hsensor.o
                0x080020d8                BSP_HSENSOR_ReadHumidity
 .text.BSP_TSENSOR_Init
                0x080020f4       0x38 ./Drivers/BSP/B-L4S5I-IOT01/stm32l4s5i_iot01_tsensor.o
                0x080020f4                BSP_TSENSOR_Init
 .text.BSP_TSENSOR_ReadTemp
                0x0800212c       0x1c ./Drivers/BSP/B-L4S5I-IOT01/stm32l4s5i_iot01_tsensor.o
                0x0800212c                BSP_TSENSOR_ReadTemp
 .text.HTS221_H_Init
                0x08002148       0x58 ./Drivers/BSP/Components/hts221/hts221.o
                0x08002148                HTS221_H_Init
 .text.HTS221_H_ReadID
                0x080021a0       0x2c ./Drivers/BSP/Components/hts221/hts221.o
                0x080021a0                HTS221_H_ReadID
 .text.HTS221_H_ReadHumidity
                0x080021cc      0x138 ./Drivers/BSP/Components/hts221/hts221.o
                0x080021cc                HTS221_H_ReadHumidity
 .text.HTS221_T_Init
                0x08002304       0x5a ./Drivers/BSP/Components/hts221/hts221.o
                0x08002304                HTS221_T_Init
 .text.HTS221_T_ReadTemp
                0x0800235e      0x10e ./Drivers/BSP/Components/hts221/hts221.o
                0x0800235e                HTS221_T_ReadTemp
 .text.HAL_Init
                0x0800246c       0x30 ./Drivers/STM32L4xx_HAL_Driver/Src/stm32l4xx_hal.o
                0x0800246c                HAL_Init
 .text.HAL_InitTick
                0x0800249c       0x78 ./Drivers/STM32L4xx_HAL_Driver/Src/stm32l4xx_hal.o
                0x0800249c                HAL_InitTick
 .text.HAL_IncTick
                0x08002514       0x28 ./Drivers/STM32L4xx_HAL_Driver/Src/stm32l4xx_hal.o
                0x08002514                HAL_IncTick
 .text.HAL_GetTick
                0x0800253c       0x18 ./Drivers/STM32L4xx_HAL_Driver/Src/stm32l4xx_hal.o
                0x0800253c                HAL_GetTick
 .text.HAL_Delay
                0x08002554       0x48 ./Drivers/STM32L4xx_HAL_Driver/Src/stm32l4xx_hal.o
                0x08002554                HAL_Delay
 .text.LL_ADC_SetCommonClock
                0x0800259c       0x26 ./Drivers/STM32L4xx_HAL_Driver/Src/stm32l4xx_hal_adc.o
 .text.LL_ADC_SetCommonPathInternalCh
                0x080025c2       0x26 ./Drivers/STM32L4xx_HAL_Driver/Src/stm32l4xx_hal_adc.o
 .text.LL_ADC_GetCommonPathInternalCh
                0x080025e8       0x1c ./Drivers/STM32L4xx_HAL_Driver/Src/stm32l4xx_hal_adc.o
 .text.LL_ADC_SetOffset
                0x08002604       0x48 ./Drivers/STM32L4xx_HAL_Driver/Src/stm32l4xx_hal_adc.o
 .text.LL_ADC_GetOffsetChannel
                0x0800264c       0x2c ./Drivers/STM32L4xx_HAL_Driver/Src/stm32l4xx_hal_adc.o
 .text.LL_ADC_SetOffsetState
                0x08002678       0x36 ./Drivers/STM32L4xx_HAL_Driver/Src/stm32l4xx_hal_adc.o
 .text.LL_ADC_SetSamplingTimeCommonConfig
                0x080026ae       0x26 ./Drivers/STM32L4xx_HAL_Driver/Src/stm32l4xx_hal_adc.o
 .text.LL_ADC_REG_SetSequencerRanks
                0x080026d4       0x58 ./Drivers/STM32L4xx_HAL_Driver/Src/stm32l4xx_hal_adc.o
 .text.LL_ADC_SetChannelSamplingTime
                0x0800272c       0x56 ./Drivers/STM32L4xx_HAL_Driver/Src/stm32l4xx_hal_adc.o
 *fill*         0x08002782        0x2 
 .text.LL_ADC_SetChannelSingleDiff
                0x08002784       0x48 ./Drivers/STM32L4xx_HAL_Driver/Src/stm32l4xx_hal_adc.o
 .text.LL_ADC_DisableDeepPowerDown
                0x080027cc       0x24 ./Drivers/STM32L4xx_HAL_Driver/Src/stm32l4xx_hal_adc.o
 .text.LL_ADC_IsDeepPowerDownEnabled
                0x080027f0       0x28 ./Drivers/STM32L4xx_HAL_Driver/Src/stm32l4xx_hal_adc.o
 .text.LL_ADC_EnableInternalRegulator
                0x08002818       0x28 ./Drivers/STM32L4xx_HAL_Driver/Src/stm32l4xx_hal_adc.o
 .text.LL_ADC_IsInternalRegulatorEnabled
                0x08002840       0x28 ./Drivers/STM32L4xx_HAL_Driver/Src/stm32l4xx_hal_adc.o
 .text.LL_ADC_IsEnabled
                0x08002868       0x26 ./Drivers/STM32L4xx_HAL_Driver/Src/stm32l4xx_hal_adc.o
 .text.LL_ADC_REG_IsConversionOngoing
                0x0800288e       0x26 ./Drivers/STM32L4xx_HAL_Driver/Src/stm32l4xx_hal_adc.o
 .text.LL_ADC_INJ_IsConversionOngoing
                0x080028b4       0x26 ./Drivers/STM32L4xx_HAL_Driver/Src/stm32l4xx_hal_adc.o
 *fill*         0x080028da        0x2 
 .text.HAL_ADC_Init
                0x080028dc      0x28c ./Drivers/STM32L4xx_HAL_Driver/Src/stm32l4xx_hal_adc.o
                0x080028dc                HAL_ADC_Init
 .text.HAL_ADC_ConfigChannel
                0x08002b68      0x7f8 ./Drivers/STM32L4xx_HAL_Driver/Src/stm32l4xx_hal_adc.o
                0x08002b68                HAL_ADC_ConfigChannel
 .text.__NVIC_SetPriorityGrouping
                0x08003360       0x48 ./Drivers/STM32L4xx_HAL_Driver/Src/stm32l4xx_hal_cortex.o
 .text.__NVIC_GetPriorityGrouping
                0x080033a8       0x1c ./Drivers/STM32L4xx_HAL_Driver/Src/stm32l4xx_hal_cortex.o
 .text.__NVIC_EnableIRQ
                0x080033c4       0x3c ./Drivers/STM32L4xx_HAL_Driver/Src/stm32l4xx_hal_cortex.o
 .text.__NVIC_SetPriority
                0x08003400       0x54 ./Drivers/STM32L4xx_HAL_Driver/Src/stm32l4xx_hal_cortex.o
 .text.NVIC_EncodePriority
                0x08003454       0x66 ./Drivers/STM32L4xx_HAL_Driver/Src/stm32l4xx_hal_cortex.o
 *fill*         0x080034ba        0x2 
 .text.SysTick_Config
                0x080034bc       0x44 ./Drivers/STM32L4xx_HAL_Driver/Src/stm32l4xx_hal_cortex.o
 .text.HAL_NVIC_SetPriorityGrouping
                0x08003500       0x16 ./Drivers/STM32L4xx_HAL_Driver/Src/stm32l4xx_hal_cortex.o
                0x08003500                HAL_NVIC_SetPriorityGrouping
 .text.HAL_NVIC_SetPriority
                0x08003516       0x38 ./Drivers/STM32L4xx_HAL_Driver/Src/stm32l4xx_hal_cortex.o
                0x08003516                HAL_NVIC_SetPriority
 .text.HAL_NVIC_EnableIRQ
                0x0800354e       0x1c ./Drivers/STM32L4xx_HAL_Driver/Src/stm32l4xx_hal_cortex.o
                0x0800354e                HAL_NVIC_EnableIRQ
 .text.HAL_SYSTICK_Config
                0x0800356a       0x18 ./Drivers/STM32L4xx_HAL_Driver/Src/stm32l4xx_hal_cortex.o
                0x0800356a                HAL_SYSTICK_Config
 *fill*         0x08003582        0x2 
 .text.HAL_DFSDM_ChannelInit
                0x08003584      0x180 ./Drivers/STM32L4xx_HAL_Driver/Src/stm32l4xx_hal_dfsdm.o
                0x08003584                HAL_DFSDM_ChannelInit
 .text.DFSDM_GetChannelFromInstance
                0x08003704       0x98 ./Drivers/STM32L4xx_HAL_Driver/Src/stm32l4xx_hal_dfsdm.o
 .text.HAL_GPIO_Init
                0x0800379c      0x324 ./Drivers/STM32L4xx_HAL_Driver/Src/stm32l4xx_hal_gpio.o
                0x0800379c                HAL_GPIO_Init
 .text.HAL_GPIO_DeInit
                0x08003ac0      0x1e4 ./Drivers/STM32L4xx_HAL_Driver/Src/stm32l4xx_hal_gpio.o
                0x08003ac0                HAL_GPIO_DeInit
 .text.HAL_GPIO_WritePin
                0x08003ca4       0x30 ./Drivers/STM32L4xx_HAL_Driver/Src/stm32l4xx_hal_gpio.o
                0x08003ca4                HAL_GPIO_WritePin
 .text.HAL_GPIO_EXTI_IRQHandler
                0x08003cd4       0x30 ./Drivers/STM32L4xx_HAL_Driver/Src/stm32l4xx_hal_gpio.o
                0x08003cd4                HAL_GPIO_EXTI_IRQHandler
 .text.HAL_GPIO_EXTI_Callback
                0x08003d04       0x16 ./Drivers/STM32L4xx_HAL_Driver/Src/stm32l4xx_hal_gpio.o
                0x08003d04                HAL_GPIO_EXTI_Callback
 .text.HAL_I2C_Init
                0x08003d1a      0x136 ./Drivers/STM32L4xx_HAL_Driver/Src/stm32l4xx_hal_i2c.o
                0x08003d1a                HAL_I2C_Init
 .text.HAL_I2C_DeInit
                0x08003e50       0x5e ./Drivers/STM32L4xx_HAL_Driver/Src/stm32l4xx_hal_i2c.o
                0x08003e50                HAL_I2C_DeInit
 *fill*         0x08003eae        0x2 
 .text.HAL_I2C_Mem_Write
                0x08003eb0      0x228 ./Drivers/STM32L4xx_HAL_Driver/Src/stm32l4xx_hal_i2c.o
                0x08003eb0                HAL_I2C_Mem_Write
 .text.HAL_I2C_Mem_Read
                0x080040d8      0x234 ./Drivers/STM32L4xx_HAL_Driver/Src/stm32l4xx_hal_i2c.o
                0x080040d8                HAL_I2C_Mem_Read
 .text.I2C_RequestMemoryWrite
                0x0800430c       0xa8 ./Drivers/STM32L4xx_HAL_Driver/Src/stm32l4xx_hal_i2c.o
 .text.I2C_RequestMemoryRead
                0x080043b4       0xa8 ./Drivers/STM32L4xx_HAL_Driver/Src/stm32l4xx_hal_i2c.o
 .text.I2C_Flush_TXDR
                0x0800445c       0x48 ./Drivers/STM32L4xx_HAL_Driver/Src/stm32l4xx_hal_i2c.o
 .text.I2C_WaitOnFlagUntilTimeout
                0x080044a4       0xb2 ./Drivers/STM32L4xx_HAL_Driver/Src/stm32l4xx_hal_i2c.o
 .text.I2C_WaitOnTXISFlagUntilTimeout
                0x08004556       0x8e ./Drivers/STM32L4xx_HAL_Driver/Src/stm32l4xx_hal_i2c.o
 .text.I2C_WaitOnSTOPFlagUntilTimeout
                0x080045e4       0x86 ./Drivers/STM32L4xx_HAL_Driver/Src/stm32l4xx_hal_i2c.o
 *fill*         0x0800466a        0x2 
 .text.I2C_IsErrorOccurred
                0x0800466c      0x1c0 ./Drivers/STM32L4xx_HAL_Driver/Src/stm32l4xx_hal_i2c.o
 .text.I2C_TransferConfig
                0x0800482c       0x64 ./Drivers/STM32L4xx_HAL_Driver/Src/stm32l4xx_hal_i2c.o
 .text.HAL_I2CEx_ConfigAnalogFilter
                0x08004890       0x96 ./Drivers/STM32L4xx_HAL_Driver/Src/stm32l4xx_hal_i2c_ex.o
                0x08004890                HAL_I2CEx_ConfigAnalogFilter
 .text.HAL_I2CEx_ConfigDigitalFilter
                0x08004926       0x98 ./Drivers/STM32L4xx_HAL_Driver/Src/stm32l4xx_hal_i2c_ex.o
                0x08004926                HAL_I2CEx_ConfigDigitalFilter
 *fill*         0x080049be        0x2 
 .text.HAL_OSPI_Init
                0x080049c0      0x154 ./Drivers/STM32L4xx_HAL_Driver/Src/stm32l4xx_hal_ospi.o
                0x080049c0                HAL_OSPI_Init
 .text.HAL_OSPI_SetTimeout
                0x08004b14       0x1e ./Drivers/STM32L4xx_HAL_Driver/Src/stm32l4xx_hal_ospi.o
                0x08004b14                HAL_OSPI_SetTimeout
 *fill*         0x08004b32        0x2 
 .text.HAL_OSPIM_Config
                0x08004b34      0x670 ./Drivers/STM32L4xx_HAL_Driver/Src/stm32l4xx_hal_ospi.o
                0x08004b34                HAL_OSPIM_Config
 .text.OSPI_WaitFlagStateUntilTimeout
                0x080051a4       0x6e ./Drivers/STM32L4xx_HAL_Driver/Src/stm32l4xx_hal_ospi.o
 *fill*         0x08005212        0x2 
 .text.OSPIM_GetConfig
                0x08005214      0x160 ./Drivers/STM32L4xx_HAL_Driver/Src/stm32l4xx_hal_ospi.o
 .text.HAL_PWR_EnableBkUpAccess
                0x08005374       0x20 ./Drivers/STM32L4xx_HAL_Driver/Src/stm32l4xx_hal_pwr.o
                0x08005374                HAL_PWR_EnableBkUpAccess
 .text.HAL_PWREx_GetVoltageRange
                0x08005394       0x40 ./Drivers/STM32L4xx_HAL_Driver/Src/stm32l4xx_hal_pwr_ex.o
                0x08005394                HAL_PWREx_GetVoltageRange
 .text.HAL_PWREx_ControlVoltageScaling
                0x080053d4      0x148 ./Drivers/STM32L4xx_HAL_Driver/Src/stm32l4xx_hal_pwr_ex.o
                0x080053d4                HAL_PWREx_ControlVoltageScaling
 .text.HAL_RCC_OscConfig
                0x0800551c      0x834 ./Drivers/STM32L4xx_HAL_Driver/Src/stm32l4xx_hal_rcc.o
                0x0800551c                HAL_RCC_OscConfig
 .text.HAL_RCC_ClockConfig
                0x08005d50      0x274 ./Drivers/STM32L4xx_HAL_Driver/Src/stm32l4xx_hal_rcc.o
                0x08005d50                HAL_RCC_ClockConfig
 .text.HAL_RCC_GetSysClockFreq
                0x08005fc4      0x118 ./Drivers/STM32L4xx_HAL_Driver/Src/stm32l4xx_hal_rcc.o
                0x08005fc4                HAL_RCC_GetSysClockFreq
 .text.HAL_RCC_GetHCLKFreq
                0x080060dc       0x18 ./Drivers/STM32L4xx_HAL_Driver/Src/stm32l4xx_hal_rcc.o
                0x080060dc                HAL_RCC_GetHCLKFreq
 .text.HAL_RCC_GetPCLK1Freq
                0x080060f4       0x2c ./Drivers/STM32L4xx_HAL_Driver/Src/stm32l4xx_hal_rcc.o
                0x080060f4                HAL_RCC_GetPCLK1Freq
 .text.HAL_RCC_GetPCLK2Freq
                0x08006120       0x2c ./Drivers/STM32L4xx_HAL_Driver/Src/stm32l4xx_hal_rcc.o
                0x08006120                HAL_RCC_GetPCLK2Freq
 .text.RCC_SetFlashLatencyFromMSIRange
                0x0800614c       0xb4 ./Drivers/STM32L4xx_HAL_Driver/Src/stm32l4xx_hal_rcc.o
 .text.RCC_GetSysClockFreqFromPLLSource
                0x08006200       0xcc ./Drivers/STM32L4xx_HAL_Driver/Src/stm32l4xx_hal_rcc.o
 .text.HAL_RCCEx_PeriphCLKConfig
                0x080062cc      0x660 ./Drivers/STM32L4xx_HAL_Driver/Src/stm32l4xx_hal_rcc_ex.o
                0x080062cc                HAL_RCCEx_PeriphCLKConfig
 .text.HAL_RCCEx_EnableMSIPLLMode
                0x0800692c       0x20 ./Drivers/STM32L4xx_HAL_Driver/Src/stm32l4xx_hal_rcc_ex.o
                0x0800692c                HAL_RCCEx_EnableMSIPLLMode
 .text.RCCEx_PLLSAI1_Config
                0x0800694c      0x1e8 ./Drivers/STM32L4xx_HAL_Driver/Src/stm32l4xx_hal_rcc_ex.o
 .text.RCCEx_PLLSAI2_Config
                0x08006b34      0x1e8 ./Drivers/STM32L4xx_HAL_Driver/Src/stm32l4xx_hal_rcc_ex.o
 .text.HAL_SPI_Init
                0x08006d1c      0x146 ./Drivers/STM32L4xx_HAL_Driver/Src/stm32l4xx_hal_spi.o
                0x08006d1c                HAL_SPI_Init
 .text.HAL_UART_Init
                0x08006e62       0xa0 ./Drivers/STM32L4xx_HAL_Driver/Src/stm32l4xx_hal_uart.o
                0x08006e62                HAL_UART_Init
 .text.HAL_UART_Transmit
                0x08006f02      0x11c ./Drivers/STM32L4xx_HAL_Driver/Src/stm32l4xx_hal_uart.o
                0x08006f02                HAL_UART_Transmit
 *fill*         0x0800701e        0x2 
 .text.UART_SetConfig
                0x08007020      0x5f8 ./Drivers/STM32L4xx_HAL_Driver/Src/stm32l4xx_hal_uart.o
                0x08007020                UART_SetConfig
 .text.UART_AdvFeatureConfig
                0x08007618      0x144 ./Drivers/STM32L4xx_HAL_Driver/Src/stm32l4xx_hal_uart.o
                0x08007618                UART_AdvFeatureConfig
 .text.UART_CheckIdleState
                0x0800775c      0x154 ./Drivers/STM32L4xx_HAL_Driver/Src/stm32l4xx_hal_uart.o
                0x0800775c                UART_CheckIdleState
 .text.UART_WaitOnFlagUntilTimeout
                0x080078b0       0xda ./Drivers/STM32L4xx_HAL_Driver/Src/stm32l4xx_hal_uart.o
                0x080078b0                UART_WaitOnFlagUntilTimeout
 .text.UART_EndRxTransfer
                0x0800798a       0xcc ./Drivers/STM32L4xx_HAL_Driver/Src/stm32l4xx_hal_uart.o
 .text.HAL_UARTEx_DisableFifoMode
                0x08007a56       0x72 ./Drivers/STM32L4xx_HAL_Driver/Src/stm32l4xx_hal_uart_ex.o
                0x08007a56                HAL_UARTEx_DisableFifoMode
 .text.HAL_UARTEx_SetTxFifoThreshold
                0x08007ac8       0x7c ./Drivers/STM32L4xx_HAL_Driver/Src/stm32l4xx_hal_uart_ex.o
                0x08007ac8                HAL_UARTEx_SetTxFifoThreshold
 .text.HAL_UARTEx_SetRxFifoThreshold
                0x08007b44       0x7c ./Drivers/STM32L4xx_HAL_Driver/Src/stm32l4xx_hal_uart_ex.o
                0x08007b44                HAL_UARTEx_SetRxFifoThreshold
 .text.UARTEx_SetNbDataToProcess
                0x08007bc0       0x9c ./Drivers/STM32L4xx_HAL_Driver/Src/stm32l4xx_hal_uart_ex.o
 .text.snprintf
                0x08007c5c       0x68 D:/STMicroelectronics-installations/STM32CubeIDE_1.16.1/STM32CubeIDE/plugins/com.st.stm32cube.ide.mcu.externaltools.gnu-tools-for-stm32.12.3.rel1.win32_1.1.0.202410251130/tools/bin/../lib/gcc/arm-none-eabi/12.3.1/../../../../arm-none-eabi/lib/thumb/v7e-m+fp/hard\libc_nano.a(libc_a-snprintf.o)
                0x08007c5c                sniprintf
                0x08007c5c                snprintf
 .text.memset   0x08007cc4       0x10 D:/STMicroelectronics-installations/STM32CubeIDE_1.16.1/STM32CubeIDE/plugins/com.st.stm32cube.ide.mcu.externaltools.gnu-tools-for-stm32.12.3.rel1.win32_1.1.0.202410251130/tools/bin/../lib/gcc/arm-none-eabi/12.3.1/../../../../arm-none-eabi/lib/thumb/v7e-m+fp/hard\libc_nano.a(libc_a-memset.o)
                0x08007cc4                memset
 .text.__errno  0x08007cd4        0xc D:/STMicroelectronics-installations/STM32CubeIDE_1.16.1/STM32CubeIDE/plugins/com.st.stm32cube.ide.mcu.externaltools.gnu-tools-for-stm32.12.3.rel1.win32_1.1.0.202410251130/tools/bin/../lib/gcc/arm-none-eabi/12.3.1/../../../../arm-none-eabi/lib/thumb/v7e-m+fp/hard\libc_nano.a(libc_a-errno.o)
                0x08007cd4                __errno
 .text.__libc_init_array
                0x08007ce0       0x48 D:/STMicroelectronics-installations/STM32CubeIDE_1.16.1/STM32CubeIDE/plugins/com.st.stm32cube.ide.mcu.externaltools.gnu-tools-for-stm32.12.3.rel1.win32_1.1.0.202410251130/tools/bin/../lib/gcc/arm-none-eabi/12.3.1/../../../../arm-none-eabi/lib/thumb/v7e-m+fp/hard\libc_nano.a(libc_a-init.o)
                0x08007ce0                __libc_init_array
 .text.__retarget_lock_acquire_recursive
                0x08007d28        0x2 D:/STMicroelectronics-installations/STM32CubeIDE_1.16.1/STM32CubeIDE/plugins/com.st.stm32cube.ide.mcu.externaltools.gnu-tools-for-stm32.12.3.rel1.win32_1.1.0.202410251130/tools/bin/../lib/gcc/arm-none-eabi/12.3.1/../../../../arm-none-eabi/lib/thumb/v7e-m+fp/hard\libc_nano.a(libc_a-lock.o)
                0x08007d28                __retarget_lock_acquire_recursive
 .text.__retarget_lock_release_recursive
                0x08007d2a        0x2 D:/STMicroelectronics-installations/STM32CubeIDE_1.16.1/STM32CubeIDE/plugins/com.st.stm32cube.ide.mcu.externaltools.gnu-tools-for-stm32.12.3.rel1.win32_1.1.0.202410251130/tools/bin/../lib/gcc/arm-none-eabi/12.3.1/../../../../arm-none-eabi/lib/thumb/v7e-m+fp/hard\libc_nano.a(libc_a-lock.o)
                0x08007d2a                __retarget_lock_release_recursive
 .text.memcpy   0x08007d2c       0x1c D:/STMicroelectronics-installations/STM32CubeIDE_1.16.1/STM32CubeIDE/plugins/com.st.stm32cube.ide.mcu.externaltools.gnu-tools-for-stm32.12.3.rel1.win32_1.1.0.202410251130/tools/bin/../lib/gcc/arm-none-eabi/12.3.1/../../../../arm-none-eabi/lib/thumb/v7e-m+fp/hard\libc_nano.a(libc_a-memcpy-stub.o)
                0x08007d2c                memcpy
 .text._free_r  0x08007d48       0x94 D:/STMicroelectronics-installations/STM32CubeIDE_1.16.1/STM32CubeIDE/plugins/com.st.stm32cube.ide.mcu.externaltools.gnu-tools-for-stm32.12.3.rel1.win32_1.1.0.202410251130/tools/bin/../lib/gcc/arm-none-eabi/12.3.1/../../../../arm-none-eabi/lib/thumb/v7e-m+fp/hard\libc_nano.a(libc_a-freer.o)
                0x08007d48                _free_r
 .text.sbrk_aligned
                0x08007ddc       0x44 D:/STMicroelectronics-installations/STM32CubeIDE_1.16.1/STM32CubeIDE/plugins/com.st.stm32cube.ide.mcu.externaltools.gnu-tools-for-stm32.12.3.rel1.win32_1.1.0.202410251130/tools/bin/../lib/gcc/arm-none-eabi/12.3.1/../../../../arm-none-eabi/lib/thumb/v7e-m+fp/hard\libc_nano.a(libc_a-mallocr.o)
 .text._malloc_r
                0x08007e20      0x100 D:/STMicroelectronics-installations/STM32CubeIDE_1.16.1/STM32CubeIDE/plugins/com.st.stm32cube.ide.mcu.externaltools.gnu-tools-for-stm32.12.3.rel1.win32_1.1.0.202410251130/tools/bin/../lib/gcc/arm-none-eabi/12.3.1/../../../../arm-none-eabi/lib/thumb/v7e-m+fp/hard\libc_nano.a(libc_a-mallocr.o)
                0x08007e20                _malloc_r
 .text.__malloc_lock
                0x08007f20        0xc D:/STMicroelectronics-installations/STM32CubeIDE_1.16.1/STM32CubeIDE/plugins/com.st.stm32cube.ide.mcu.externaltools.gnu-tools-for-stm32.12.3.rel1.win32_1.1.0.202410251130/tools/bin/../lib/gcc/arm-none-eabi/12.3.1/../../../../arm-none-eabi/lib/thumb/v7e-m+fp/hard\libc_nano.a(libc_a-mlock.o)
                0x08007f20                __malloc_lock
 .text.__malloc_unlock
                0x08007f2c        0xc D:/STMicroelectronics-installations/STM32CubeIDE_1.16.1/STM32CubeIDE/plugins/com.st.stm32cube.ide.mcu.externaltools.gnu-tools-for-stm32.12.3.rel1.win32_1.1.0.202410251130/tools/bin/../lib/gcc/arm-none-eabi/12.3.1/../../../../arm-none-eabi/lib/thumb/v7e-m+fp/hard\libc_nano.a(libc_a-mlock.o)
                0x08007f2c                __malloc_unlock
 .text.__ssputs_r
                0x08007f38       0xb6 D:/STMicroelectronics-installations/STM32CubeIDE_1.16.1/STM32CubeIDE/plugins/com.st.stm32cube.ide.mcu.externaltools.gnu-tools-for-stm32.12.3.rel1.win32_1.1.0.202410251130/tools/bin/../lib/gcc/arm-none-eabi/12.3.1/../../../../arm-none-eabi/lib/thumb/v7e-m+fp/hard\libc_nano.a(libc_a-nano-svfprintf.o)
                0x08007f38                __ssputs_r
 *fill*         0x08007fee        0x2 
 .text._svfprintf_r
                0x08007ff0      0x1f8 D:/STMicroelectronics-installations/STM32CubeIDE_1.16.1/STM32CubeIDE/plugins/com.st.stm32cube.ide.mcu.externaltools.gnu-tools-for-stm32.12.3.rel1.win32_1.1.0.202410251130/tools/bin/../lib/gcc/arm-none-eabi/12.3.1/../../../../arm-none-eabi/lib/thumb/v7e-m+fp/hard\libc_nano.a(libc_a-nano-svfprintf.o)
                0x08007ff0                _svfiprintf_r
                0x08007ff0                _svfprintf_r
 .text._printf_common
                0x080081e8       0xda D:/STMicroelectronics-installations/STM32CubeIDE_1.16.1/STM32CubeIDE/plugins/com.st.stm32cube.ide.mcu.externaltools.gnu-tools-for-stm32.12.3.rel1.win32_1.1.0.202410251130/tools/bin/../lib/gcc/arm-none-eabi/12.3.1/../../../../arm-none-eabi/lib/thumb/v7e-m+fp/hard\libc_nano.a(libc_a-nano-vfprintf_i.o)
                0x080081e8                _printf_common
 *fill*         0x080082c2        0x2 
 .text._printf_i
                0x080082c4      0x240 D:/STMicroelectronics-installations/STM32CubeIDE_1.16.1/STM32CubeIDE/plugins/com.st.stm32cube.ide.mcu.externaltools.gnu-tools-for-stm32.12.3.rel1.win32_1.1.0.202410251130/tools/bin/../lib/gcc/arm-none-eabi/12.3.1/../../../../arm-none-eabi/lib/thumb/v7e-m+fp/hard\libc_nano.a(libc_a-nano-vfprintf_i.o)
                0x080082c4                _printf_i
 .text.memmove  0x08008504       0x34 D:/STMicroelectronics-installations/STM32CubeIDE_1.16.1/STM32CubeIDE/plugins/com.st.stm32cube.ide.mcu.externaltools.gnu-tools-for-stm32.12.3.rel1.win32_1.1.0.202410251130/tools/bin/../lib/gcc/arm-none-eabi/12.3.1/../../../../arm-none-eabi/lib/thumb/v7e-m+fp/hard\libc_nano.a(libc_a-memmove.o)
                0x08008504                memmove
 .text._sbrk_r  0x08008538       0x20 D:/STMicroelectronics-installations/STM32CubeIDE_1.16.1/STM32CubeIDE/plugins/com.st.stm32cube.ide.mcu.externaltools.gnu-tools-for-stm32.12.3.rel1.win32_1.1.0.202410251130/tools/bin/../lib/gcc/arm-none-eabi/12.3.1/../../../../arm-none-eabi/lib/thumb/v7e-m+fp/hard\libc_nano.a(libc_a-sbrkr.o)
                0x08008538                _sbrk_r
 .text._realloc_r
                0x08008558       0x5c D:/STMicroelectronics-installations/STM32CubeIDE_1.16.1/STM32CubeIDE/plugins/com.st.stm32cube.ide.mcu.externaltools.gnu-tools-for-stm32.12.3.rel1.win32_1.1.0.202410251130/tools/bin/../lib/gcc/arm-none-eabi/12.3.1/../../../../arm-none-eabi/lib/thumb/v7e-m+fp/hard\libc_nano.a(libc_a-reallocr.o)
                0x08008558                _realloc_r
 .text._malloc_usable_size_r
                0x080085b4       0x10 D:/STMicroelectronics-installations/STM32CubeIDE_1.16.1/STM32CubeIDE/plugins/com.st.stm32cube.ide.mcu.externaltools.gnu-tools-for-stm32.12.3.rel1.win32_1.1.0.202410251130/tools/bin/../lib/gcc/arm-none-eabi/12.3.1/../../../../arm-none-eabi/lib/thumb/v7e-m+fp/hard\libc_nano.a(libc_a-msizer.o)
                0x080085b4                _malloc_usable_size_r
 .text.trunc    0x080085c4       0x74 D:/STMicroelectronics-installations/STM32CubeIDE_1.16.1/STM32CubeIDE/plugins/com.st.stm32cube.ide.mcu.externaltools.gnu-tools-for-stm32.12.3.rel1.win32_1.1.0.202410251130/tools/bin/../lib/gcc/arm-none-eabi/12.3.1/../../../../arm-none-eabi/lib/thumb/v7e-m+fp/hard\libm.a(libm_a-s_trunc.o)
                0x080085c4                trunc
 *(.glue_7)
 .glue_7        0x08008638        0x0 linker stubs
 *(.glue_7t)
 .glue_7t       0x08008638        0x0 linker stubs
 *(.eh_frame)
 .eh_frame      0x08008638        0x0 D:/STMicroelectronics-installations/STM32CubeIDE_1.16.1/STM32CubeIDE/plugins/com.st.stm32cube.ide.mcu.externaltools.gnu-tools-for-stm32.12.3.rel1.win32_1.1.0.202410251130/tools/bin/../lib/gcc/arm-none-eabi/12.3.1/thumb/v7e-m+fp/hard/crtbegin.o
 *(.init)
 .init          0x08008638        0x4 D:/STMicroelectronics-installations/STM32CubeIDE_1.16.1/STM32CubeIDE/plugins/com.st.stm32cube.ide.mcu.externaltools.gnu-tools-for-stm32.12.3.rel1.win32_1.1.0.202410251130/tools/bin/../lib/gcc/arm-none-eabi/12.3.1/thumb/v7e-m+fp/hard/crti.o
                0x08008638                _init
 .init          0x0800863c        0x8 D:/STMicroelectronics-installations/STM32CubeIDE_1.16.1/STM32CubeIDE/plugins/com.st.stm32cube.ide.mcu.externaltools.gnu-tools-for-stm32.12.3.rel1.win32_1.1.0.202410251130/tools/bin/../lib/gcc/arm-none-eabi/12.3.1/thumb/v7e-m+fp/hard/crtn.o
 *(.fini)
 .fini          0x08008644        0x4 D:/STMicroelectronics-installations/STM32CubeIDE_1.16.1/STM32CubeIDE/plugins/com.st.stm32cube.ide.mcu.externaltools.gnu-tools-for-stm32.12.3.rel1.win32_1.1.0.202410251130/tools/bin/../lib/gcc/arm-none-eabi/12.3.1/thumb/v7e-m+fp/hard/crti.o
                0x08008644                _fini
 .fini          0x08008648        0x8 D:/STMicroelectronics-installations/STM32CubeIDE_1.16.1/STM32CubeIDE/plugins/com.st.stm32cube.ide.mcu.externaltools.gnu-tools-for-stm32.12.3.rel1.win32_1.1.0.202410251130/tools/bin/../lib/gcc/arm-none-eabi/12.3.1/thumb/v7e-m+fp/hard/crtn.o
                0x08008650                        . = ALIGN (0x4)
                0x08008650                        _etext = .

.vfp11_veneer   0x08008650        0x0
 .vfp11_veneer  0x08008650        0x0 linker stubs

.v4_bx          0x08008650        0x0
 .v4_bx         0x08008650        0x0 linker stubs

.iplt           0x08008650        0x0
 .iplt          0x08008650        0x0 D:/STMicroelectronics-installations/STM32CubeIDE_1.16.1/STM32CubeIDE/plugins/com.st.stm32cube.ide.mcu.externaltools.gnu-tools-for-stm32.12.3.rel1.win32_1.1.0.202410251130/tools/bin/../lib/gcc/arm-none-eabi/12.3.1/thumb/v7e-m+fp/hard/crtbegin.o

.rodata         0x08008650       0xd8
                0x08008650                        . = ALIGN (0x4)
 *(.rodata)
 .rodata        0x08008650       0x31 ./Core/Src/main.o
 *(.rodata*)
 *fill*         0x08008681        0x3 
 .rodata.AHBPrescTable
                0x08008684       0x10 ./Core/Src/system_stm32l4xx.o
                0x08008684                AHBPrescTable
 .rodata.APBPrescTable
                0x08008694        0x8 ./Core/Src/system_stm32l4xx.o
                0x08008694                APBPrescTable
 .rodata.MSIRangeTable
                0x0800869c       0x30 ./Core/Src/system_stm32l4xx.o
                0x0800869c                MSIRangeTable
 .rodata.UARTPrescTable
                0x080086cc       0x18 ./Drivers/STM32L4xx_HAL_Driver/Src/stm32l4xx_hal_uart.o
                0x080086cc                UARTPrescTable
 .rodata.numerator.1
                0x080086e4        0x8 ./Drivers/STM32L4xx_HAL_Driver/Src/stm32l4xx_hal_uart_ex.o
 .rodata.denominator.0
                0x080086ec        0x8 ./Drivers/STM32L4xx_HAL_Driver/Src/stm32l4xx_hal_uart_ex.o
 .rodata._svfprintf_r.str1.1
                0x080086f4       0x11 D:/STMicroelectronics-installations/STM32CubeIDE_1.16.1/STM32CubeIDE/plugins/com.st.stm32cube.ide.mcu.externaltools.gnu-tools-for-stm32.12.3.rel1.win32_1.1.0.202410251130/tools/bin/../lib/gcc/arm-none-eabi/12.3.1/../../../../arm-none-eabi/lib/thumb/v7e-m+fp/hard\libc_nano.a(libc_a-nano-svfprintf.o)
 .rodata._printf_i.str1.1
                0x08008705       0x22 D:/STMicroelectronics-installations/STM32CubeIDE_1.16.1/STM32CubeIDE/plugins/com.st.stm32cube.ide.mcu.externaltools.gnu-tools-for-stm32.12.3.rel1.win32_1.1.0.202410251130/tools/bin/../lib/gcc/arm-none-eabi/12.3.1/../../../../arm-none-eabi/lib/thumb/v7e-m+fp/hard\libc_nano.a(libc_a-nano-vfprintf_i.o)
                0x08008728                        . = ALIGN (0x4)
 *fill*         0x08008727        0x1 

.ARM.extab      0x08008728        0x0
                0x08008728                        . = ALIGN (0x4)
 *(.ARM.extab* .gnu.linkonce.armextab.*)
                0x08008728                        . = ALIGN (0x4)

.ARM            0x08008728        0x8
                0x08008728                        . = ALIGN (0x4)
                0x08008728                        __exidx_start = .
 *(.ARM.exidx*)
 .ARM.exidx     0x08008728        0x8 D:/STMicroelectronics-installations/STM32CubeIDE_1.16.1/STM32CubeIDE/plugins/com.st.stm32cube.ide.mcu.externaltools.gnu-tools-for-stm32.12.3.rel1.win32_1.1.0.202410251130/tools/bin/../lib/gcc/arm-none-eabi/12.3.1/../../../../arm-none-eabi/lib/thumb/v7e-m+fp/hard\libc_nano.a(libc_a-memchr.o)
 .ARM.exidx     0x08008730        0x0 D:/STMicroelectronics-installations/STM32CubeIDE_1.16.1/STM32CubeIDE/plugins/com.st.stm32cube.ide.mcu.externaltools.gnu-tools-for-stm32.12.3.rel1.win32_1.1.0.202410251130/tools/bin/../lib/gcc/arm-none-eabi/12.3.1/thumb/v7e-m+fp/hard\libgcc.a(_udivmoddi4.o)
                                  0x8 (size before relaxing)
                0x08008730                        __exidx_end = .
                0x08008730                        . = ALIGN (0x4)

.preinit_array  0x08008730        0x0
                0x08008730                        . = ALIGN (0x4)
                0x08008730                        PROVIDE (__preinit_array_start = .)
 *(.preinit_array*)
                0x08008730                        PROVIDE (__preinit_array_end = .)
                0x08008730                        . = ALIGN (0x4)

.init_array     0x08008730        0x4
                0x08008730                        . = ALIGN (0x4)
                0x08008730                        PROVIDE (__init_array_start = .)
 *(SORT_BY_NAME(.init_array.*))
 *(.init_array*)
 .init_array    0x08008730        0x4 D:/STMicroelectronics-installations/STM32CubeIDE_1.16.1/STM32CubeIDE/plugins/com.st.stm32cube.ide.mcu.externaltools.gnu-tools-for-stm32.12.3.rel1.win32_1.1.0.202410251130/tools/bin/../lib/gcc/arm-none-eabi/12.3.1/thumb/v7e-m+fp/hard/crtbegin.o
                0x08008734                        PROVIDE (__init_array_end = .)
                0x08008734                        . = ALIGN (0x4)

.fini_array     0x08008734        0x4
                0x08008734                        . = ALIGN (0x4)
                [!provide]                        PROVIDE (__fini_array_start = .)
 *(SORT_BY_NAME(.fini_array.*))
 *(.fini_array*)
 .fini_array    0x08008734        0x4 D:/STMicroelectronics-installations/STM32CubeIDE_1.16.1/STM32CubeIDE/plugins/com.st.stm32cube.ide.mcu.externaltools.gnu-tools-for-stm32.12.3.rel1.win32_1.1.0.202410251130/tools/bin/../lib/gcc/arm-none-eabi/12.3.1/thumb/v7e-m+fp/hard/crtbegin.o
                [!provide]                        PROVIDE (__fini_array_end = .)
                0x08008738                        . = ALIGN (0x4)
                0x08008738                        _sidata = LOADADDR (.data)

.rel.dyn        0x08008738        0x0
 .rel.iplt      0x08008738        0x0 D:/STMicroelectronics-installations/STM32CubeIDE_1.16.1/STM32CubeIDE/plugins/com.st.stm32cube.ide.mcu.externaltools.gnu-tools-for-stm32.12.3.rel1.win32_1.1.0.202410251130/tools/bin/../lib/gcc/arm-none-eabi/12.3.1/thumb/v7e-m+fp/hard/crtbegin.o

.data           0x20000000      0x128 load address 0x08008738
                0x20000000                        . = ALIGN (0x4)
                0x20000000                        _sdata = .
 *(.data)
 *(.data*)
 .data.msg1     0x20000000       0x3b ./Core/Src/main.o
                0x20000000                msg1
 *fill*         0x2000003b        0x1 
 .data.msg2     0x2000003c       0x38 ./Core/Src/main.o
                0x2000003c                msg2
 .data.msg3     0x20000074       0x3a ./Core/Src/main.o
                0x20000074                msg3
 *fill*         0x200000ae        0x2 
 .data.SystemCoreClock
                0x200000b0        0x4 ./Core/Src/system_stm32l4xx.o
                0x200000b0                SystemCoreClock
 .data.HTS221_H_Drv
                0x200000b4        0xc ./Drivers/BSP/Components/hts221/hts221.o
                0x200000b4                HTS221_H_Drv
 .data.HTS221_T_Drv
                0x200000c0       0x10 ./Drivers/BSP/Components/hts221/hts221.o
                0x200000c0                HTS221_T_Drv
 .data.uwTickPrio
                0x200000d0        0x4 ./Drivers/STM32L4xx_HAL_Driver/Src/stm32l4xx_hal.o
                0x200000d0                uwTickPrio
 .data.uwTickFreq
                0x200000d4        0x1 ./Drivers/STM32L4xx_HAL_Driver/Src/stm32l4xx_hal.o
                0x200000d4                uwTickFreq
 *fill*         0x200000d5        0x3 
 .data._impure_ptr
                0x200000d8        0x4 D:/STMicroelectronics-installations/STM32CubeIDE_1.16.1/STM32CubeIDE/plugins/com.st.stm32cube.ide.mcu.externaltools.gnu-tools-for-stm32.12.3.rel1.win32_1.1.0.202410251130/tools/bin/../lib/gcc/arm-none-eabi/12.3.1/../../../../arm-none-eabi/lib/thumb/v7e-m+fp/hard\libc_nano.a(libc_a-impure.o)
                0x200000d8                _impure_ptr
 .data._impure_data
                0x200000dc       0x4c D:/STMicroelectronics-installations/STM32CubeIDE_1.16.1/STM32CubeIDE/plugins/com.st.stm32cube.ide.mcu.externaltools.gnu-tools-for-stm32.12.3.rel1.win32_1.1.0.202410251130/tools/bin/../lib/gcc/arm-none-eabi/12.3.1/../../../../arm-none-eabi/lib/thumb/v7e-m+fp/hard\libc_nano.a(libc_a-impure.o)
                0x200000dc                _impure_data
 *(.RamFunc)
 *(.RamFunc*)
                0x20000128                        . = ALIGN (0x4)
                0x20000128                        _edata = .

.igot.plt       0x20000128        0x0 load address 0x08008860
 .igot.plt      0x20000128        0x0 D:/STMicroelectronics-installations/STM32CubeIDE_1.16.1/STM32CubeIDE/plugins/com.st.stm32cube.ide.mcu.externaltools.gnu-tools-for-stm32.12.3.rel1.win32_1.1.0.202410251130/tools/bin/../lib/gcc/arm-none-eabi/12.3.1/thumb/v7e-m+fp/hard/crtbegin.o
                0x20000128                        . = ALIGN (0x4)

.bss            0x20000128      0x70c load address 0x08008860
                0x20000128                        _sbss = .
                0x20000128                        __bss_start__ = _sbss
 *(.bss)
 .bss           0x20000128       0x1c D:/STMicroelectronics-installations/STM32CubeIDE_1.16.1/STM32CubeIDE/plugins/com.st.stm32cube.ide.mcu.externaltools.gnu-tools-for-stm32.12.3.rel1.win32_1.1.0.202410251130/tools/bin/../lib/gcc/arm-none-eabi/12.3.1/thumb/v7e-m+fp/hard/crtbegin.o
 *(.bss*)
 .bss.hadc1     0x20000144       0x68 ./Core/Src/main.o
                0x20000144                hadc1
 .bss.hdfsdm1_channel2
                0x200001ac       0x38 ./Core/Src/main.o
                0x200001ac                hdfsdm1_channel2
 .bss.hi2c1     0x200001e4       0x54 ./Core/Src/main.o
                0x200001e4                hi2c1
 .bss.hi2c2     0x20000238       0x54 ./Core/Src/main.o
                0x20000238                hi2c2
 .bss.hospi1    0x2000028c       0x50 ./Core/Src/main.o
                0x2000028c                hospi1
 .bss.hspi1     0x200002dc       0x64 ./Core/Src/main.o
                0x200002dc                hspi1
 .bss.hspi3     0x20000340       0x64 ./Core/Src/main.o
                0x20000340                hspi3
 .bss.huart4    0x200003a4       0x94 ./Core/Src/main.o
                0x200003a4                huart4
 .bss.huart1    0x20000438       0x94 ./Core/Src/main.o
                0x20000438                huart1
 .bss.huart2    0x200004cc       0x94 ./Core/Src/main.o
                0x200004cc                huart2
 .bss.huart3    0x20000560       0x94 ./Core/Src/main.o
                0x20000560                huart3
 .bss.temp_value
                0x200005f4        0x4 ./Core/Src/main.o
                0x200005f4                temp_value
 .bss.hum_value
                0x200005f8        0x4 ./Core/Src/main.o
                0x200005f8                hum_value
 .bss.str_tmp   0x200005fc       0x64 ./Core/Src/main.o
                0x200005fc                str_tmp
 .bss.DFSDM1_Init
                0x20000660        0x4 ./Core/Src/stm32l4xx_hal_msp.o
 .bss.__sbrk_heap_end
                0x20000664        0x4 ./Core/Src/sysmem.o
 .bss.hI2cHandler
                0x20000668       0x54 ./Drivers/BSP/B-L4S5I-IOT01/stm32l4s5i_iot01.o
                0x20000668                hI2cHandler
 .bss.Hsensor_drv
                0x200006bc        0x4 ./Drivers/BSP/B-L4S5I-IOT01/stm32l4s5i_iot01_hsensor.o
 .bss.tsensor_drv
                0x200006c0        0x4 ./Drivers/BSP/B-L4S5I-IOT01/stm32l4s5i_iot01_tsensor.o
 .bss.uwTick    0x200006c4        0x4 ./Drivers/STM32L4xx_HAL_Driver/Src/stm32l4xx_hal.o
                0x200006c4                uwTick
 .bss.v_dfsdm1ChannelCounter
                0x200006c8        0x4 ./Drivers/STM32L4xx_HAL_Driver/Src/stm32l4xx_hal_dfsdm.o
 .bss.a_dfsdm1ChannelHandle
                0x200006cc       0x20 ./Drivers/STM32L4xx_HAL_Driver/Src/stm32l4xx_hal_dfsdm.o
 .bss.__sf      0x200006ec      0x138 D:/STMicroelectronics-installations/STM32CubeIDE_1.16.1/STM32CubeIDE/plugins/com.st.stm32cube.ide.mcu.externaltools.gnu-tools-for-stm32.12.3.rel1.win32_1.1.0.202410251130/tools/bin/../lib/gcc/arm-none-eabi/12.3.1/../../../../arm-none-eabi/lib/thumb/v7e-m+fp/hard\libc_nano.a(libc_a-findfp.o)
                0x200006ec                __sf
 .bss.errno     0x20000824        0x4 D:/STMicroelectronics-installations/STM32CubeIDE_1.16.1/STM32CubeIDE/plugins/com.st.stm32cube.ide.mcu.externaltools.gnu-tools-for-stm32.12.3.rel1.win32_1.1.0.202410251130/tools/bin/../lib/gcc/arm-none-eabi/12.3.1/../../../../arm-none-eabi/lib/thumb/v7e-m+fp/hard\libc_nano.a(libc_a-reent.o)
                0x20000824                errno
 .bss.__lock___malloc_recursive_mutex
                0x20000828        0x1 D:/STMicroelectronics-installations/STM32CubeIDE_1.16.1/STM32CubeIDE/plugins/com.st.stm32cube.ide.mcu.externaltools.gnu-tools-for-stm32.12.3.rel1.win32_1.1.0.202410251130/tools/bin/../lib/gcc/arm-none-eabi/12.3.1/../../../../arm-none-eabi/lib/thumb/v7e-m+fp/hard\libc_nano.a(libc_a-lock.o)
                0x20000828                __lock___malloc_recursive_mutex
 *fill*         0x20000829        0x3 
 .bss.__malloc_sbrk_start
                0x2000082c        0x4 D:/STMicroelectronics-installations/STM32CubeIDE_1.16.1/STM32CubeIDE/plugins/com.st.stm32cube.ide.mcu.externaltools.gnu-tools-for-stm32.12.3.rel1.win32_1.1.0.202410251130/tools/bin/../lib/gcc/arm-none-eabi/12.3.1/../../../../arm-none-eabi/lib/thumb/v7e-m+fp/hard\libc_nano.a(libc_a-mallocr.o)
                0x2000082c                __malloc_sbrk_start
 .bss.__malloc_free_list
                0x20000830        0x4 D:/STMicroelectronics-installations/STM32CubeIDE_1.16.1/STM32CubeIDE/plugins/com.st.stm32cube.ide.mcu.externaltools.gnu-tools-for-stm32.12.3.rel1.win32_1.1.0.202410251130/tools/bin/../lib/gcc/arm-none-eabi/12.3.1/../../../../arm-none-eabi/lib/thumb/v7e-m+fp/hard\libc_nano.a(libc_a-mallocr.o)
                0x20000830                __malloc_free_list
 *(COMMON)
                0x20000834                        . = ALIGN (0x4)
                0x20000834                        _ebss = .
                0x20000834                        __bss_end__ = _ebss

._user_heap_stack
                0x20000834      0x604 load address 0x08008860
                0x20000838                        . = ALIGN (0x8)
 *fill*         0x20000834        0x4 
                [!provide]                        PROVIDE (end = .)
                0x20000838                        PROVIDE (_end = .)
                0x20000a38                        . = (. + _Min_Heap_Size)
 *fill*         0x20000838      0x200 
                0x20000e38                        . = (. + _Min_Stack_Size)
 *fill*         0x20000a38      0x400 
                0x20000e38                        . = ALIGN (0x8)

/DISCARD/
 libc.a(*)
 libm.a(*)
 libgcc.a(*)

.ARM.attributes
                0x00000000       0x30
 *(.ARM.attributes)
 .ARM.attributes
                0x00000000       0x22 D:/STMicroelectronics-installations/STM32CubeIDE_1.16.1/STM32CubeIDE/plugins/com.st.stm32cube.ide.mcu.externaltools.gnu-tools-for-stm32.12.3.rel1.win32_1.1.0.202410251130/tools/bin/../lib/gcc/arm-none-eabi/12.3.1/thumb/v7e-m+fp/hard/crti.o
 .ARM.attributes
                0x00000022       0x34 D:/STMicroelectronics-installations/STM32CubeIDE_1.16.1/STM32CubeIDE/plugins/com.st.stm32cube.ide.mcu.externaltools.gnu-tools-for-stm32.12.3.rel1.win32_1.1.0.202410251130/tools/bin/../lib/gcc/arm-none-eabi/12.3.1/thumb/v7e-m+fp/hard/crtbegin.o
 .ARM.attributes
                0x00000056       0x34 ./Core/Src/main.o
 .ARM.attributes
                0x0000008a       0x34 ./Core/Src/stm32l4xx_hal_msp.o
 .ARM.attributes
                0x000000be       0x34 ./Core/Src/stm32l4xx_it.o
 .ARM.attributes
                0x000000f2       0x34 ./Core/Src/sysmem.o
 .ARM.attributes
                0x00000126       0x34 ./Core/Src/system_stm32l4xx.o
 .ARM.attributes
                0x0000015a       0x21 ./Core/Startup/startup_stm32l4s5vitx.o
 .ARM.attributes
                0x0000017b       0x34 ./Drivers/BSP/B-L4S5I-IOT01/stm32l4s5i_iot01.o
 .ARM.attributes
                0x000001af       0x34 ./Drivers/BSP/B-L4S5I-IOT01/stm32l4s5i_iot01_hsensor.o
 .ARM.attributes
                0x000001e3       0x34 ./Drivers/BSP/B-L4S5I-IOT01/stm32l4s5i_iot01_tsensor.o
 .ARM.attributes
                0x00000217       0x34 ./Drivers/BSP/Components/hts221/hts221.o
 .ARM.attributes
                0x0000024b       0x34 ./Drivers/STM32L4xx_HAL_Driver/Src/stm32l4xx_hal.o
 .ARM.attributes
                0x0000027f       0x34 ./Drivers/STM32L4xx_HAL_Driver/Src/stm32l4xx_hal_adc.o
 .ARM.attributes
                0x000002b3       0x34 ./Drivers/STM32L4xx_HAL_Driver/Src/stm32l4xx_hal_cortex.o
 .ARM.attributes
                0x000002e7       0x34 ./Drivers/STM32L4xx_HAL_Driver/Src/stm32l4xx_hal_dfsdm.o
 .ARM.attributes
                0x0000031b       0x34 ./Drivers/STM32L4xx_HAL_Driver/Src/stm32l4xx_hal_gpio.o
 .ARM.attributes
                0x0000034f       0x34 ./Drivers/STM32L4xx_HAL_Driver/Src/stm32l4xx_hal_i2c.o
 .ARM.attributes
                0x00000383       0x34 ./Drivers/STM32L4xx_HAL_Driver/Src/stm32l4xx_hal_i2c_ex.o
 .ARM.attributes
                0x000003b7       0x34 ./Drivers/STM32L4xx_HAL_Driver/Src/stm32l4xx_hal_ospi.o
 .ARM.attributes
                0x000003eb       0x34 ./Drivers/STM32L4xx_HAL_Driver/Src/stm32l4xx_hal_pwr.o
 .ARM.attributes
                0x0000041f       0x34 ./Drivers/STM32L4xx_HAL_Driver/Src/stm32l4xx_hal_pwr_ex.o
 .ARM.attributes
                0x00000453       0x34 ./Drivers/STM32L4xx_HAL_Driver/Src/stm32l4xx_hal_rcc.o
 .ARM.attributes
                0x00000487       0x34 ./Drivers/STM32L4xx_HAL_Driver/Src/stm32l4xx_hal_rcc_ex.o
 .ARM.attributes
                0x000004bb       0x34 ./Drivers/STM32L4xx_HAL_Driver/Src/stm32l4xx_hal_spi.o
 .ARM.attributes
                0x000004ef       0x34 ./Drivers/STM32L4xx_HAL_Driver/Src/stm32l4xx_hal_uart.o
 .ARM.attributes
                0x00000523       0x34 ./Drivers/STM32L4xx_HAL_Driver/Src/stm32l4xx_hal_uart_ex.o
 .ARM.attributes
                0x00000557       0x34 D:/STMicroelectronics-installations/STM32CubeIDE_1.16.1/STM32CubeIDE/plugins/com.st.stm32cube.ide.mcu.externaltools.gnu-tools-for-stm32.12.3.rel1.win32_1.1.0.202410251130/tools/bin/../lib/gcc/arm-none-eabi/12.3.1/../../../../arm-none-eabi/lib/thumb/v7e-m+fp/hard\libc_nano.a(libc_a-findfp.o)
 .ARM.attributes
                0x0000058b       0x34 D:/STMicroelectronics-installations/STM32CubeIDE_1.16.1/STM32CubeIDE/plugins/com.st.stm32cube.ide.mcu.externaltools.gnu-tools-for-stm32.12.3.rel1.win32_1.1.0.202410251130/tools/bin/../lib/gcc/arm-none-eabi/12.3.1/../../../../arm-none-eabi/lib/thumb/v7e-m+fp/hard\libc_nano.a(libc_a-snprintf.o)
 .ARM.attributes
                0x000005bf       0x34 D:/STMicroelectronics-installations/STM32CubeIDE_1.16.1/STM32CubeIDE/plugins/com.st.stm32cube.ide.mcu.externaltools.gnu-tools-for-stm32.12.3.rel1.win32_1.1.0.202410251130/tools/bin/../lib/gcc/arm-none-eabi/12.3.1/../../../../arm-none-eabi/lib/thumb/v7e-m+fp/hard\libc_nano.a(libc_a-memset.o)
 .ARM.attributes
                0x000005f3       0x34 D:/STMicroelectronics-installations/STM32CubeIDE_1.16.1/STM32CubeIDE/plugins/com.st.stm32cube.ide.mcu.externaltools.gnu-tools-for-stm32.12.3.rel1.win32_1.1.0.202410251130/tools/bin/../lib/gcc/arm-none-eabi/12.3.1/../../../../arm-none-eabi/lib/thumb/v7e-m+fp/hard\libc_nano.a(libc_a-reent.o)
 .ARM.attributes
                0x00000627       0x34 D:/STMicroelectronics-installations/STM32CubeIDE_1.16.1/STM32CubeIDE/plugins/com.st.stm32cube.ide.mcu.externaltools.gnu-tools-for-stm32.12.3.rel1.win32_1.1.0.202410251130/tools/bin/../lib/gcc/arm-none-eabi/12.3.1/../../../../arm-none-eabi/lib/thumb/v7e-m+fp/hard\libc_nano.a(libc_a-impure.o)
 .ARM.attributes
                0x0000065b       0x34 D:/STMicroelectronics-installations/STM32CubeIDE_1.16.1/STM32CubeIDE/plugins/com.st.stm32cube.ide.mcu.externaltools.gnu-tools-for-stm32.12.3.rel1.win32_1.1.0.202410251130/tools/bin/../lib/gcc/arm-none-eabi/12.3.1/../../../../arm-none-eabi/lib/thumb/v7e-m+fp/hard\libc_nano.a(libc_a-errno.o)
 .ARM.attributes
                0x0000068f       0x34 D:/STMicroelectronics-installations/STM32CubeIDE_1.16.1/STM32CubeIDE/plugins/com.st.stm32cube.ide.mcu.externaltools.gnu-tools-for-stm32.12.3.rel1.win32_1.1.0.202410251130/tools/bin/../lib/gcc/arm-none-eabi/12.3.1/../../../../arm-none-eabi/lib/thumb/v7e-m+fp/hard\libc_nano.a(libc_a-init.o)
 .ARM.attributes
                0x000006c3       0x34 D:/STMicroelectronics-installations/STM32CubeIDE_1.16.1/STM32CubeIDE/plugins/com.st.stm32cube.ide.mcu.externaltools.gnu-tools-for-stm32.12.3.rel1.win32_1.1.0.202410251130/tools/bin/../lib/gcc/arm-none-eabi/12.3.1/../../../../arm-none-eabi/lib/thumb/v7e-m+fp/hard\libc_nano.a(libc_a-lock.o)
 .ARM.attributes
                0x000006f7       0x34 D:/STMicroelectronics-installations/STM32CubeIDE_1.16.1/STM32CubeIDE/plugins/com.st.stm32cube.ide.mcu.externaltools.gnu-tools-for-stm32.12.3.rel1.win32_1.1.0.202410251130/tools/bin/../lib/gcc/arm-none-eabi/12.3.1/../../../../arm-none-eabi/lib/thumb/v7e-m+fp/hard\libc_nano.a(libc_a-memcpy-stub.o)
 .ARM.attributes
                0x0000072b       0x34 D:/STMicroelectronics-installations/STM32CubeIDE_1.16.1/STM32CubeIDE/plugins/com.st.stm32cube.ide.mcu.externaltools.gnu-tools-for-stm32.12.3.rel1.win32_1.1.0.202410251130/tools/bin/../lib/gcc/arm-none-eabi/12.3.1/../../../../arm-none-eabi/lib/thumb/v7e-m+fp/hard\libc_nano.a(libc_a-freer.o)
 .ARM.attributes
                0x0000075f       0x34 D:/STMicroelectronics-installations/STM32CubeIDE_1.16.1/STM32CubeIDE/plugins/com.st.stm32cube.ide.mcu.externaltools.gnu-tools-for-stm32.12.3.rel1.win32_1.1.0.202410251130/tools/bin/../lib/gcc/arm-none-eabi/12.3.1/../../../../arm-none-eabi/lib/thumb/v7e-m+fp/hard\libc_nano.a(libc_a-mallocr.o)
 .ARM.attributes
                0x00000793       0x34 D:/STMicroelectronics-installations/STM32CubeIDE_1.16.1/STM32CubeIDE/plugins/com.st.stm32cube.ide.mcu.externaltools.gnu-tools-for-stm32.12.3.rel1.win32_1.1.0.202410251130/tools/bin/../lib/gcc/arm-none-eabi/12.3.1/../../../../arm-none-eabi/lib/thumb/v7e-m+fp/hard\libc_nano.a(libc_a-mlock.o)
 .ARM.attributes
                0x000007c7       0x34 D:/STMicroelectronics-installations/STM32CubeIDE_1.16.1/STM32CubeIDE/plugins/com.st.stm32cube.ide.mcu.externaltools.gnu-tools-for-stm32.12.3.rel1.win32_1.1.0.202410251130/tools/bin/../lib/gcc/arm-none-eabi/12.3.1/../../../../arm-none-eabi/lib/thumb/v7e-m+fp/hard\libc_nano.a(libc_a-nano-svfprintf.o)
 .ARM.attributes
                0x000007fb       0x34 D:/STMicroelectronics-installations/STM32CubeIDE_1.16.1/STM32CubeIDE/plugins/com.st.stm32cube.ide.mcu.externaltools.gnu-tools-for-stm32.12.3.rel1.win32_1.1.0.202410251130/tools/bin/../lib/gcc/arm-none-eabi/12.3.1/../../../../arm-none-eabi/lib/thumb/v7e-m+fp/hard\libc_nano.a(libc_a-nano-vfprintf_i.o)
 .ARM.attributes
                0x0000082f       0x34 D:/STMicroelectronics-installations/STM32CubeIDE_1.16.1/STM32CubeIDE/plugins/com.st.stm32cube.ide.mcu.externaltools.gnu-tools-for-stm32.12.3.rel1.win32_1.1.0.202410251130/tools/bin/../lib/gcc/arm-none-eabi/12.3.1/../../../../arm-none-eabi/lib/thumb/v7e-m+fp/hard\libc_nano.a(libc_a-memmove.o)
 .ARM.attributes
                0x00000863       0x34 D:/STMicroelectronics-installations/STM32CubeIDE_1.16.1/STM32CubeIDE/plugins/com.st.stm32cube.ide.mcu.externaltools.gnu-tools-for-stm32.12.3.rel1.win32_1.1.0.202410251130/tools/bin/../lib/gcc/arm-none-eabi/12.3.1/../../../../arm-none-eabi/lib/thumb/v7e-m+fp/hard\libc_nano.a(libc_a-sbrkr.o)
 .ARM.attributes
                0x00000897       0x1c D:/STMicroelectronics-installations/STM32CubeIDE_1.16.1/STM32CubeIDE/plugins/com.st.stm32cube.ide.mcu.externaltools.gnu-tools-for-stm32.12.3.rel1.win32_1.1.0.202410251130/tools/bin/../lib/gcc/arm-none-eabi/12.3.1/../../../../arm-none-eabi/lib/thumb/v7e-m+fp/hard\libc_nano.a(libc_a-memchr.o)
 .ARM.attributes
                0x000008b3       0x34 D:/STMicroelectronics-installations/STM32CubeIDE_1.16.1/STM32CubeIDE/plugins/com.st.stm32cube.ide.mcu.externaltools.gnu-tools-for-stm32.12.3.rel1.win32_1.1.0.202410251130/tools/bin/../lib/gcc/arm-none-eabi/12.3.1/../../../../arm-none-eabi/lib/thumb/v7e-m+fp/hard\libc_nano.a(libc_a-reallocr.o)
 .ARM.attributes
                0x000008e7       0x34 D:/STMicroelectronics-installations/STM32CubeIDE_1.16.1/STM32CubeIDE/plugins/com.st.stm32cube.ide.mcu.externaltools.gnu-tools-for-stm32.12.3.rel1.win32_1.1.0.202410251130/tools/bin/../lib/gcc/arm-none-eabi/12.3.1/../../../../arm-none-eabi/lib/thumb/v7e-m+fp/hard\libc_nano.a(libc_a-msizer.o)
 .ARM.attributes
                0x0000091b       0x34 D:/STMicroelectronics-installations/STM32CubeIDE_1.16.1/STM32CubeIDE/plugins/com.st.stm32cube.ide.mcu.externaltools.gnu-tools-for-stm32.12.3.rel1.win32_1.1.0.202410251130/tools/bin/../lib/gcc/arm-none-eabi/12.3.1/../../../../arm-none-eabi/lib/thumb/v7e-m+fp/hard\libm.a(libm_a-s_trunc.o)
 .ARM.attributes
                0x0000094f       0x22 D:/STMicroelectronics-installations/STM32CubeIDE_1.16.1/STM32CubeIDE/plugins/com.st.stm32cube.ide.mcu.externaltools.gnu-tools-for-stm32.12.3.rel1.win32_1.1.0.202410251130/tools/bin/../lib/gcc/arm-none-eabi/12.3.1/thumb/v7e-m+fp/hard\libgcc.a(_arm_addsubdf3.o)
 .ARM.attributes
                0x00000971       0x22 D:/STMicroelectronics-installations/STM32CubeIDE_1.16.1/STM32CubeIDE/plugins/com.st.stm32cube.ide.mcu.externaltools.gnu-tools-for-stm32.12.3.rel1.win32_1.1.0.202410251130/tools/bin/../lib/gcc/arm-none-eabi/12.3.1/thumb/v7e-m+fp/hard\libgcc.a(_arm_fixdfsi.o)
 .ARM.attributes
                0x00000993       0x22 D:/STMicroelectronics-installations/STM32CubeIDE_1.16.1/STM32CubeIDE/plugins/com.st.stm32cube.ide.mcu.externaltools.gnu-tools-for-stm32.12.3.rel1.win32_1.1.0.202410251130/tools/bin/../lib/gcc/arm-none-eabi/12.3.1/thumb/v7e-m+fp/hard\libgcc.a(_aeabi_uldivmod.o)
 .ARM.attributes
                0x000009b5       0x34 D:/STMicroelectronics-installations/STM32CubeIDE_1.16.1/STM32CubeIDE/plugins/com.st.stm32cube.ide.mcu.externaltools.gnu-tools-for-stm32.12.3.rel1.win32_1.1.0.202410251130/tools/bin/../lib/gcc/arm-none-eabi/12.3.1/thumb/v7e-m+fp/hard\libgcc.a(_udivmoddi4.o)
 .ARM.attributes
                0x000009e9       0x22 D:/STMicroelectronics-installations/STM32CubeIDE_1.16.1/STM32CubeIDE/plugins/com.st.stm32cube.ide.mcu.externaltools.gnu-tools-for-stm32.12.3.rel1.win32_1.1.0.202410251130/tools/bin/../lib/gcc/arm-none-eabi/12.3.1/thumb/v7e-m+fp/hard\libgcc.a(_dvmd_tls.o)
 .ARM.attributes
                0x00000a0b       0x22 D:/STMicroelectronics-installations/STM32CubeIDE_1.16.1/STM32CubeIDE/plugins/com.st.stm32cube.ide.mcu.externaltools.gnu-tools-for-stm32.12.3.rel1.win32_1.1.0.202410251130/tools/bin/../lib/gcc/arm-none-eabi/12.3.1/thumb/v7e-m+fp/hard/crtn.o
OUTPUT(STM32-EDS-FinalProject-Group4.elf elf32-littlearm)
LOAD linker stubs
LOAD D:/STMicroelectronics-installations/STM32CubeIDE_1.16.1/STM32CubeIDE/plugins/com.st.stm32cube.ide.mcu.externaltools.gnu-tools-for-stm32.12.3.rel1.win32_1.1.0.202410251130/tools/bin/../lib/gcc/arm-none-eabi/12.3.1/../../../../arm-none-eabi/lib/thumb/v7e-m+fp/hard\libc.a
LOAD D:/STMicroelectronics-installations/STM32CubeIDE_1.16.1/STM32CubeIDE/plugins/com.st.stm32cube.ide.mcu.externaltools.gnu-tools-for-stm32.12.3.rel1.win32_1.1.0.202410251130/tools/bin/../lib/gcc/arm-none-eabi/12.3.1/../../../../arm-none-eabi/lib/thumb/v7e-m+fp/hard\libm.a
LOAD D:/STMicroelectronics-installations/STM32CubeIDE_1.16.1/STM32CubeIDE/plugins/com.st.stm32cube.ide.mcu.externaltools.gnu-tools-for-stm32.12.3.rel1.win32_1.1.0.202410251130/tools/bin/../lib/gcc/arm-none-eabi/12.3.1/thumb/v7e-m+fp/hard\libgcc.a

.debug_info     0x00000000    0x1baae
 .debug_info    0x00000000     0x2903 ./Core/Src/main.o
 .debug_info    0x00002903     0x22a9 ./Core/Src/stm32l4xx_hal_msp.o
 .debug_info    0x00004bac      0x15c ./Core/Src/stm32l4xx_it.o
 .debug_info    0x00004d08      0x168 ./Core/Src/sysmem.o
 .debug_info    0x00004e70      0x5e9 ./Core/Src/system_stm32l4xx.o
 .debug_info    0x00005459       0x30 ./Core/Startup/startup_stm32l4s5vitx.o
 .debug_info    0x00005489     0x1cf8 ./Drivers/BSP/B-L4S5I-IOT01/stm32l4s5i_iot01.o
 .debug_info    0x00007181      0x1c5 ./Drivers/BSP/B-L4S5I-IOT01/stm32l4s5i_iot01_hsensor.o
 .debug_info    0x00007346      0x25e ./Drivers/BSP/B-L4S5I-IOT01/stm32l4s5i_iot01_tsensor.o
 .debug_info    0x000075a4      0x4de ./Drivers/BSP/Components/hts221/hts221.o
 .debug_info    0x00007a82      0xb4f ./Drivers/STM32L4xx_HAL_Driver/Src/stm32l4xx_hal.o
 .debug_info    0x000085d1     0x1e20 ./Drivers/STM32L4xx_HAL_Driver/Src/stm32l4xx_hal_adc.o
 .debug_info    0x0000a3f1      0xd9f ./Drivers/STM32L4xx_HAL_Driver/Src/stm32l4xx_hal_cortex.o
 .debug_info    0x0000b190     0x1b78 ./Drivers/STM32L4xx_HAL_Driver/Src/stm32l4xx_hal_dfsdm.o
 .debug_info    0x0000cd08      0x787 ./Drivers/STM32L4xx_HAL_Driver/Src/stm32l4xx_hal_gpio.o
 .debug_info    0x0000d48f     0x21ea ./Drivers/STM32L4xx_HAL_Driver/Src/stm32l4xx_hal_i2c.o
 .debug_info    0x0000f679      0xafd ./Drivers/STM32L4xx_HAL_Driver/Src/stm32l4xx_hal_i2c_ex.o
 .debug_info    0x00010176     0x180d ./Drivers/STM32L4xx_HAL_Driver/Src/stm32l4xx_hal_ospi.o
 .debug_info    0x00011983      0x99e ./Drivers/STM32L4xx_HAL_Driver/Src/stm32l4xx_hal_pwr.o
 .debug_info    0x00012321      0xa0a ./Drivers/STM32L4xx_HAL_Driver/Src/stm32l4xx_hal_pwr_ex.o
 .debug_info    0x00012d2b      0xd32 ./Drivers/STM32L4xx_HAL_Driver/Src/stm32l4xx_hal_rcc.o
 .debug_info    0x00013a5d     0x1167 ./Drivers/STM32L4xx_HAL_Driver/Src/stm32l4xx_hal_rcc_ex.o
 .debug_info    0x00014bc4     0x165d ./Drivers/STM32L4xx_HAL_Driver/Src/stm32l4xx_hal_spi.o
 .debug_info    0x00016221     0x4875 ./Drivers/STM32L4xx_HAL_Driver/Src/stm32l4xx_hal_uart.o
 .debug_info    0x0001aa96     0x1018 ./Drivers/STM32L4xx_HAL_Driver/Src/stm32l4xx_hal_uart_ex.o

.debug_abbrev   0x00000000     0x33b6
 .debug_abbrev  0x00000000      0x30f ./Core/Src/main.o
 .debug_abbrev  0x0000030f      0x250 ./Core/Src/stm32l4xx_hal_msp.o
 .debug_abbrev  0x0000055f       0xa0 ./Core/Src/stm32l4xx_it.o
 .debug_abbrev  0x000005ff       0xbc ./Core/Src/sysmem.o
 .debug_abbrev  0x000006bb      0x11a ./Core/Src/system_stm32l4xx.o
 .debug_abbrev  0x000007d5       0x24 ./Core/Startup/startup_stm32l4s5vitx.o
 .debug_abbrev  0x000007f9      0x317 ./Drivers/BSP/B-L4S5I-IOT01/stm32l4s5i_iot01.o
 .debug_abbrev  0x00000b10      0x10a ./Drivers/BSP/B-L4S5I-IOT01/stm32l4s5i_iot01_hsensor.o
 .debug_abbrev  0x00000c1a      0x11d ./Drivers/BSP/B-L4S5I-IOT01/stm32l4s5i_iot01_tsensor.o
 .debug_abbrev  0x00000d37      0x182 ./Drivers/BSP/Components/hts221/hts221.o
 .debug_abbrev  0x00000eb9      0x242 ./Drivers/STM32L4xx_HAL_Driver/Src/stm32l4xx_hal.o
 .debug_abbrev  0x000010fb      0x2d4 ./Drivers/STM32L4xx_HAL_Driver/Src/stm32l4xx_hal_adc.o
 .debug_abbrev  0x000013cf      0x31c ./Drivers/STM32L4xx_HAL_Driver/Src/stm32l4xx_hal_cortex.o
 .debug_abbrev  0x000016eb      0x27b ./Drivers/STM32L4xx_HAL_Driver/Src/stm32l4xx_hal_dfsdm.o
 .debug_abbrev  0x00001966      0x1cb ./Drivers/STM32L4xx_HAL_Driver/Src/stm32l4xx_hal_gpio.o
 .debug_abbrev  0x00001b31      0x25e ./Drivers/STM32L4xx_HAL_Driver/Src/stm32l4xx_hal_i2c.o
 .debug_abbrev  0x00001d8f      0x1c0 ./Drivers/STM32L4xx_HAL_Driver/Src/stm32l4xx_hal_i2c_ex.o
 .debug_abbrev  0x00001f4f      0x2be ./Drivers/STM32L4xx_HAL_Driver/Src/stm32l4xx_hal_ospi.o
 .debug_abbrev  0x0000220d      0x1d4 ./Drivers/STM32L4xx_HAL_Driver/Src/stm32l4xx_hal_pwr.o
 .debug_abbrev  0x000023e1      0x1f9 ./Drivers/STM32L4xx_HAL_Driver/Src/stm32l4xx_hal_pwr_ex.o
 .debug_abbrev  0x000025da      0x306 ./Drivers/STM32L4xx_HAL_Driver/Src/stm32l4xx_hal_rcc.o
 .debug_abbrev  0x000028e0      0x2a3 ./Drivers/STM32L4xx_HAL_Driver/Src/stm32l4xx_hal_rcc_ex.o
 .debug_abbrev  0x00002b83      0x25d ./Drivers/STM32L4xx_HAL_Driver/Src/stm32l4xx_hal_spi.o
 .debug_abbrev  0x00002de0      0x304 ./Drivers/STM32L4xx_HAL_Driver/Src/stm32l4xx_hal_uart.o
 .debug_abbrev  0x000030e4      0x2d2 ./Drivers/STM32L4xx_HAL_Driver/Src/stm32l4xx_hal_uart_ex.o

.debug_aranges  0x00000000     0x1798
 .debug_aranges
                0x00000000       0xa0 ./Core/Src/main.o
 .debug_aranges
                0x000000a0       0x80 ./Core/Src/stm32l4xx_hal_msp.o
 .debug_aranges
                0x00000120       0x70 ./Core/Src/stm32l4xx_it.o
 .debug_aranges
                0x00000190       0x20 ./Core/Src/sysmem.o
 .debug_aranges
                0x000001b0       0x28 ./Core/Src/system_stm32l4xx.o
 .debug_aranges
                0x000001d8       0x28 ./Core/Startup/startup_stm32l4s5vitx.o
 .debug_aranges
                0x00000200      0x120 ./Drivers/BSP/B-L4S5I-IOT01/stm32l4s5i_iot01.o
 .debug_aranges
                0x00000320       0x30 ./Drivers/BSP/B-L4S5I-IOT01/stm32l4s5i_iot01_hsensor.o
 .debug_aranges
                0x00000350       0x28 ./Drivers/BSP/B-L4S5I-IOT01/stm32l4s5i_iot01_tsensor.o
 .debug_aranges
                0x00000378       0x40 ./Drivers/BSP/Components/hts221/hts221.o
 .debug_aranges
                0x000003b8      0x130 ./Drivers/STM32L4xx_HAL_Driver/Src/stm32l4xx_hal.o
 .debug_aranges
                0x000004e8      0x218 ./Drivers/STM32L4xx_HAL_Driver/Src/stm32l4xx_hal_adc.o
 .debug_aranges
                0x00000700      0x128 ./Drivers/STM32L4xx_HAL_Driver/Src/stm32l4xx_hal_cortex.o
 .debug_aranges
                0x00000828      0x248 ./Drivers/STM32L4xx_HAL_Driver/Src/stm32l4xx_hal_dfsdm.o
 .debug_aranges
                0x00000a70       0x58 ./Drivers/STM32L4xx_HAL_Driver/Src/stm32l4xx_hal_gpio.o
 .debug_aranges
                0x00000ac8      0x2a0 ./Drivers/STM32L4xx_HAL_Driver/Src/stm32l4xx_hal_i2c.o
 .debug_aranges
                0x00000d68       0x48 ./Drivers/STM32L4xx_HAL_Driver/Src/stm32l4xx_hal_i2c_ex.o
 .debug_aranges
                0x00000db0      0x170 ./Drivers/STM32L4xx_HAL_Driver/Src/stm32l4xx_hal_ospi.o
 .debug_aranges
                0x00000f20       0x98 ./Drivers/STM32L4xx_HAL_Driver/Src/stm32l4xx_hal_pwr.o
 .debug_aranges
                0x00000fb8      0x170 ./Drivers/STM32L4xx_HAL_Driver/Src/stm32l4xx_hal_pwr_ex.o
 .debug_aranges
                0x00001128       0x98 ./Drivers/STM32L4xx_HAL_Driver/Src/stm32l4xx_hal_rcc.o
 .debug_aranges
                0x000011c0      0x110 ./Drivers/STM32L4xx_HAL_Driver/Src/stm32l4xx_hal_rcc_ex.o
 .debug_aranges
                0x000012d0      0x1d8 ./Drivers/STM32L4xx_HAL_Driver/Src/stm32l4xx_hal_spi.o
 .debug_aranges
                0x000014a8      0x248 ./Drivers/STM32L4xx_HAL_Driver/Src/stm32l4xx_hal_uart.o
 .debug_aranges
                0x000016f0       0xa8 ./Drivers/STM32L4xx_HAL_Driver/Src/stm32l4xx_hal_uart_ex.o

.debug_rnglists
                0x00000000     0x1246
 .debug_rnglists
                0x00000000       0x7e ./Core/Src/main.o
 .debug_rnglists
                0x0000007e       0x62 ./Core/Src/stm32l4xx_hal_msp.o
 .debug_rnglists
                0x000000e0       0x4f ./Core/Src/stm32l4xx_it.o
 .debug_rnglists
                0x0000012f       0x13 ./Core/Src/sysmem.o
 .debug_rnglists
                0x00000142       0x1a ./Core/Src/system_stm32l4xx.o
 .debug_rnglists
                0x0000015c       0x19 ./Core/Startup/startup_stm32l4s5vitx.o
 .debug_rnglists
                0x00000175       0xd6 ./Drivers/BSP/B-L4S5I-IOT01/stm32l4s5i_iot01.o
 .debug_rnglists
                0x0000024b       0x1f ./Drivers/BSP/B-L4S5I-IOT01/stm32l4s5i_iot01_hsensor.o
 .debug_rnglists
                0x0000026a       0x19 ./Drivers/BSP/B-L4S5I-IOT01/stm32l4s5i_iot01_tsensor.o
 .debug_rnglists
                0x00000283       0x2d ./Drivers/BSP/Components/hts221/hts221.o
 .debug_rnglists
                0x000002b0       0xdf ./Drivers/STM32L4xx_HAL_Driver/Src/stm32l4xx_hal.o
 .debug_rnglists
                0x0000038f      0x19c ./Drivers/STM32L4xx_HAL_Driver/Src/stm32l4xx_hal_adc.o
 .debug_rnglists
                0x0000052b       0xda ./Drivers/STM32L4xx_HAL_Driver/Src/stm32l4xx_hal_cortex.o
 .debug_rnglists
                0x00000605      0x1c7 ./Drivers/STM32L4xx_HAL_Driver/Src/stm32l4xx_hal_dfsdm.o
 .debug_rnglists
                0x000007cc       0x3f ./Drivers/STM32L4xx_HAL_Driver/Src/stm32l4xx_hal_gpio.o
 .debug_rnglists
                0x0000080b      0x228 ./Drivers/STM32L4xx_HAL_Driver/Src/stm32l4xx_hal_i2c.o
 .debug_rnglists
                0x00000a33       0x35 ./Drivers/STM32L4xx_HAL_Driver/Src/stm32l4xx_hal_i2c_ex.o
 .debug_rnglists
                0x00000a68      0x122 ./Drivers/STM32L4xx_HAL_Driver/Src/stm32l4xx_hal_ospi.o
 .debug_rnglists
                0x00000b8a       0x6e ./Drivers/STM32L4xx_HAL_Driver/Src/stm32l4xx_hal_pwr.o
 .debug_rnglists
                0x00000bf8      0x115 ./Drivers/STM32L4xx_HAL_Driver/Src/stm32l4xx_hal_pwr_ex.o
 .debug_rnglists
                0x00000d0d       0x74 ./Drivers/STM32L4xx_HAL_Driver/Src/stm32l4xx_hal_rcc.o
 .debug_rnglists
                0x00000d81       0xd4 ./Drivers/STM32L4xx_HAL_Driver/Src/stm32l4xx_hal_rcc_ex.o
 .debug_rnglists
                0x00000e55      0x178 ./Drivers/STM32L4xx_HAL_Driver/Src/stm32l4xx_hal_spi.o
 .debug_rnglists
                0x00000fcd      0x1fa ./Drivers/STM32L4xx_HAL_Driver/Src/stm32l4xx_hal_uart.o
 .debug_rnglists
                0x000011c7       0x7f ./Drivers/STM32L4xx_HAL_Driver/Src/stm32l4xx_hal_uart_ex.o

.debug_macro    0x00000000    0x2e55f
 .debug_macro   0x00000000      0x32c ./Core/Src/main.o
 .debug_macro   0x0000032c      0xab4 ./Core/Src/main.o
 .debug_macro   0x00000de0      0x1bf ./Core/Src/main.o
 .debug_macro   0x00000f9f       0x2e ./Core/Src/main.o
 .debug_macro   0x00000fcd       0x28 ./Core/Src/main.o
 .debug_macro   0x00000ff5       0x22 ./Core/Src/main.o
 .debug_macro   0x00001017       0x8e ./Core/Src/main.o
 .debug_macro   0x000010a5       0x51 ./Core/Src/main.o
 .debug_macro   0x000010f6      0x103 ./Core/Src/main.o
 .debug_macro   0x000011f9       0x6a ./Core/Src/main.o
 .debug_macro   0x00001263      0x1df ./Core/Src/main.o
 .debug_macro   0x00001442       0x1c ./Core/Src/main.o
 .debug_macro   0x0000145e       0x22 ./Core/Src/main.o
 .debug_macro   0x00001480       0xfb ./Core/Src/main.o
 .debug_macro   0x0000157b     0x1011 ./Core/Src/main.o
 .debug_macro   0x0000258c      0x11f ./Core/Src/main.o
 .debug_macro   0x000026ab    0x1d292 ./Core/Src/main.o
 .debug_macro   0x0001f93d       0x6d ./Core/Src/main.o
 .debug_macro   0x0001f9aa     0x3902 ./Core/Src/main.o
 .debug_macro   0x000232ac      0x189 ./Core/Src/main.o
 .debug_macro   0x00023435       0x5c ./Core/Src/main.o
 .debug_macro   0x00023491     0x1910 ./Core/Src/main.o
 .debug_macro   0x00024da1      0x7dc ./Core/Src/main.o
 .debug_macro   0x0002557d      0x1b9 ./Core/Src/main.o
 .debug_macro   0x00025736      0x225 ./Core/Src/main.o
 .debug_macro   0x0002595b      0x486 ./Core/Src/main.o
 .debug_macro   0x00025de1      0x1ce ./Core/Src/main.o
 .debug_macro   0x00025faf       0x43 ./Core/Src/main.o
 .debug_macro   0x00025ff2      0x1fb ./Core/Src/main.o
 .debug_macro   0x000261ed       0x10 ./Core/Src/main.o
 .debug_macro   0x000261fd       0xb3 ./Core/Src/main.o
 .debug_macro   0x000262b0      0x23d ./Core/Src/main.o
 .debug_macro   0x000264ed      0xe02 ./Core/Src/main.o
 .debug_macro   0x000272ef      0x624 ./Core/Src/main.o
 .debug_macro   0x00027913      0x24f ./Core/Src/main.o
 .debug_macro   0x00027b62      0x241 ./Core/Src/main.o
 .debug_macro   0x00027da3      0x416 ./Core/Src/main.o
 .debug_macro   0x000281b9       0x1c ./Core/Src/main.o
 .debug_macro   0x000281d5       0xf2 ./Core/Src/main.o
 .debug_macro   0x000282c7      0x22c ./Core/Src/main.o
 .debug_macro   0x000284f3       0x61 ./Core/Src/main.o
 .debug_macro   0x00028554       0xa5 ./Core/Src/main.o
 .debug_macro   0x000285f9      0x486 ./Core/Src/main.o
 .debug_macro   0x00028a7f      0x122 ./Core/Src/main.o
 .debug_macro   0x00028ba1      0x3f6 ./Core/Src/main.o
 .debug_macro   0x00028f97      0x2fe ./Core/Src/main.o
 .debug_macro   0x00029295      0x693 ./Core/Src/main.o
 .debug_macro   0x00029928       0xa6 ./Core/Src/main.o
 .debug_macro   0x000299ce      0x432 ./Core/Src/main.o
 .debug_macro   0x00029e00      0x44a ./Core/Src/main.o
 .debug_macro   0x0002a24a      0x1d5 ./Core/Src/main.o
 .debug_macro   0x0002a41f      0x15f ./Core/Src/main.o
 .debug_macro   0x0002a57e       0x61 ./Core/Src/main.o
 .debug_macro   0x0002a5df       0x2a ./Core/Src/main.o
 .debug_macro   0x0002a609       0x43 ./Core/Src/main.o
 .debug_macro   0x0002a64c       0x34 ./Core/Src/main.o
 .debug_macro   0x0002a680       0x16 ./Core/Src/main.o
 .debug_macro   0x0002a696       0x43 ./Core/Src/main.o
 .debug_macro   0x0002a6d9       0x34 ./Core/Src/main.o
 .debug_macro   0x0002a70d       0x10 ./Core/Src/main.o
 .debug_macro   0x0002a71d       0x58 ./Core/Src/main.o
 .debug_macro   0x0002a775       0x8e ./Core/Src/main.o
 .debug_macro   0x0002a803       0x1c ./Core/Src/main.o
 .debug_macro   0x0002a81f      0x177 ./Core/Src/main.o
 .debug_macro   0x0002a996      0x369 ./Core/Src/main.o
 .debug_macro   0x0002acff      0x19b ./Core/Src/main.o
 .debug_macro   0x0002ae9a      0x23d ./Core/Src/stm32l4xx_hal_msp.o
 .debug_macro   0x0002b0d7      0x247 ./Core/Src/stm32l4xx_it.o
 .debug_macro   0x0002b31e       0xff ./Core/Src/sysmem.o
 .debug_macro   0x0002b41d      0x23c ./Core/Src/sysmem.o
 .debug_macro   0x0002b659      0x22e ./Core/Src/system_stm32l4xx.o
 .debug_macro   0x0002b887      0x25b ./Drivers/BSP/B-L4S5I-IOT01/stm32l4s5i_iot01.o
 .debug_macro   0x0002bae2      0x1cf ./Drivers/BSP/B-L4S5I-IOT01/stm32l4s5i_iot01.o
 .debug_macro   0x0002bcb1      0x26a ./Drivers/BSP/B-L4S5I-IOT01/stm32l4s5i_iot01_hsensor.o
 .debug_macro   0x0002bf1b      0x26a ./Drivers/BSP/B-L4S5I-IOT01/stm32l4s5i_iot01_tsensor.o
 .debug_macro   0x0002c185       0x86 ./Drivers/BSP/Components/hts221/hts221.o
 .debug_macro   0x0002c20b      0x27c ./Drivers/STM32L4xx_HAL_Driver/Src/stm32l4xx_hal.o
 .debug_macro   0x0002c487      0x24b ./Drivers/STM32L4xx_HAL_Driver/Src/stm32l4xx_hal_adc.o
 .debug_macro   0x0002c6d2      0x22e ./Drivers/STM32L4xx_HAL_Driver/Src/stm32l4xx_hal_cortex.o
 .debug_macro   0x0002c900      0x252 ./Drivers/STM32L4xx_HAL_Driver/Src/stm32l4xx_hal_dfsdm.o
 .debug_macro   0x0002cb52      0x235 ./Drivers/STM32L4xx_HAL_Driver/Src/stm32l4xx_hal_gpio.o
 .debug_macro   0x0002cd87      0x2fa ./Drivers/STM32L4xx_HAL_Driver/Src/stm32l4xx_hal_i2c.o
 .debug_macro   0x0002d081      0x22e ./Drivers/STM32L4xx_HAL_Driver/Src/stm32l4xx_hal_i2c_ex.o
 .debug_macro   0x0002d2af      0x275 ./Drivers/STM32L4xx_HAL_Driver/Src/stm32l4xx_hal_ospi.o
 .debug_macro   0x0002d524      0x246 ./Drivers/STM32L4xx_HAL_Driver/Src/stm32l4xx_hal_pwr.o
 .debug_macro   0x0002d76a      0x258 ./Drivers/STM32L4xx_HAL_Driver/Src/stm32l4xx_hal_pwr_ex.o
 .debug_macro   0x0002d9c2      0x270 ./Drivers/STM32L4xx_HAL_Driver/Src/stm32l4xx_hal_rcc.o
 .debug_macro   0x0002dc32      0x264 ./Drivers/STM32L4xx_HAL_Driver/Src/stm32l4xx_hal_rcc_ex.o
 .debug_macro   0x0002de96      0x236 ./Drivers/STM32L4xx_HAL_Driver/Src/stm32l4xx_hal_spi.o
 .debug_macro   0x0002e0cc      0x259 ./Drivers/STM32L4xx_HAL_Driver/Src/stm32l4xx_hal_uart.o
 .debug_macro   0x0002e325      0x23a ./Drivers/STM32L4xx_HAL_Driver/Src/stm32l4xx_hal_uart_ex.o

.debug_line     0x00000000    0x1c996
 .debug_line    0x00000000     0x1034 ./Core/Src/main.o
 .debug_line    0x00001034      0xb6a ./Core/Src/stm32l4xx_hal_msp.o
 .debug_line    0x00001b9e      0x909 ./Core/Src/stm32l4xx_it.o
 .debug_line    0x000024a7      0x57f ./Core/Src/sysmem.o
 .debug_line    0x00002a26      0x8a9 ./Core/Src/system_stm32l4xx.o
 .debug_line    0x000032cf       0x7a ./Core/Startup/startup_stm32l4s5vitx.o
 .debug_line    0x00003349      0xcc6 ./Drivers/BSP/B-L4S5I-IOT01/stm32l4s5i_iot01.o
 .debug_line    0x0000400f      0x931 ./Drivers/BSP/B-L4S5I-IOT01/stm32l4s5i_iot01_hsensor.o
 .debug_line    0x00004940      0x910 ./Drivers/BSP/B-L4S5I-IOT01/stm32l4s5i_iot01_tsensor.o
 .debug_line    0x00005250      0x5c2 ./Drivers/BSP/Components/hts221/hts221.o
 .debug_line    0x00005812      0xc04 ./Drivers/STM32L4xx_HAL_Driver/Src/stm32l4xx_hal.o
 .debug_line    0x00006416     0x1de1 ./Drivers/STM32L4xx_HAL_Driver/Src/stm32l4xx_hal_adc.o
 .debug_line    0x000081f7      0xdcd ./Drivers/STM32L4xx_HAL_Driver/Src/stm32l4xx_hal_cortex.o
 .debug_line    0x00008fc4     0x1f99 ./Drivers/STM32L4xx_HAL_Driver/Src/stm32l4xx_hal_dfsdm.o
 .debug_line    0x0000af5d      0xc78 ./Drivers/STM32L4xx_HAL_Driver/Src/stm32l4xx_hal_gpio.o
 .debug_line    0x0000bbd5     0x3b37 ./Drivers/STM32L4xx_HAL_Driver/Src/stm32l4xx_hal_i2c.o
 .debug_line    0x0000f70c      0xa2c ./Drivers/STM32L4xx_HAL_Driver/Src/stm32l4xx_hal_i2c_ex.o
 .debug_line    0x00010138     0x1852 ./Drivers/STM32L4xx_HAL_Driver/Src/stm32l4xx_hal_ospi.o
 .debug_line    0x0001198a      0x9db ./Drivers/STM32L4xx_HAL_Driver/Src/stm32l4xx_hal_pwr.o
 .debug_line    0x00012365      0xe6b ./Drivers/STM32L4xx_HAL_Driver/Src/stm32l4xx_hal_pwr_ex.o
 .debug_line    0x000131d0     0x1155 ./Drivers/STM32L4xx_HAL_Driver/Src/stm32l4xx_hal_rcc.o
 .debug_line    0x00014325     0x1a66 ./Drivers/STM32L4xx_HAL_Driver/Src/stm32l4xx_hal_rcc_ex.o
 .debug_line    0x00015d8b     0x20da ./Drivers/STM32L4xx_HAL_Driver/Src/stm32l4xx_hal_spi.o
 .debug_line    0x00017e65     0x3cd4 ./Drivers/STM32L4xx_HAL_Driver/Src/stm32l4xx_hal_uart.o
 .debug_line    0x0001bb39      0xe5d ./Drivers/STM32L4xx_HAL_Driver/Src/stm32l4xx_hal_uart_ex.o

.debug_str      0x00000000   0x11e9e5
 .debug_str     0x00000000   0x117fc7 ./Core/Src/main.o
                             0x11881e (size before relaxing)
 .debug_str     0x00117fc7      0x148 ./Core/Src/stm32l4xx_hal_msp.o
                             0x113135 (size before relaxing)
 .debug_str     0x0011810f      0x10a ./Core/Src/stm32l4xx_it.o
                             0x111c93 (size before relaxing)
 .debug_str     0x00118219      0x4dc ./Core/Src/sysmem.o